194.58.107.23 - - [03/Oct/2020:01:37:33 +0000] "GET /js/jquery.fitvids.js HTTP/1.1" 200 2781 "http://testdgvff.dgsmsus.com/js/jquery.fitvids.js" "Virusdie crawler/3.0"
194.58.107.23 - - [03/Oct/2020:01:37:35 +0000] "GET /js/owl.carousel.min.js HTTP/1.1" 200 24308 "http://testdgvff.dgsmsus.com/js/owl.carousel.min.js" "Virusdie crawler/3.0"
194.58.107.23 - - [03/Oct/2020:01:37:42 +0000] "GET /js/isotope.pkgd.min.js HTTP/1.1" 200 35624 "http://testdgvff.dgsmsus.com/js/isotope.pkgd.min.js" "Virusdie crawler/3.0"
194.58.107.23 - - [03/Oct/2020:01:37:48 +0000] "GET /js/imagesloaded.pkgd.min.js HTTP/1.1" 200 6949 "http://testdgvff.dgsmsus.com/js/imagesloaded.pkgd.min.js" "Virusdie crawler/3.0"
114.119.133.12 - - [03/Oct/2020:01:58:11 +0000] "GET /system-requirements.php HTTP/1.1" 200 15652 "-" "Mozilla/5.0 (Linux; Android 7.0;) AppleWebKit/537.36 (KHTML, like Gecko) Mobile Safari/537.36 (compatible; PetalBot;+https://aspiegel.com/petalbot)"
114.119.145.56 - - [03/Oct/2020:02:04:50 +0000] "GET /gallery.php HTTP/1.1" 200 15205 "-" "Mozilla/5.0 (Linux; Android 7.0;) AppleWebKit/537.36 (KHTML, like Gecko) Mobile Safari/537.36 (compatible; PetalBot;+https://aspiegel.com/petalbot)"
114.119.133.12 - - [03/Oct/2020:02:11:36 +0000] "GET / HTTP/1.1" 200 21847 "-" "Mozilla/5.0 (Linux; Android 7.0;) AppleWebKit/537.36 (KHTML, like Gecko) Mobile Safari/537.36 (compatible; PetalBot;+https://aspiegel.com/petalbot)"
114.119.153.154 - - [03/Oct/2020:02:18:04 +0000] "GET /robots.txt HTTP/1.1" 404 208 "-" "(compatible;PetalBot;+https://aspiegel.com/petalbot)"
77.74.177.114 - - [03/Oct/2020:02:44:53 +0000] "GET / HTTP/1.1" 200 21847 "-" "Mozilla/5.0 (Windows NT 10.0; Win64; x64) AppleWebKit/537.36 (KHTML, like Gecko) Chrome/71.0.3578.98 Safari/537.36"
114.119.152.77 - - [03/Oct/2020:04:51:56 +0000] "GET / HTTP/1.1" 200 21847 "-" "Mozilla/5.0 (Linux; Android 7.0;) AppleWebKit/537.36 (KHTML, like Gecko) Mobile Safari/537.36 (compatible; PetalBot;+https://aspiegel.com/petalbot)"
114.119.145.56 - - [03/Oct/2020:04:58:17 +0000] "GET /french HTTP/1.1" 301 244 "-" "Mozilla/5.0 (Linux; Android 7.0;) AppleWebKit/537.36 (KHTML, like Gecko) Mobile Safari/537.36 (compatible; PetalBot;+https://aspiegel.com/petalbot)"
114.119.145.56 - - [03/Oct/2020:04:58:17 +0000] "GET /french/ HTTP/1.1" 200 22945 "-" "Mozilla/5.0 (Linux; Android 7.0;) AppleWebKit/537.36 (KHTML, like Gecko) Mobile Safari/537.36 (compatible; PetalBot;+https://aspiegel.com/petalbot)"
157.55.39.81 - - [03/Oct/2020:06:22:17 +0000] "GET /images/container3.jpg HTTP/1.1" 200 38989 "-" "Mozilla/5.0 (compatible; bingbot/2.0; +http://www.bing.com/bingbot.htm)"
114.119.145.19 - - [03/Oct/2020:08:23:31 +0000] "GET /french/what-is-saas.php HTTP/1.1" 200 15957 "-" "Mozilla/5.0 (Linux; Android 7.0;) AppleWebKit/537.36 (KHTML, like Gecko) Mobile Safari/537.36 (compatible; PetalBot;+https://aspiegel.com/petalbot)"
193.122.128.155 - - [03/Oct/2020:09:44:23 +0000] "GET /contact.php HTTP/1.1" 200 18812 "http://testdgvff.dgsmsus.com/contact.php" "Mozilla/5.0 (Windows NT 5.1) AppleWebKit/537.36 (KHTML, like Gecko) Chrome/33.0.1750.117 Safari/537.36"
114.119.146.15 - - [03/Oct/2020:09:46:27 +0000] "GET /checklist.php HTTP/1.1" 200 29623 "-" "Mozilla/5.0 (Linux; Android 7.0;) AppleWebKit/537.36 (KHTML, like Gecko) Mobile Safari/537.36 (compatible; PetalBot;+https://aspiegel.com/petalbot)"
114.119.145.19 - - [03/Oct/2020:11:55:29 +0000] "GET /french/privacy-policy.php HTTP/1.1" 200 21298 "-" "Mozilla/5.0 (Linux; Android 7.0;) AppleWebKit/537.36 (KHTML, like Gecko) Mobile Safari/537.36 (compatible; PetalBot;+https://aspiegel.com/petalbot)"
114.119.133.12 - - [03/Oct/2020:12:29:14 +0000] "GET /contact.php HTTP/1.1" 200 18812 "-" "Mozilla/5.0 (Linux; Android 7.0;) AppleWebKit/537.36 (KHTML, like Gecko) Mobile Safari/537.36 (compatible; PetalBot;+https://aspiegel.com/petalbot)"
114.119.129.4 - - [03/Oct/2020:12:53:17 +0000] "GET /french/about-us.php HTTP/1.1" 200 17218 "-" "Mozilla/5.0 (Linux; Android 7.0;) AppleWebKit/537.36 (KHTML, like Gecko) Mobile Safari/537.36 (compatible; PetalBot;+https://aspiegel.com/petalbot)"
184.178.172.8 - - [03/Oct/2020:14:02:49 +0000] "GET / HTTP/1.1" 200 21847 "-" "Mozilla/5.0 (Windows NT 6.1; rv:60.0) Gecko/20100101 Firefox/60.0"
114.119.152.77 - - [03/Oct/2020:17:13:45 +0000] "GET /licensing-terms.php HTTP/1.1" 200 19978 "-" "Mozilla/5.0 (Linux; Android 7.0;) AppleWebKit/537.36 (KHTML, like Gecko) Mobile Safari/537.36 (compatible; PetalBot;+https://aspiegel.com/petalbot)"
114.119.145.19 - - [03/Oct/2020:17:19:52 +0000] "GET /french/privacy-policy.php HTTP/1.1" 200 21298 "-" "Mozilla/5.0 (Linux; Android 7.0;) AppleWebKit/537.36 (KHTML, like Gecko) Mobile Safari/537.36 (compatible; PetalBot;+https://aspiegel.com/petalbot)"
114.119.152.77 - - [03/Oct/2020:17:32:04 +0000] "GET /french/about-us.php HTTP/1.1" 200 17218 "-" "Mozilla/5.0 (Linux; Android 7.0;) AppleWebKit/537.36 (KHTML, like Gecko) Mobile Safari/537.36 (compatible; PetalBot;+https://aspiegel.com/petalbot)"
207.46.13.142 - - [03/Oct/2020:17:35:07 +0000] "GET /checklist.php HTTP/1.1" 200 29623 "-" "Mozilla/5.0 (compatible; bingbot/2.0; +http://www.bing.com/bingbot.htm)"
157.55.39.86 - - [03/Oct/2020:17:35:18 +0000] "GET /css/dg-forms.css HTTP/1.1" 200 19713 "-" "Mozilla/5.0 (compatible; bingbot/2.0; +http://www.bing.com/bingbot.htm)"
157.55.39.86 - - [03/Oct/2020:17:35:18 +0000] "GET /css/font-awesome.css HTTP/1.1" 200 26671 "-" "Mozilla/5.0 (compatible; bingbot/2.0; +http://www.bing.com/bingbot.htm)"
157.55.39.86 - - [03/Oct/2020:17:35:18 +0000] "GET /js/jquery.simple-text-rotator.min.js HTTP/1.1" 200 3554 "-" "Mozilla/5.0 (compatible; bingbot/2.0; +http://www.bing.com/bingbot.htm)"
157.55.39.86 - - [03/Oct/2020:17:35:19 +0000] "GET /js/jquery.sticky.js HTTP/1.1" 200 5822 "-" "Mozilla/5.0 (compatible; bingbot/2.0; +http://www.bing.com/bingbot.htm)"
157.55.39.81 - - [03/Oct/2020:17:35:23 +0000] "GET /robots.txt HTTP/1.1" 404 208 "-" "Mozilla/5.0 (compatible; bingbot/2.0; +http://www.bing.com/bingbot.htm)"
157.55.39.81 - - [03/Oct/2020:17:35:23 +0000] "GET /robots.txt HTTP/1.1" 404 208 "-" "Mozilla/5.0 (compatible; bingbot/2.0; +http://www.bing.com/bingbot.htm)"
157.55.39.81 - - [03/Oct/2020:17:35:23 +0000] "GET /css/owl.carousel.css HTTP/1.1" 200 5968 "-" "Mozilla/5.0 (compatible; bingbot/2.0; +http://www.bing.com/bingbot.htm)"
157.55.39.81 - - [03/Oct/2020:17:35:24 +0000] "GET /css/style-responsive.css HTTP/1.1" 200 13844 "-" "Mozilla/5.0 (compatible; bingbot/2.0; +http://www.bing.com/bingbot.htm)"
157.55.39.81 - - [03/Oct/2020:17:35:24 +0000] "GET /css/style.css HTTP/1.1" 200 127753 "-" "Mozilla/5.0 (compatible; bingbot/2.0; +http://www.bing.com/bingbot.htm)"
157.55.39.81 - - [03/Oct/2020:17:35:24 +0000] "GET /js/all.js HTTP/1.1" 200 23952 "-" "Mozilla/5.0 (compatible; bingbot/2.0; +http://www.bing.com/bingbot.htm)"
157.55.39.81 - - [03/Oct/2020:17:35:24 +0000] "GET /js/bootstrap.min.js HTTP/1.1" 200 18770 "-" "Mozilla/5.0 (compatible; bingbot/2.0; +http://www.bing.com/bingbot.htm)"
157.55.39.81 - - [03/Oct/2020:17:35:24 +0000] "GET /js/isotope.pkgd.min.js HTTP/1.1" 200 35624 "-" "Mozilla/5.0 (compatible; bingbot/2.0; +http://www.bing.com/bingbot.htm)"
157.55.39.81 - - [03/Oct/2020:17:35:24 +0000] "GET /js/owl.carousel.min.js HTTP/1.1" 200 24308 "-" "Mozilla/5.0 (compatible; bingbot/2.0; +http://www.bing.com/bingbot.htm)"
207.46.13.153 - - [03/Oct/2020:17:36:38 +0000] "GET /css/dg-forms-red.css HTTP/1.1" 200 1134 "-" "Mozilla/5.0 (compatible; bingbot/2.0; +http://www.bing.com/bingbot.htm)"
207.46.13.153 - - [03/Oct/2020:17:36:38 +0000] "GET /js/jquery.parallax-1.1.3.js HTTP/1.1" 200 609 "-" "Mozilla/5.0 (compatible; bingbot/2.0; +http://www.bing.com/bingbot.htm)"
207.46.13.142 - - [03/Oct/2020:17:36:42 +0000] "GET /js/SmoothScroll.js HTTP/1.1" 200 13797 "-" "Mozilla/5.0 (compatible; bingbot/2.0; +http://www.bing.com/bingbot.htm)"
207.46.13.142 - - [03/Oct/2020:17:36:42 +0000] "GET /js/gmap3.min.js HTTP/1.1" 200 25225 "-" "Mozilla/5.0 (compatible; bingbot/2.0; +http://www.bing.com/bingbot.htm)"
207.46.13.142 - - [03/Oct/2020:17:36:43 +0000] "GET /js/imagesloaded.pkgd.min.js HTTP/1.1" 200 6949 "-" "Mozilla/5.0 (compatible; bingbot/2.0; +http://www.bing.com/bingbot.htm)"
207.46.13.217 - - [03/Oct/2020:17:36:47 +0000] "GET /css/animate.min.css HTTP/1.1" 200 53326 "-" "Mozilla/5.0 (compatible; bingbot/2.0; +http://www.bing.com/bingbot.htm)"
207.46.13.217 - - [03/Oct/2020:17:36:48 +0000] "GET /css/vertical-rhythm.min.css HTTP/1.1" 200 10623 "-" "Mozilla/5.0 (compatible; bingbot/2.0; +http://www.bing.com/bingbot.htm)"
207.46.13.217 - - [03/Oct/2020:17:36:48 +0000] "GET /images/contact-bg.jpg HTTP/1.1" 200 87609 "-" "Mozilla/5.0 (compatible; bingbot/2.0; +http://www.bing.com/bingbot.htm)"
207.46.13.217 - - [03/Oct/2020:17:36:48 +0000] "GET /images/ideabytes_innovation.png HTTP/1.1" 200 2566 "-" "Mozilla/5.0 (compatible; bingbot/2.0; +http://www.bing.com/bingbot.htm)"
207.46.13.217 - - [03/Oct/2020:17:36:48 +0000] "GET /js/contact-form.js HTTP/1.1" 200 2446 "-" "Mozilla/5.0 (compatible; bingbot/2.0; +http://www.bing.com/bingbot.htm)"
157.55.39.35 - - [03/Oct/2020:17:36:53 +0000] "GET /js/jquery.easing.1.3.js HTTP/1.1" 200 3436 "-" "Mozilla/5.0 (compatible; bingbot/2.0; +http://www.bing.com/bingbot.htm)"
157.55.39.35 - - [03/Oct/2020:17:36:53 +0000] "GET /js/jquery.viewport.mini.js HTTP/1.1" 200 1203 "-" "Mozilla/5.0 (compatible; bingbot/2.0; +http://www.bing.com/bingbot.htm)"
157.55.39.149 - - [03/Oct/2020:17:36:58 +0000] "GET /css/bootstrap.min.css HTTP/1.1" 200 117152 "-" "Mozilla/5.0 (compatible; bingbot/2.0; +http://www.bing.com/bingbot.htm)"
157.55.39.149 - - [03/Oct/2020:17:36:58 +0000] "GET /js/jquery-1.11.1.min.js HTTP/1.1" 200 95786 "-" "Mozilla/5.0 (compatible; bingbot/2.0; +http://www.bing.com/bingbot.htm)"
157.55.39.149 - - [03/Oct/2020:17:36:58 +0000] "GET /js/jquery.localScroll.min.js HTTP/1.1" 200 1488 "-" "Mozilla/5.0 (compatible; bingbot/2.0; +http://www.bing.com/bingbot.htm)"
157.55.39.149 - - [03/Oct/2020:17:36:58 +0000] "GET /js/jquery.magnific-popup.min.js HTTP/1.1" 200 20947 "-" "Mozilla/5.0 (compatible; bingbot/2.0; +http://www.bing.com/bingbot.htm)"
157.55.39.111 - - [03/Oct/2020:17:37:03 +0000] "GET /css/magnific-popup.css HTTP/1.1" 200 8471 "-" "Mozilla/5.0 (compatible; bingbot/2.0; +http://www.bing.com/bingbot.htm)"
157.55.39.111 - - [03/Oct/2020:17:37:03 +0000] "GET /js/wow.min.js HTTP/1.1" 200 7082 "-" "Mozilla/5.0 (compatible; bingbot/2.0; +http://www.bing.com/bingbot.htm)"
40.77.167.65 - - [03/Oct/2020:17:37:17 +0000] "GET /js/jquery.appear.js HTTP/1.1" 200 2208 "-" "Mozilla/5.0 (compatible; bingbot/2.0; +http://www.bing.com/bingbot.htm)"
40.77.167.65 - - [03/Oct/2020:17:37:17 +0000] "GET /js/masonry.pkgd.min.js HTTP/1.1" 200 26179 "-" "Mozilla/5.0 (compatible; bingbot/2.0; +http://www.bing.com/bingbot.htm)"
157.55.39.101 - - [03/Oct/2020:17:39:47 +0000] "GET /js/jquery.countTo.js HTTP/1.1" 200 949 "-" "Mozilla/5.0 (compatible; bingbot/2.0; +http://www.bing.com/bingbot.htm)"
157.55.39.101 - - [03/Oct/2020:17:39:47 +0000] "GET /js/jquery.fitvids.js HTTP/1.1" 200 2781 "-" "Mozilla/5.0 (compatible; bingbot/2.0; +http://www.bing.com/bingbot.htm)"
157.55.39.101 - - [03/Oct/2020:17:39:47 +0000] "GET /js/jquery.scrollTo.min.js HTTP/1.1" 200 2434 "-" "Mozilla/5.0 (compatible; bingbot/2.0; +http://www.bing.com/bingbot.htm)"
207.46.13.217 - - [03/Oct/2020:18:36:25 +0000] "GET /icons/fontawesome-webfont78ce.ttf?v=4.2.0 HTTP/1.1" 404 231 "-" "Mozilla/5.0 (compatible; bingbot/2.0; +http://www.bing.com/bingbot.htm)"
207.46.13.217 - - [03/Oct/2020:18:36:25 +0000] "GET /icons/fontawesome-webfont78ce.woff?v=4.2.0 HTTP/1.1" 404 232 "-" "Mozilla/5.0 (compatible; bingbot/2.0; +http://www.bing.com/bingbot.htm)"
157.55.39.111 - - [03/Oct/2020:18:36:35 +0000] "GET /css/et-line.css HTTP/1.1" 200 7071 "-" "Mozilla/5.0 (compatible; bingbot/2.0; +http://www.bing.com/bingbot.htm)"
40.77.167.30 - - [03/Oct/2020:18:36:45 +0000] "GET /images/49cfr-checklist.jpg HTTP/1.1" 200 104068 "-" "Mozilla/5.0 (compatible; bingbot/2.0; +http://www.bing.com/bingbot.htm)"
157.55.39.101 - - [03/Oct/2020:18:38:26 +0000] "GET /css/font-awesome.min.css HTTP/1.1" 200 22004 "-" "Mozilla/5.0 (compatible; bingbot/2.0; +http://www.bing.com/bingbot.htm)"
157.55.39.101 - - [03/Oct/2020:18:38:26 +0000] "GET /images/tdg-checklist.jpg HTTP/1.1" 200 138102 "-" "Mozilla/5.0 (compatible; bingbot/2.0; +http://www.bing.com/bingbot.htm)"
40.121.45.150 - - [03/Oct/2020:18:52:42 +0000] "GET /.env HTTP/1.1" 404 202 "-" "Mozilla/5.0 (X11; Linux x86_64) AppleWebKit/537.36 (KHTML, like Gecko) Chrome/81.0.4044.129 Safari/537.36"
40.121.45.150 - - [03/Oct/2020:18:52:43 +0000] "POST / HTTP/1.1" 200 21847 "-" "Mozilla/5.0 (X11; Linux x86_64) AppleWebKit/537.36 (KHTML, like Gecko) Chrome/81.0.4044.129 Safari/537.36"
40.121.45.150 - - [03/Oct/2020:18:52:57 +0000] "GET /.env HTTP/1.1" 404 202 "-" "Mozilla/5.0 (X11; Linux x86_64) AppleWebKit/537.36 (KHTML, like Gecko) Chrome/81.0.4044.129 Safari/537.36"
40.121.45.150 - - [03/Oct/2020:18:52:58 +0000] "POST / HTTP/1.1" 200 21847 "-" "Mozilla/5.0 (X11; Linux x86_64) AppleWebKit/537.36 (KHTML, like Gecko) Chrome/81.0.4044.129 Safari/537.36"
114.119.129.4 - - [03/Oct/2020:19:16:00 +0000] "GET /checklist.php HTTP/1.1" 200 29623 "-" "Mozilla/5.0 (Linux; Android 7.0;) AppleWebKit/537.36 (KHTML, like Gecko) Mobile Safari/537.36 (compatible; PetalBot;+https://aspiegel.com/petalbot)"
114.119.133.12 - - [03/Oct/2020:20:06:48 +0000] "GET /french/testmonials.php HTTP/1.1" 200 15971 "-" "Mozilla/5.0 (Linux; Android 7.0;) AppleWebKit/537.36 (KHTML, like Gecko) Mobile Safari/537.36 (compatible; PetalBot;+https://aspiegel.com/petalbot)"
40.121.45.150 - - [03/Oct/2020:20:46:09 +0000] "GET /.env HTTP/1.1" 404 202 "-" "Mozilla/5.0 (X11; Linux x86_64) AppleWebKit/537.36 (KHTML, like Gecko) Chrome/81.0.4044.129 Safari/537.36"
40.121.45.150 - - [03/Oct/2020:20:46:10 +0000] "POST / HTTP/1.1" 200 21847 "-" "Mozilla/5.0 (X11; Linux x86_64) AppleWebKit/537.36 (KHTML, like Gecko) Chrome/81.0.4044.129 Safari/537.36"
40.121.45.150 - - [03/Oct/2020:20:46:24 +0000] "GET /.env HTTP/1.1" 404 202 "-" "Mozilla/5.0 (X11; Linux x86_64) AppleWebKit/537.36 (KHTML, like Gecko) Chrome/81.0.4044.129 Safari/537.36"
40.121.45.150 - - [03/Oct/2020:20:46:25 +0000] "POST / HTTP/1.1" 200 21847 "-" "Mozilla/5.0 (X11; Linux x86_64) AppleWebKit/537.36 (KHTML, like Gecko) Chrome/81.0.4044.129 Safari/537.36"
114.119.152.77 - - [03/Oct/2020:21:12:22 +0000] "GET /system-requirements.php HTTP/1.1" 200 15652 "-" "Mozilla/5.0 (Linux; Android 7.0;) AppleWebKit/537.36 (KHTML, like Gecko) Mobile Safari/537.36 (compatible; PetalBot;+https://aspiegel.com/petalbot)"
216.244.66.242 - - [03/Oct/2020:21:16:10 +0000] "GET /robots.txt HTTP/1.1" 404 208 "-" "Mozilla/5.0 (compatible; DotBot/1.1; http://www.opensiteexplorer.org/dotbot, help@moz.com)"
216.244.66.242 - - [03/Oct/2020:21:35:52 +0000] "GET /testmonials.php HTTP/1.1" 200 21978 "-" "Mozilla/5.0 (compatible; DotBot/1.1; http://www.opensiteexplorer.org/dotbot, help@moz.com)"
114.119.145.19 - - [03/Oct/2020:22:05:12 +0000] "GET /french/licensing-terms.php HTTP/1.1" 200 20139 "-" "Mozilla/5.0 (Linux; Android 7.0;) AppleWebKit/537.36 (KHTML, like Gecko) Mobile Safari/537.36 (compatible; PetalBot;+https://aspiegel.com/petalbot)"
207.46.13.222 - - [03/Oct/2020:22:19:05 +0000] "GET /robots.txt HTTP/1.1" 404 208 "-" "Mozilla/5.0 (compatible; bingbot/2.0; +http://www.bing.com/bingbot.htm)"
157.55.39.151 - - [03/Oct/2020:22:19:25 +0000] "GET /images/tdg-checklist.jpg HTTP/1.1" 200 138102 "-" "Mozilla/5.0 (compatible; bingbot/2.0; +http://www.bing.com/bingbot.htm)"
114.119.145.56 - - [03/Oct/2020:22:46:17 +0000] "GET / HTTP/1.1" 200 21847 "-" "Mozilla/5.0 (Linux; Android 7.0;) AppleWebKit/537.36 (KHTML, like Gecko) Mobile Safari/537.36 (compatible; PetalBot;+https://aspiegel.com/petalbot)"
95.163.255.5 - - [03/Oct/2020:22:51:12 +0000] "GET /robots.txt HTTP/1.0" 404 208 "-" "Mozilla/5.0 (compatible; Linux x86_64; Mail.RU_Bot/2.0; +http://go.mail.ru/help/robots)"
95.163.255.3 - - [03/Oct/2020:22:51:14 +0000] "GET /privacy-policy.php HTTP/1.1" 200 20750 "-" "Mozilla/5.0 (compatible; Linux x86_64; Mail.RU_Bot/2.0; +http://go.mail.ru/help/robots)"
40.77.188.118 - - [03/Oct/2020:22:53:14 +0000] "GET /?lang=fr HTTP/1.1" 302 21847 "-" "Mozilla/5.0 (Windows NT 10.0; Win64; x64) AppleWebKit/537.36 (KHTML, like Gecko) Chrome/85.0.4183.121 Safari/537.36 Edg/85.0.564.63"
40.77.189.157 - - [03/Oct/2020:22:53:14 +0000] "GET /?lang=fr HTTP/1.1" 302 21847 "-" "Mozilla/5.0 (Windows NT 10.0; Win64; x64) AppleWebKit/537.36 (KHTML, like Gecko) Chrome/85.0.4183.121 Safari/537.36"
40.77.188.118 - - [03/Oct/2020:22:53:14 +0000] "GET /french/ HTTP/1.1" 200 22945 "-" "Mozilla/5.0 (Windows NT 10.0; Win64; x64) AppleWebKit/537.36 (KHTML, like Gecko) Chrome/85.0.4183.121 Safari/537.36 Edg/85.0.564.63"
40.77.189.157 - - [03/Oct/2020:22:53:14 +0000] "GET /french/ HTTP/1.1" 200 22945 "-" "Mozilla/5.0 (Windows NT 10.0; Win64; x64) AppleWebKit/537.36 (KHTML, like Gecko) Chrome/85.0.4183.121 Safari/537.36"
40.77.188.118 - - [03/Oct/2020:22:53:14 +0000] "GET /css/bootstrap.min.css HTTP/1.1" 200 117152 "http://testdgvff.dgsmsus.com/french/" "Mozilla/5.0 (Windows NT 10.0; Win64; x64) AppleWebKit/537.36 (KHTML, like Gecko) Chrome/85.0.4183.121 Safari/537.36 Edg/85.0.564.63"
40.77.188.118 - - [03/Oct/2020:22:53:14 +0000] "GET /css/style-responsive.css HTTP/1.1" 200 13844 "http://testdgvff.dgsmsus.com/french/" "Mozilla/5.0 (Windows NT 10.0; Win64; x64) AppleWebKit/537.36 (KHTML, like Gecko) Chrome/85.0.4183.121 Safari/537.36 Edg/85.0.564.63"
40.77.188.118 - - [03/Oct/2020:22:53:14 +0000] "GET /css/animate.min.css HTTP/1.1" 200 53326 "http://testdgvff.dgsmsus.com/french/" "Mozilla/5.0 (Windows NT 10.0; Win64; x64) AppleWebKit/537.36 (KHTML, like Gecko) Chrome/85.0.4183.121 Safari/537.36 Edg/85.0.564.63"
40.77.188.118 - - [03/Oct/2020:22:53:14 +0000] "GET /css/vertical-rhythm.min.css HTTP/1.1" 200 10623 "http://testdgvff.dgsmsus.com/french/" "Mozilla/5.0 (Windows NT 10.0; Win64; x64) AppleWebKit/537.36 (KHTML, like Gecko) Chrome/85.0.4183.121 Safari/537.36 Edg/85.0.564.63"
40.77.188.118 - - [03/Oct/2020:22:53:14 +0000] "GET /css/owl.carousel.css HTTP/1.1" 200 5968 "http://testdgvff.dgsmsus.com/french/" "Mozilla/5.0 (Windows NT 10.0; Win64; x64) AppleWebKit/537.36 (KHTML, like Gecko) Chrome/85.0.4183.121 Safari/537.36 Edg/85.0.564.63"
40.77.188.118 - - [03/Oct/2020:22:53:14 +0000] "GET /css/magnific-popup.css HTTP/1.1" 200 8471 "http://testdgvff.dgsmsus.com/french/" "Mozilla/5.0 (Windows NT 10.0; Win64; x64) AppleWebKit/537.36 (KHTML, like Gecko) Chrome/85.0.4183.121 Safari/537.36 Edg/85.0.564.63"
40.77.188.118 - - [03/Oct/2020:22:53:14 +0000] "GET /js/jquery.easing.1.3.js HTTP/1.1" 200 3436 "http://testdgvff.dgsmsus.com/french/" "Mozilla/5.0 (Windows NT 10.0; Win64; x64) AppleWebKit/537.36 (KHTML, like Gecko) Chrome/85.0.4183.121 Safari/537.36 Edg/85.0.564.63"
40.77.188.118 - - [03/Oct/2020:22:53:14 +0000] "GET /css/style.css HTTP/1.1" 200 127753 "http://testdgvff.dgsmsus.com/french/" "Mozilla/5.0 (Windows NT 10.0; Win64; x64) AppleWebKit/537.36 (KHTML, like Gecko) Chrome/85.0.4183.121 Safari/537.36 Edg/85.0.564.63"
40.77.189.157 - - [03/Oct/2020:22:53:14 +0000] "GET /css/bootstrap.min.css HTTP/1.1" 200 117152 "http://testdgvff.dgsmsus.com/french/" "Mozilla/5.0 (Windows NT 10.0; Win64; x64) AppleWebKit/537.36 (KHTML, like Gecko) Chrome/85.0.4183.121 Safari/537.36"
40.77.188.118 - - [03/Oct/2020:22:53:14 +0000] "GET /js/bootstrap.min.js HTTP/1.1" 200 18770 "http://testdgvff.dgsmsus.com/french/" "Mozilla/5.0 (Windows NT 10.0; Win64; x64) AppleWebKit/537.36 (KHTML, like Gecko) Chrome/85.0.4183.121 Safari/537.36 Edg/85.0.564.63"
40.77.188.118 - - [03/Oct/2020:22:53:14 +0000] "GET /js/SmoothScroll.js HTTP/1.1" 200 13797 "http://testdgvff.dgsmsus.com/french/" "Mozilla/5.0 (Windows NT 10.0; Win64; x64) AppleWebKit/537.36 (KHTML, like Gecko) Chrome/85.0.4183.121 Safari/537.36 Edg/85.0.564.63"
40.77.189.157 - - [03/Oct/2020:22:53:14 +0000] "GET /css/style-responsive.css HTTP/1.1" 200 13844 "http://testdgvff.dgsmsus.com/french/" "Mozilla/5.0 (Windows NT 10.0; Win64; x64) AppleWebKit/537.36 (KHTML, like Gecko) Chrome/85.0.4183.121 Safari/537.36"
40.77.189.157 - - [03/Oct/2020:22:53:14 +0000] "GET /css/animate.min.css HTTP/1.1" 200 53326 "http://testdgvff.dgsmsus.com/french/" "Mozilla/5.0 (Windows NT 10.0; Win64; x64) AppleWebKit/537.36 (KHTML, like Gecko) Chrome/85.0.4183.121 Safari/537.36"
40.77.188.118 - - [03/Oct/2020:22:53:14 +0000] "GET /js/jquery.localScroll.min.js HTTP/1.1" 200 1488 "http://testdgvff.dgsmsus.com/french/" "Mozilla/5.0 (Windows NT 10.0; Win64; x64) AppleWebKit/537.36 (KHTML, like Gecko) Chrome/85.0.4183.121 Safari/537.36 Edg/85.0.564.63"
40.77.188.118 - - [03/Oct/2020:22:53:14 +0000] "GET /js/jquery.min.js HTTP/1.1" 200 96380 "http://testdgvff.dgsmsus.com/french/" "Mozilla/5.0 (Windows NT 10.0; Win64; x64) AppleWebKit/537.36 (KHTML, like Gecko) Chrome/85.0.4183.121 Safari/537.36 Edg/85.0.564.63"
40.77.188.118 - - [03/Oct/2020:22:53:14 +0000] "GET /js/jquery.scrollTo.min.js HTTP/1.1" 200 2434 "http://testdgvff.dgsmsus.com/french/" "Mozilla/5.0 (Windows NT 10.0; Win64; x64) AppleWebKit/537.36 (KHTML, like Gecko) Chrome/85.0.4183.121 Safari/537.36 Edg/85.0.564.63"
40.77.188.118 - - [03/Oct/2020:22:53:14 +0000] "GET /js/jquery.viewport.mini.js HTTP/1.1" 200 1203 "http://testdgvff.dgsmsus.com/french/" "Mozilla/5.0 (Windows NT 10.0; Win64; x64) AppleWebKit/537.36 (KHTML, like Gecko) Chrome/85.0.4183.121 Safari/537.36 Edg/85.0.564.63"
40.77.188.118 - - [03/Oct/2020:22:53:14 +0000] "GET /js/jquery.countTo.js HTTP/1.1" 200 949 "http://testdgvff.dgsmsus.com/french/" "Mozilla/5.0 (Windows NT 10.0; Win64; x64) AppleWebKit/537.36 (KHTML, like Gecko) Chrome/85.0.4183.121 Safari/537.36 Edg/85.0.564.63"
40.77.188.118 - - [03/Oct/2020:22:53:14 +0000] "GET /js/jquery.sticky.js HTTP/1.1" 200 5822 "http://testdgvff.dgsmsus.com/french/" "Mozilla/5.0 (Windows NT 10.0; Win64; x64) AppleWebKit/537.36 (KHTML, like Gecko) Chrome/85.0.4183.121 Safari/537.36 Edg/85.0.564.63"
40.77.189.157 - - [03/Oct/2020:22:53:14 +0000] "GET /css/magnific-popup.css HTTP/1.1" 200 8471 "http://testdgvff.dgsmsus.com/french/" "Mozilla/5.0 (Windows NT 10.0; Win64; x64) AppleWebKit/537.36 (KHTML, like Gecko) Chrome/85.0.4183.121 Safari/537.36"
40.77.189.157 - - [03/Oct/2020:22:53:14 +0000] "GET /js/jquery.min.js HTTP/1.1" 200 96380 "http://testdgvff.dgsmsus.com/french/" "Mozilla/5.0 (Windows NT 10.0; Win64; x64) AppleWebKit/537.36 (KHTML, like Gecko) Chrome/85.0.4183.121 Safari/537.36"
40.77.188.118 - - [03/Oct/2020:22:53:14 +0000] "GET /js/jquery.appear.js HTTP/1.1" 200 2208 "http://testdgvff.dgsmsus.com/french/" "Mozilla/5.0 (Windows NT 10.0; Win64; x64) AppleWebKit/537.36 (KHTML, like Gecko) Chrome/85.0.4183.121 Safari/537.36 Edg/85.0.564.63"
40.77.188.118 - - [03/Oct/2020:22:53:14 +0000] "GET /css/font-awesome.min.css HTTP/1.1" 200 22004 "http://testdgvff.dgsmsus.com/french/" "Mozilla/5.0 (Windows NT 10.0; Win64; x64) AppleWebKit/537.36 (KHTML, like Gecko) Chrome/85.0.4183.121 Safari/537.36 Edg/85.0.564.63"
40.77.188.118 - - [03/Oct/2020:22:53:14 +0000] "GET /css/et-line.css HTTP/1.1" 200 7071 "http://testdgvff.dgsmsus.com/french/" "Mozilla/5.0 (Windows NT 10.0; Win64; x64) AppleWebKit/537.36 (KHTML, like Gecko) Chrome/85.0.4183.121 Safari/537.36 Edg/85.0.564.63"
40.77.188.118 - - [03/Oct/2020:22:53:14 +0000] "GET /js/jquery.parallax-1.1.3.js HTTP/1.1" 200 609 "http://testdgvff.dgsmsus.com/french/" "Mozilla/5.0 (Windows NT 10.0; Win64; x64) AppleWebKit/537.36 (KHTML, like Gecko) Chrome/85.0.4183.121 Safari/537.36 Edg/85.0.564.63"
40.77.189.157 - - [03/Oct/2020:22:53:14 +0000] "GET /css/style.css HTTP/1.1" 200 127753 "http://testdgvff.dgsmsus.com/french/" "Mozilla/5.0 (Windows NT 10.0; Win64; x64) AppleWebKit/537.36 (KHTML, like Gecko) Chrome/85.0.4183.121 Safari/537.36"
40.77.188.118 - - [03/Oct/2020:22:53:14 +0000] "GET /js/jquery.fitvids.js HTTP/1.1" 200 2781 "http://testdgvff.dgsmsus.com/french/" "Mozilla/5.0 (Windows NT 10.0; Win64; x64) AppleWebKit/537.36 (KHTML, like Gecko) Chrome/85.0.4183.121 Safari/537.36 Edg/85.0.564.63"
40.77.188.118 - - [03/Oct/2020:22:53:14 +0000] "GET /js/owl.carousel.min.js HTTP/1.1" 200 24308 "http://testdgvff.dgsmsus.com/french/" "Mozilla/5.0 (Windows NT 10.0; Win64; x64) AppleWebKit/537.36 (KHTML, like Gecko) Chrome/85.0.4183.121 Safari/537.36 Edg/85.0.564.63"
40.77.188.118 - - [03/Oct/2020:22:53:14 +0000] "GET /js/isotope.pkgd.min.js HTTP/1.1" 200 35624 "http://testdgvff.dgsmsus.com/french/" "Mozilla/5.0 (Windows NT 10.0; Win64; x64) AppleWebKit/537.36 (KHTML, like Gecko) Chrome/85.0.4183.121 Safari/537.36 Edg/85.0.564.63"
40.77.189.157 - - [03/Oct/2020:22:53:14 +0000] "GET /js/jquery.easing.1.3.js HTTP/1.1" 200 3436 "http://testdgvff.dgsmsus.com/french/" "Mozilla/5.0 (Windows NT 10.0; Win64; x64) AppleWebKit/537.36 (KHTML, like Gecko) Chrome/85.0.4183.121 Safari/537.36"
40.77.188.118 - - [03/Oct/2020:22:53:14 +0000] "GET /js/jquery.magnific-popup.min.js HTTP/1.1" 200 20947 "http://testdgvff.dgsmsus.com/french/" "Mozilla/5.0 (Windows NT 10.0; Win64; x64) AppleWebKit/537.36 (KHTML, like Gecko) Chrome/85.0.4183.121 Safari/537.36 Edg/85.0.564.63"
40.77.188.118 - - [03/Oct/2020:22:53:14 +0000] "GET /js/imagesloaded.pkgd.min.js HTTP/1.1" 200 6949 "http://testdgvff.dgsmsus.com/french/" "Mozilla/5.0 (Windows NT 10.0; Win64; x64) AppleWebKit/537.36 (KHTML, like Gecko) Chrome/85.0.4183.121 Safari/537.36 Edg/85.0.564.63"
40.77.188.118 - - [03/Oct/2020:22:53:14 +0000] "GET /js/wow.min.js HTTP/1.1" 200 7082 "http://testdgvff.dgsmsus.com/french/" "Mozilla/5.0 (Windows NT 10.0; Win64; x64) AppleWebKit/537.36 (KHTML, like Gecko) Chrome/85.0.4183.121 Safari/537.36 Edg/85.0.564.63"
40.77.189.157 - - [03/Oct/2020:22:53:14 +0000] "GET /js/bootstrap.min.js HTTP/1.1" 200 18770 "http://testdgvff.dgsmsus.com/french/" "Mozilla/5.0 (Windows NT 10.0; Win64; x64) AppleWebKit/537.36 (KHTML, like Gecko) Chrome/85.0.4183.121 Safari/537.36"
40.77.189.157 - - [03/Oct/2020:22:53:14 +0000] "GET /js/SmoothScroll.js HTTP/1.1" 200 13797 "http://testdgvff.dgsmsus.com/french/" "Mozilla/5.0 (Windows NT 10.0; Win64; x64) AppleWebKit/537.36 (KHTML, like Gecko) Chrome/85.0.4183.121 Safari/537.36"
40.77.188.118 - - [03/Oct/2020:22:53:14 +0000] "GET /js/jquery.simple-text-rotator.min.js HTTP/1.1" 200 3554 "http://testdgvff.dgsmsus.com/french/" "Mozilla/5.0 (Windows NT 10.0; Win64; x64) AppleWebKit/537.36 (KHTML, like Gecko) Chrome/85.0.4183.121 Safari/537.36 Edg/85.0.564.63"
40.77.189.157 - - [03/Oct/2020:22:53:14 +0000] "GET /js/jquery.scrollTo.min.js HTTP/1.1" 200 2434 "http://testdgvff.dgsmsus.com/french/" "Mozilla/5.0 (Windows NT 10.0; Win64; x64) AppleWebKit/537.36 (KHTML, like Gecko) Chrome/85.0.4183.121 Safari/537.36"
40.77.188.118 - - [03/Oct/2020:22:53:14 +0000] "GET /js/all.js HTTP/1.1" 200 23952 "http://testdgvff.dgsmsus.com/french/" "Mozilla/5.0 (Windows NT 10.0; Win64; x64) AppleWebKit/537.36 (KHTML, like Gecko) Chrome/85.0.4183.121 Safari/537.36 Edg/85.0.564.63"
40.77.189.157 - - [03/Oct/2020:22:53:14 +0000] "GET /js/jquery.localScroll.min.js HTTP/1.1" 200 1488 "http://testdgvff.dgsmsus.com/french/" "Mozilla/5.0 (Windows NT 10.0; Win64; x64) AppleWebKit/537.36 (KHTML, like Gecko) Chrome/85.0.4183.121 Safari/537.36"
40.77.189.157 - - [03/Oct/2020:22:53:14 +0000] "GET /js/jquery.countTo.js HTTP/1.1" 200 949 "http://testdgvff.dgsmsus.com/french/" "Mozilla/5.0 (Windows NT 10.0; Win64; x64) AppleWebKit/537.36 (KHTML, like Gecko) Chrome/85.0.4183.121 Safari/537.36"
40.77.189.157 - - [03/Oct/2020:22:53:14 +0000] "GET /js/jquery.viewport.mini.js HTTP/1.1" 200 1203 "http://testdgvff.dgsmsus.com/french/" "Mozilla/5.0 (Windows NT 10.0; Win64; x64) AppleWebKit/537.36 (KHTML, like Gecko) Chrome/85.0.4183.121 Safari/537.36"
40.77.189.157 - - [03/Oct/2020:22:53:14 +0000] "GET /css/vertical-rhythm.min.css HTTP/1.1" 200 10623 "http://testdgvff.dgsmsus.com/french/" "Mozilla/5.0 (Windows NT 10.0; Win64; x64) AppleWebKit/537.36 (KHTML, like Gecko) Chrome/85.0.4183.121 Safari/537.36"
40.77.189.157 - - [03/Oct/2020:22:53:14 +0000] "GET /css/font-awesome.min.css HTTP/1.1" 200 22004 "http://testdgvff.dgsmsus.com/french/" "Mozilla/5.0 (Windows NT 10.0; Win64; x64) AppleWebKit/537.36 (KHTML, like Gecko) Chrome/85.0.4183.121 Safari/537.36"
40.77.189.157 - - [03/Oct/2020:22:53:14 +0000] "GET /css/et-line.css HTTP/1.1" 200 7071 "http://testdgvff.dgsmsus.com/french/" "Mozilla/5.0 (Windows NT 10.0; Win64; x64) AppleWebKit/537.36 (KHTML, like Gecko) Chrome/85.0.4183.121 Safari/537.36"
40.77.189.157 - - [03/Oct/2020:22:53:14 +0000] "GET /js/jquery.appear.js HTTP/1.1" 200 2208 "http://testdgvff.dgsmsus.com/french/" "Mozilla/5.0 (Windows NT 10.0; Win64; x64) AppleWebKit/537.36 (KHTML, like Gecko) Chrome/85.0.4183.121 Safari/537.36"
40.77.189.157 - - [03/Oct/2020:22:53:15 +0000] "GET /js/jquery.sticky.js HTTP/1.1" 200 5822 "http://testdgvff.dgsmsus.com/french/" "Mozilla/5.0 (Windows NT 10.0; Win64; x64) AppleWebKit/537.36 (KHTML, like Gecko) Chrome/85.0.4183.121 Safari/537.36"
40.77.189.157 - - [03/Oct/2020:22:53:15 +0000] "GET /js/jquery.parallax-1.1.3.js HTTP/1.1" 200 609 "http://testdgvff.dgsmsus.com/french/" "Mozilla/5.0 (Windows NT 10.0; Win64; x64) AppleWebKit/537.36 (KHTML, like Gecko) Chrome/85.0.4183.121 Safari/537.36"
40.77.189.157 - - [03/Oct/2020:22:53:15 +0000] "GET /js/jquery.fitvids.js HTTP/1.1" 200 2781 "http://testdgvff.dgsmsus.com/french/" "Mozilla/5.0 (Windows NT 10.0; Win64; x64) AppleWebKit/537.36 (KHTML, like Gecko) Chrome/85.0.4183.121 Safari/537.36"
40.77.189.157 - - [03/Oct/2020:22:53:15 +0000] "GET /js/owl.carousel.min.js HTTP/1.1" 200 24308 "http://testdgvff.dgsmsus.com/french/" "Mozilla/5.0 (Windows NT 10.0; Win64; x64) AppleWebKit/537.36 (KHTML, like Gecko) Chrome/85.0.4183.121 Safari/537.36"
40.77.189.157 - - [03/Oct/2020:22:53:15 +0000] "GET /js/isotope.pkgd.min.js HTTP/1.1" 200 35624 "http://testdgvff.dgsmsus.com/french/" "Mozilla/5.0 (Windows NT 10.0; Win64; x64) AppleWebKit/537.36 (KHTML, like Gecko) Chrome/85.0.4183.121 Safari/537.36"
40.77.189.157 - - [03/Oct/2020:22:53:15 +0000] "GET /js/imagesloaded.pkgd.min.js HTTP/1.1" 200 6949 "http://testdgvff.dgsmsus.com/french/" "Mozilla/5.0 (Windows NT 10.0; Win64; x64) AppleWebKit/537.36 (KHTML, like Gecko) Chrome/85.0.4183.121 Safari/537.36"
40.77.189.157 - - [03/Oct/2020:22:53:15 +0000] "GET /js/wow.min.js HTTP/1.1" 200 7082 "http://testdgvff.dgsmsus.com/french/" "Mozilla/5.0 (Windows NT 10.0; Win64; x64) AppleWebKit/537.36 (KHTML, like Gecko) Chrome/85.0.4183.121 Safari/537.36"
40.77.189.157 - - [03/Oct/2020:22:53:15 +0000] "GET /js/jquery.simple-text-rotator.min.js HTTP/1.1" 200 3554 "http://testdgvff.dgsmsus.com/french/" "Mozilla/5.0 (Windows NT 10.0; Win64; x64) AppleWebKit/537.36 (KHTML, like Gecko) Chrome/85.0.4183.121 Safari/537.36"
40.77.188.118 - - [03/Oct/2020:22:53:15 +0000] "GET /fonts/fontawesome-webfont78ce.woff?v=4.2.0 HTTP/1.1" 200 65452 "http://testdgvff.dgsmsus.com/css/font-awesome.min.css" "Mozilla/5.0 (Windows NT 10.0; Win64; x64) AppleWebKit/537.36 (KHTML, like Gecko) Chrome/85.0.4183.121 Safari/537.36 Edg/85.0.564.63"
40.77.189.157 - - [03/Oct/2020:22:53:15 +0000] "GET /js/all.js HTTP/1.1" 200 23952 "http://testdgvff.dgsmsus.com/french/" "Mozilla/5.0 (Windows NT 10.0; Win64; x64) AppleWebKit/537.36 (KHTML, like Gecko) Chrome/85.0.4183.121 Safari/537.36"
40.77.189.157 - - [03/Oct/2020:22:53:15 +0000] "GET /js/jquery.magnific-popup.min.js HTTP/1.1" 200 20947 "http://testdgvff.dgsmsus.com/french/" "Mozilla/5.0 (Windows NT 10.0; Win64; x64) AppleWebKit/537.36 (KHTML, like Gecko) Chrome/85.0.4183.121 Safari/537.36"
40.77.189.157 - - [03/Oct/2020:22:53:15 +0000] "GET /css/owl.carousel.css HTTP/1.1" 200 5968 "http://testdgvff.dgsmsus.com/french/" "Mozilla/5.0 (Windows NT 10.0; Win64; x64) AppleWebKit/537.36 (KHTML, like Gecko) Chrome/85.0.4183.121 Safari/537.36"
40.77.189.157 - - [03/Oct/2020:22:53:16 +0000] "GET /fonts/fontawesome-webfont78ce.woff?v=4.2.0 HTTP/1.1" 200 65452 "http://testdgvff.dgsmsus.com/css/font-awesome.min.css" "Mozilla/5.0 (Windows NT 10.0; Win64; x64) AppleWebKit/537.36 (KHTML, like Gecko) Chrome/85.0.4183.121 Safari/537.36"
114.119.146.212 - - [03/Oct/2020:23:58:50 +0000] "GET /robots.txt HTTP/1.1" 404 208 "-" "(compatible;PetalBot;+http://aspiegel.com/petalbot)"
114.119.129.4 - - [04/Oct/2020:01:22:04 +0000] "GET /membership-distributor.php HTTP/1.1" 200 18794 "-" "Mozilla/5.0 (Linux; Android 7.0;) AppleWebKit/537.36 (KHTML, like Gecko) Mobile Safari/537.36 (compatible; PetalBot;+https://aspiegel.com/petalbot)"
114.119.133.12 - - [04/Oct/2020:01:36:53 +0000] "GET /french/what-is-saas.php HTTP/1.1" 200 15957 "-" "Mozilla/5.0 (Linux; Android 7.0;) AppleWebKit/537.36 (KHTML, like Gecko) Mobile Safari/537.36 (compatible; PetalBot;+https://aspiegel.com/petalbot)"
194.58.107.23 - - [04/Oct/2020:01:41:46 +0000] "GET / HTTP/1.1" 200 21847 "-" "Virusdie crawler/3.0"
194.58.107.23 - - [04/Oct/2020:01:41:53 +0000] "GET /checklist.php HTTP/1.1" 200 29623 "http://testdgvff.dgsmsus.com/checklist.php" "Virusdie crawler/3.0"
194.58.107.23 - - [04/Oct/2020:01:42:09 +0000] "GET /about-us.php HTTP/1.1" 200 17633 "http://testdgvff.dgsmsus.com/about-us.php" "Virusdie crawler/3.0"
194.58.107.23 - - [04/Oct/2020:01:42:15 +0000] "GET /membership-distributor.php HTTP/1.1" 200 18794 "http://testdgvff.dgsmsus.com/membership-distributor.php" "Virusdie crawler/3.0"
194.58.107.23 - - [04/Oct/2020:01:42:22 +0000] "GET /white-papers.php HTTP/1.1" 200 18782 "http://testdgvff.dgsmsus.com/white-papers.php" "Virusdie crawler/3.0"
194.58.107.23 - - [04/Oct/2020:01:42:33 +0000] "GET /what-is-saas.php HTTP/1.1" 200 16565 "http://testdgvff.dgsmsus.com/what-is-saas.php" "Virusdie crawler/3.0"
194.58.107.23 - - [04/Oct/2020:01:42:40 +0000] "GET /licensing-terms.php HTTP/1.1" 200 19978 "http://testdgvff.dgsmsus.com/licensing-terms.php" "Virusdie crawler/3.0"
194.58.107.23 - - [04/Oct/2020:01:42:48 +0000] "GET /system-requirements.php HTTP/1.1" 200 15652 "http://testdgvff.dgsmsus.com/system-requirements.php" "Virusdie crawler/3.0"
194.58.107.23 - - [04/Oct/2020:01:42:57 +0000] "GET /privacy-policy.php HTTP/1.1" 200 20750 "http://testdgvff.dgsmsus.com/privacy-policy.php" "Virusdie crawler/3.0"
194.58.107.23 - - [04/Oct/2020:01:43:05 +0000] "GET /gallery.php HTTP/1.1" 200 15205 "http://testdgvff.dgsmsus.com/gallery.php" "Virusdie crawler/3.0"
194.58.107.23 - - [04/Oct/2020:01:43:11 +0000] "GET /testmonials.php HTTP/1.1" 200 21978 "http://testdgvff.dgsmsus.com/testmonials.php" "Virusdie crawler/3.0"
194.58.107.23 - - [04/Oct/2020:01:43:18 +0000] "GET /js/jquery-1.11.1.min.js HTTP/1.1" 200 95786 "http://testdgvff.dgsmsus.com/js/jquery-1.11.1.min.js" "Virusdie crawler/3.0"
194.58.107.23 - - [04/Oct/2020:01:43:53 +0000] "GET /js/jquery.easing.1.3.js HTTP/1.1" 200 3436 "http://testdgvff.dgsmsus.com/js/jquery.easing.1.3.js" "Virusdie crawler/3.0"
194.58.107.23 - - [04/Oct/2020:01:43:54 +0000] "GET /js/bootstrap.min.js HTTP/1.1" 200 18770 "http://testdgvff.dgsmsus.com/js/bootstrap.min.js" "Virusdie crawler/3.0"
194.58.107.23 - - [04/Oct/2020:01:44:00 +0000] "GET /js/SmoothScroll.js HTTP/1.1" 200 13797 "http://testdgvff.dgsmsus.com/js/SmoothScroll.js" "Virusdie crawler/3.0"
194.58.107.23 - - [04/Oct/2020:01:44:05 +0000] "GET /js/jquery.scrollTo.min.js HTTP/1.1" 200 2434 "http://testdgvff.dgsmsus.com/js/jquery.scrollTo.min.js" "Virusdie crawler/3.0"
194.58.107.23 - - [04/Oct/2020:01:44:07 +0000] "GET /js/jquery.localScroll.min.js HTTP/1.1" 200 1488 "http://testdgvff.dgsmsus.com/js/jquery.localScroll.min.js" "Virusdie crawler/3.0"
194.58.107.23 - - [04/Oct/2020:01:44:09 +0000] "GET /js/jquery.viewport.mini.js HTTP/1.1" 200 1203 "http://testdgvff.dgsmsus.com/js/jquery.viewport.mini.js" "Virusdie crawler/3.0"
194.58.107.23 - - [04/Oct/2020:01:44:11 +0000] "GET /js/jquery.countTo.js HTTP/1.1" 200 949 "http://testdgvff.dgsmsus.com/js/jquery.countTo.js" "Virusdie crawler/3.0"
194.58.107.23 - - [04/Oct/2020:01:44:13 +0000] "GET /js/jquery.appear.js HTTP/1.1" 200 2208 "http://testdgvff.dgsmsus.com/js/jquery.appear.js" "Virusdie crawler/3.0"
194.58.107.23 - - [04/Oct/2020:01:44:15 +0000] "GET /js/jquery.sticky.js HTTP/1.1" 200 5822 "http://testdgvff.dgsmsus.com/js/jquery.sticky.js" "Virusdie crawler/3.0"
194.58.107.23 - - [04/Oct/2020:01:44:18 +0000] "GET /js/jquery.parallax-1.1.3.js HTTP/1.1" 200 609 "http://testdgvff.dgsmsus.com/js/jquery.parallax-1.1.3.js" "Virusdie crawler/3.0"
194.58.107.23 - - [04/Oct/2020:01:44:19 +0000] "GET /js/jquery.fitvids.js HTTP/1.1" 200 2781 "http://testdgvff.dgsmsus.com/js/jquery.fitvids.js" "Virusdie crawler/3.0"
194.58.107.23 - - [04/Oct/2020:01:44:21 +0000] "GET /js/owl.carousel.min.js HTTP/1.1" 200 24308 "http://testdgvff.dgsmsus.com/js/owl.carousel.min.js" "Virusdie crawler/3.0"
194.58.107.23 - - [04/Oct/2020:01:44:28 +0000] "GET /js/isotope.pkgd.min.js HTTP/1.1" 200 35624 "http://testdgvff.dgsmsus.com/js/isotope.pkgd.min.js" "Virusdie crawler/3.0"
194.58.107.23 - - [04/Oct/2020:01:44:36 +0000] "GET /js/imagesloaded.pkgd.min.js HTTP/1.1" 200 6949 "http://testdgvff.dgsmsus.com/js/imagesloaded.pkgd.min.js" "Virusdie crawler/3.0"
157.55.39.151 - - [04/Oct/2020:05:39:53 +0000] "GET /french/images/container3.jpg HTTP/1.1" 200 38989 "-" "Mozilla/5.0 (compatible; bingbot/2.0; +http://www.bing.com/bingbot.htm)"
114.119.133.12 - - [04/Oct/2020:06:36:55 +0000] "GET /contact.php HTTP/1.1" 200 18812 "-" "Mozilla/5.0 (Linux; Android 7.0;) AppleWebKit/537.36 (KHTML, like Gecko) Mobile Safari/537.36 (compatible; PetalBot;+https://aspiegel.com/petalbot)"
114.119.146.15 - - [04/Oct/2020:07:36:55 +0000] "GET /french/membership-distributor.php HTTP/1.1" 200 17831 "-" "Mozilla/5.0 (Linux; Android 7.0;) AppleWebKit/537.36 (KHTML, like Gecko) Mobile Safari/537.36 (compatible; PetalBot;+https://aspiegel.com/petalbot)"
114.119.146.15 - - [04/Oct/2020:09:53:09 +0000] "GET /french/gallery.php HTTP/1.1" 200 14307 "-" "Mozilla/5.0 (Linux; Android 7.0;) AppleWebKit/537.36 (KHTML, like Gecko) Mobile Safari/537.36 (compatible; PetalBot;+https://aspiegel.com/petalbot)"
204.101.161.19 - - [04/Oct/2020:12:15:52 +0000] "GET / HTTP/1.1" 200 21847 "-" "Mozilla/5.0 (compatible; MSIE 6.0; Windows NT 5.1; SV1; .NET CLR 1.1.4325)"
204.101.161.19 - - [04/Oct/2020:12:15:52 +0000] "GET /css/style-responsive.css HTTP/1.1" 200 13844 "http://testdgvff.dgsmsus.com/" "Mozilla/5.0 (compatible; MSIE 6.0; Windows NT 5.1; SV1; .NET CLR 1.1.4325)"
204.101.161.19 - - [04/Oct/2020:12:15:52 +0000] "GET /css/vertical-rhythm.min.css HTTP/1.1" 200 10623 "http://testdgvff.dgsmsus.com/" "Mozilla/5.0 (compatible; MSIE 6.0; Windows NT 5.1; SV1; .NET CLR 1.1.4325)"
204.101.161.19 - - [04/Oct/2020:12:15:52 +0000] "GET /css/animate.min.css HTTP/1.1" 200 53326 "http://testdgvff.dgsmsus.com/" "Mozilla/5.0 (compatible; MSIE 6.0; Windows NT 5.1; SV1; .NET CLR 1.1.4325)"
204.101.161.19 - - [04/Oct/2020:12:15:52 +0000] "GET /css/owl.carousel.css HTTP/1.1" 200 5968 "http://testdgvff.dgsmsus.com/" "Mozilla/5.0 (compatible; MSIE 6.0; Windows NT 5.1; SV1; .NET CLR 1.1.4325)"
204.101.161.19 - - [04/Oct/2020:12:15:52 +0000] "GET /css/bootstrap.min.css HTTP/1.1" 200 117152 "http://testdgvff.dgsmsus.com/" "Mozilla/5.0 (compatible; MSIE 6.0; Windows NT 5.1; SV1; .NET CLR 1.1.4325)"
204.101.161.19 - - [04/Oct/2020:12:15:52 +0000] "GET /css/style.css HTTP/1.1" 200 127753 "http://testdgvff.dgsmsus.com/" "Mozilla/5.0 (compatible; MSIE 6.0; Windows NT 5.1; SV1; .NET CLR 1.1.4325)"
204.101.161.19 - - [04/Oct/2020:12:15:52 +0000] "GET /css/magnific-popup.css HTTP/1.1" 200 8471 "http://testdgvff.dgsmsus.com/" "Mozilla/5.0 (compatible; MSIE 6.0; Windows NT 5.1; SV1; .NET CLR 1.1.4325)"
204.101.161.19 - - [04/Oct/2020:12:15:52 +0000] "GET /js/jquery.easing.1.3.js HTTP/1.1" 200 3436 "http://testdgvff.dgsmsus.com/" "Mozilla/5.0 (compatible; MSIE 6.0; Windows NT 5.1; SV1; .NET CLR 1.1.4325)"
204.101.161.19 - - [04/Oct/2020:12:15:52 +0000] "GET /js/jquery-1.11.1.min.js HTTP/1.1" 200 95786 "http://testdgvff.dgsmsus.com/" "Mozilla/5.0 (compatible; MSIE 6.0; Windows NT 5.1; SV1; .NET CLR 1.1.4325)"
204.101.161.19 - - [04/Oct/2020:12:15:52 +0000] "GET /js/SmoothScroll.js HTTP/1.1" 200 13797 "http://testdgvff.dgsmsus.com/" "Mozilla/5.0 (compatible; MSIE 6.0; Windows NT 5.1; SV1; .NET CLR 1.1.4325)"
204.101.161.19 - - [04/Oct/2020:12:15:52 +0000] "GET /js/bootstrap.min.js HTTP/1.1" 200 18770 "http://testdgvff.dgsmsus.com/" "Mozilla/5.0 (compatible; MSIE 6.0; Windows NT 5.1; SV1; .NET CLR 1.1.4325)"
204.101.161.19 - - [04/Oct/2020:12:15:52 +0000] "GET /js/jquery.scrollTo.min.js HTTP/1.1" 200 2434 "http://testdgvff.dgsmsus.com/" "Mozilla/5.0 (compatible; MSIE 6.0; Windows NT 5.1; SV1; .NET CLR 1.1.4325)"
204.101.161.19 - - [04/Oct/2020:12:15:52 +0000] "GET /js/jquery.localScroll.min.js HTTP/1.1" 200 1488 "http://testdgvff.dgsmsus.com/" "Mozilla/5.0 (compatible; MSIE 6.0; Windows NT 5.1; SV1; .NET CLR 1.1.4325)"
204.101.161.19 - - [04/Oct/2020:12:15:52 +0000] "GET /js/jquery.countTo.js HTTP/1.1" 200 949 "http://testdgvff.dgsmsus.com/" "Mozilla/5.0 (compatible; MSIE 6.0; Windows NT 5.1; SV1; .NET CLR 1.1.4325)"
204.101.161.19 - - [04/Oct/2020:12:15:52 +0000] "GET /js/jquery.viewport.mini.js HTTP/1.1" 200 1203 "http://testdgvff.dgsmsus.com/" "Mozilla/5.0 (compatible; MSIE 6.0; Windows NT 5.1; SV1; .NET CLR 1.1.4325)"
204.101.161.19 - - [04/Oct/2020:12:15:52 +0000] "GET /js/jquery.appear.js HTTP/1.1" 200 2208 "http://testdgvff.dgsmsus.com/" "Mozilla/5.0 (compatible; MSIE 6.0; Windows NT 5.1; SV1; .NET CLR 1.1.4325)"
204.101.161.19 - - [04/Oct/2020:12:15:52 +0000] "GET /js/jquery.sticky.js HTTP/1.1" 200 5822 "http://testdgvff.dgsmsus.com/" "Mozilla/5.0 (compatible; MSIE 6.0; Windows NT 5.1; SV1; .NET CLR 1.1.4325)"
204.101.161.19 - - [04/Oct/2020:12:15:52 +0000] "GET /css/font-awesome.min.css HTTP/1.1" 200 22004 "http://testdgvff.dgsmsus.com/" "Mozilla/5.0 (compatible; MSIE 6.0; Windows NT 5.1; SV1; .NET CLR 1.1.4325)"
204.101.161.19 - - [04/Oct/2020:12:15:52 +0000] "GET /css/et-line.css HTTP/1.1" 200 7071 "http://testdgvff.dgsmsus.com/" "Mozilla/5.0 (compatible; MSIE 6.0; Windows NT 5.1; SV1; .NET CLR 1.1.4325)"
204.101.161.19 - - [04/Oct/2020:12:15:52 +0000] "GET /js/jquery.parallax-1.1.3.js HTTP/1.1" 200 609 "http://testdgvff.dgsmsus.com/" "Mozilla/5.0 (compatible; MSIE 6.0; Windows NT 5.1; SV1; .NET CLR 1.1.4325)"
204.101.161.19 - - [04/Oct/2020:12:15:52 +0000] "GET /js/jquery.fitvids.js HTTP/1.1" 200 2781 "http://testdgvff.dgsmsus.com/" "Mozilla/5.0 (compatible; MSIE 6.0; Windows NT 5.1; SV1; .NET CLR 1.1.4325)"
204.101.161.19 - - [04/Oct/2020:12:15:52 +0000] "GET /js/owl.carousel.min.js HTTP/1.1" 200 24308 "http://testdgvff.dgsmsus.com/" "Mozilla/5.0 (compatible; MSIE 6.0; Windows NT 5.1; SV1; .NET CLR 1.1.4325)"
204.101.161.19 - - [04/Oct/2020:12:15:52 +0000] "GET /js/isotope.pkgd.min.js HTTP/1.1" 200 35624 "http://testdgvff.dgsmsus.com/" "Mozilla/5.0 (compatible; MSIE 6.0; Windows NT 5.1; SV1; .NET CLR 1.1.4325)"
204.101.161.19 - - [04/Oct/2020:12:15:52 +0000] "GET /js/imagesloaded.pkgd.min.js HTTP/1.1" 200 6949 "http://testdgvff.dgsmsus.com/" "Mozilla/5.0 (compatible; MSIE 6.0; Windows NT 5.1; SV1; .NET CLR 1.1.4325)"
204.101.161.19 - - [04/Oct/2020:12:15:52 +0000] "GET /js/jquery.magnific-popup.min.js HTTP/1.1" 200 20947 "http://testdgvff.dgsmsus.com/" "Mozilla/5.0 (compatible; MSIE 6.0; Windows NT 5.1; SV1; .NET CLR 1.1.4325)"
204.101.161.19 - - [04/Oct/2020:12:15:52 +0000] "GET /js/wow.min.js HTTP/1.1" 200 7082 "http://testdgvff.dgsmsus.com/" "Mozilla/5.0 (compatible; MSIE 6.0; Windows NT 5.1; SV1; .NET CLR 1.1.4325)"
204.101.161.19 - - [04/Oct/2020:12:15:52 +0000] "GET /js/gmap3.min.js HTTP/1.1" 200 25225 "http://testdgvff.dgsmsus.com/" "Mozilla/5.0 (compatible; MSIE 6.0; Windows NT 5.1; SV1; .NET CLR 1.1.4325)"
204.101.161.19 - - [04/Oct/2020:12:15:52 +0000] "GET /js/masonry.pkgd.min.js HTTP/1.1" 200 26179 "http://testdgvff.dgsmsus.com/" "Mozilla/5.0 (compatible; MSIE 6.0; Windows NT 5.1; SV1; .NET CLR 1.1.4325)"
204.101.161.19 - - [04/Oct/2020:12:15:52 +0000] "GET /js/jquery.simple-text-rotator.min.js HTTP/1.1" 200 3554 "http://testdgvff.dgsmsus.com/" "Mozilla/5.0 (compatible; MSIE 6.0; Windows NT 5.1; SV1; .NET CLR 1.1.4325)"
204.101.161.19 - - [04/Oct/2020:12:15:52 +0000] "GET /images/container2.jpg HTTP/1.1" 200 38547 "http://testdgvff.dgsmsus.com/" "Mozilla/5.0 (compatible; MSIE 6.0; Windows NT 5.1; SV1; .NET CLR 1.1.4325)"
204.101.161.19 - - [04/Oct/2020:12:15:52 +0000] "GET /images/ideabytes_innovation.png HTTP/1.1" 200 2566 "http://testdgvff.dgsmsus.com/" "Mozilla/5.0 (compatible; MSIE 6.0; Windows NT 5.1; SV1; .NET CLR 1.1.4325)"
204.101.161.19 - - [04/Oct/2020:12:15:52 +0000] "GET /fonts/fontawesome-webfont78ce.woff?v=4.2.0 HTTP/1.1" 200 65452 "http://testdgvff.dgsmsus.com/css/font-awesome.min.css" "Mozilla/5.0 (compatible; MSIE 6.0; Windows NT 5.1; SV1; .NET CLR 1.1.4325)"
204.101.161.19 - - [04/Oct/2020:12:15:52 +0000] "GET /fonts/22aDRG5X9l7obljtz7tihvesZW2xOQ-xsNqO47m55DA.woff2 HTTP/1.1" 200 25248 "http://testdgvff.dgsmsus.com/css/style.css" "Mozilla/5.0 (compatible; MSIE 6.0; Windows NT 5.1; SV1; .NET CLR 1.1.4325)"
204.101.161.19 - - [04/Oct/2020:12:15:52 +0000] "GET /fonts/4hYyXH_8WmbBLamf6WjLwg.woff2 HTTP/1.1" 200 25028 "http://testdgvff.dgsmsus.com/css/style.css" "Mozilla/5.0 (compatible; MSIE 6.0; Windows NT 5.1; SV1; .NET CLR 1.1.4325)"
204.101.161.19 - - [04/Oct/2020:12:15:52 +0000] "GET /images/sea.jpg HTTP/1.1" 200 238643 "http://testdgvff.dgsmsus.com/css/style.css" "Mozilla/5.0 (compatible; MSIE 6.0; Windows NT 5.1; SV1; .NET CLR 1.1.4325)"
204.101.161.19 - - [04/Oct/2020:12:15:52 +0000] "GET /images/dgvff-logo.png HTTP/1.1" 200 3909 "http://testdgvff.dgsmsus.com/" "Mozilla/5.0 (compatible; MSIE 6.0; Windows NT 5.1; SV1; .NET CLR 1.1.4325)"
204.101.161.19 - - [04/Oct/2020:12:15:52 +0000] "GET /images/container1.jpg HTTP/1.1" 200 38653 "http://testdgvff.dgsmsus.com/" "Mozilla/5.0 (compatible; MSIE 6.0; Windows NT 5.1; SV1; .NET CLR 1.1.4325)"
204.101.161.19 - - [04/Oct/2020:12:15:52 +0000] "GET /images/container3.jpg HTTP/1.1" 200 38989 "http://testdgvff.dgsmsus.com/" "Mozilla/5.0 (compatible; MSIE 6.0; Windows NT 5.1; SV1; .NET CLR 1.1.4325)"
204.101.161.19 - - [04/Oct/2020:12:15:52 +0000] "GET /js/all.js HTTP/1.1" 200 23952 "http://testdgvff.dgsmsus.com/" "Mozilla/5.0 (compatible; MSIE 6.0; Windows NT 5.1; SV1; .NET CLR 1.1.4325)"
204.101.161.19 - - [04/Oct/2020:12:15:52 +0000] "GET /js/contact-form.js HTTP/1.1" 200 2446 "http://testdgvff.dgsmsus.com/" "Mozilla/5.0 (compatible; MSIE 6.0; Windows NT 5.1; SV1; .NET CLR 1.1.4325)"
204.101.161.19 - - [04/Oct/2020:12:15:52 +0000] "GET /images/ideabytes-white.png HTTP/1.1" 200 4136 "http://testdgvff.dgsmsus.com/" "Mozilla/5.0 (compatible; MSIE 6.0; Windows NT 5.1; SV1; .NET CLR 1.1.4325)"
204.101.161.19 - - [04/Oct/2020:12:16:01 +0000] "GET /images/favicon.png HTTP/1.1" 200 2293 "-" "-"
204.101.161.19 - - [04/Oct/2020:12:16:01 +0000] "GET /images/dgvff-logo.png HTTP/1.1" 200 3909 "-" "-"
217.146.94.40 - - [04/Oct/2020:14:27:09 +0000] "GET /.env HTTP/1.1" 404 202 "-" "Mozilla/5.0 (X11; Linux x86_64) AppleWebKit/537.36 (KHTML, like Gecko) Chrome/81.0.4044.129 Safari/537.36"
217.146.94.40 - - [04/Oct/2020:14:27:17 +0000] "POST / HTTP/1.1" 200 21847 "-" "Mozilla/5.0 (X11; Linux x86_64) AppleWebKit/537.36 (KHTML, like Gecko) Chrome/81.0.4044.129 Safari/537.36"
217.146.94.40 - - [04/Oct/2020:14:27:24 +0000] "GET /.env HTTP/1.1" 404 202 "-" "Mozilla/5.0 (X11; Linux x86_64) AppleWebKit/537.36 (KHTML, like Gecko) Chrome/81.0.4044.129 Safari/537.36"
217.146.94.40 - - [04/Oct/2020:14:27:32 +0000] "POST / HTTP/1.1" 200 21847 "-" "Mozilla/5.0 (X11; Linux x86_64) AppleWebKit/537.36 (KHTML, like Gecko) Chrome/81.0.4044.129 Safari/537.36"
114.119.140.79 - - [04/Oct/2020:15:02:50 +0000] "GET /french HTTP/1.1" 301 244 "-" "Mozilla/5.0 (Linux; Android 7.0;) AppleWebKit/537.36 (KHTML, like Gecko) Mobile Safari/537.36 (compatible; PetalBot;+https://aspiegel.com/petalbot)"
114.119.140.79 - - [04/Oct/2020:15:02:51 +0000] "GET /french/ HTTP/1.1" 200 22945 "-" "Mozilla/5.0 (Linux; Android 7.0;) AppleWebKit/537.36 (KHTML, like Gecko) Mobile Safari/537.36 (compatible; PetalBot;+https://aspiegel.com/petalbot)"
114.119.145.194 - - [04/Oct/2020:16:00:32 +0000] "GET /privacy-policy.php HTTP/1.1" 200 20750 "-" "Mozilla/5.0 (Linux; Android 7.0;) AppleWebKit/537.36 (KHTML, like Gecko) Mobile Safari/537.36 (compatible; PetalBot;+https://aspiegel.com/petalbot)"
114.119.145.194 - - [04/Oct/2020:17:25:15 +0000] "GET /french/system-requirements.php HTTP/1.1" 200 14722 "-" "Mozilla/5.0 (Linux; Android 7.0;) AppleWebKit/537.36 (KHTML, like Gecko) Mobile Safari/537.36 (compatible; PetalBot;+https://aspiegel.com/petalbot)"
114.119.153.49 - - [04/Oct/2020:19:24:51 +0000] "GET /robots.txt HTTP/1.1" 404 208 "-" "(compatible;PetalBot;+https://aspiegel.com/petalbot)"
114.119.129.4 - - [04/Oct/2020:20:06:28 +0000] "GET /testmonials.php HTTP/1.1" 200 21978 "-" "Mozilla/5.0 (Linux; Android 7.0;) AppleWebKit/537.36 (KHTML, like Gecko) Mobile Safari/537.36 (compatible; PetalBot;+https://aspiegel.com/petalbot)"
114.119.145.194 - - [04/Oct/2020:21:28:41 +0000] "GET /gallery.php HTTP/1.1" 200 15205 "-" "Mozilla/5.0 (Linux; Android 7.0;) AppleWebKit/537.36 (KHTML, like Gecko) Mobile Safari/537.36 (compatible; PetalBot;+https://aspiegel.com/petalbot)"
114.119.129.4 - - [04/Oct/2020:23:33:34 +0000] "GET /french/what-is-saas.php HTTP/1.1" 200 15957 "-" "Mozilla/5.0 (Linux; Android 7.0;) AppleWebKit/537.36 (KHTML, like Gecko) Mobile Safari/537.36 (compatible; PetalBot;+https://aspiegel.com/petalbot)"
77.75.79.11 - - [04/Oct/2020:23:58:47 +0000] "GET /robots.txt HTTP/1.1" 404 208 "-" "Mozilla/5.0 (compatible; SeznamBot/3.2; +http://napoveda.seznam.cz/en/seznambot-intro/)"
