194.58.107.23 - - [09/Oct/2020:01:44:49 +0000] "GET /js/jquery.appear.js HTTP/1.1" 200 2208 "http://testdgvff.dgsmsus.com/js/jquery.appear.js" "Virusdie crawler/3.0"
194.58.107.23 - - [09/Oct/2020:01:44:51 +0000] "GET /js/jquery.sticky.js HTTP/1.1" 200 5822 "http://testdgvff.dgsmsus.com/js/jquery.sticky.js" "Virusdie crawler/3.0"
194.58.107.23 - - [09/Oct/2020:01:44:52 +0000] "GET /js/jquery.parallax-1.1.3.js HTTP/1.1" 200 609 "http://testdgvff.dgsmsus.com/js/jquery.parallax-1.1.3.js" "Virusdie crawler/3.0"
194.58.107.23 - - [09/Oct/2020:01:44:53 +0000] "GET /js/jquery.fitvids.js HTTP/1.1" 200 2781 "http://testdgvff.dgsmsus.com/js/jquery.fitvids.js" "Virusdie crawler/3.0"
194.58.107.23 - - [09/Oct/2020:01:44:55 +0000] "GET /js/owl.carousel.min.js HTTP/1.1" 200 24308 "http://testdgvff.dgsmsus.com/js/owl.carousel.min.js" "Virusdie crawler/3.0"
194.58.107.23 - - [09/Oct/2020:01:44:58 +0000] "GET /js/isotope.pkgd.min.js HTTP/1.1" 200 35624 "http://testdgvff.dgsmsus.com/js/isotope.pkgd.min.js" "Virusdie crawler/3.0"
194.58.107.23 - - [09/Oct/2020:01:45:03 +0000] "GET /js/imagesloaded.pkgd.min.js HTTP/1.1" 200 6949 "http://testdgvff.dgsmsus.com/js/imagesloaded.pkgd.min.js" "Virusdie crawler/3.0"
114.119.134.165 - - [09/Oct/2020:02:33:08 +0000] "GET /privacy-policy.php HTTP/1.1" 200 20750 "-" "Mozilla/5.0 (Linux; Android 7.0;) AppleWebKit/537.36 (KHTML, like Gecko) Mobile Safari/537.36 (compatible; PetalBot;+https://aspiegel.com/petalbot)"
114.119.134.165 - - [09/Oct/2020:03:05:42 +0000] "GET /what-is-saas.php HTTP/1.1" 200 16565 "-" "Mozilla/5.0 (Linux; Android 7.0;) AppleWebKit/537.36 (KHTML, like Gecko) Mobile Safari/537.36 (compatible; PetalBot;+https://aspiegel.com/petalbot)"
175.44.42.159 - - [09/Oct/2020:03:34:08 +0000] "GET / HTTP/1.1" 200 21847 "http://kpvdve.gorrinhos.com/view/36539908/profile/" "Mozilla/5.0 (Windows NT 6.1; Win64; x64; rv:80.0) Gecko/20100101 Firefox/80.0"
204.101.161.19 - - [09/Oct/2020:04:46:05 +0000] "GET / HTTP/1.1" 200 21847 "-" "Mozilla/5.0 (compatible; MSIE 6.0; Windows NT 5.1; SV1; .NET CLR 1.1.4325)"
204.101.161.19 - - [09/Oct/2020:04:46:05 +0000] "GET /css/style-responsive.css HTTP/1.1" 200 13844 "http://testdgvff.dgsmsus.com/" "Mozilla/5.0 (compatible; MSIE 6.0; Windows NT 5.1; SV1; .NET CLR 1.1.4325)"
204.101.161.19 - - [09/Oct/2020:04:46:05 +0000] "GET /css/animate.min.css HTTP/1.1" 200 53326 "http://testdgvff.dgsmsus.com/" "Mozilla/5.0 (compatible; MSIE 6.0; Windows NT 5.1; SV1; .NET CLR 1.1.4325)"
204.101.161.19 - - [09/Oct/2020:04:46:05 +0000] "GET /css/vertical-rhythm.min.css HTTP/1.1" 200 10623 "http://testdgvff.dgsmsus.com/" "Mozilla/5.0 (compatible; MSIE 6.0; Windows NT 5.1; SV1; .NET CLR 1.1.4325)"
204.101.161.19 - - [09/Oct/2020:04:46:05 +0000] "GET /css/owl.carousel.css HTTP/1.1" 200 5968 "http://testdgvff.dgsmsus.com/" "Mozilla/5.0 (compatible; MSIE 6.0; Windows NT 5.1; SV1; .NET CLR 1.1.4325)"
204.101.161.19 - - [09/Oct/2020:04:46:05 +0000] "GET /css/style.css HTTP/1.1" 200 127753 "http://testdgvff.dgsmsus.com/" "Mozilla/5.0 (compatible; MSIE 6.0; Windows NT 5.1; SV1; .NET CLR 1.1.4325)"
204.101.161.19 - - [09/Oct/2020:04:46:05 +0000] "GET /css/magnific-popup.css HTTP/1.1" 200 8471 "http://testdgvff.dgsmsus.com/" "Mozilla/5.0 (compatible; MSIE 6.0; Windows NT 5.1; SV1; .NET CLR 1.1.4325)"
204.101.161.19 - - [09/Oct/2020:04:46:05 +0000] "GET /js/jquery-1.11.1.min.js HTTP/1.1" 200 95786 "http://testdgvff.dgsmsus.com/" "Mozilla/5.0 (compatible; MSIE 6.0; Windows NT 5.1; SV1; .NET CLR 1.1.4325)"
204.101.161.19 - - [09/Oct/2020:04:46:05 +0000] "GET /js/jquery.easing.1.3.js HTTP/1.1" 200 3436 "http://testdgvff.dgsmsus.com/" "Mozilla/5.0 (compatible; MSIE 6.0; Windows NT 5.1; SV1; .NET CLR 1.1.4325)"
204.101.161.19 - - [09/Oct/2020:04:46:05 +0000] "GET /css/bootstrap.min.css HTTP/1.1" 200 117152 "http://testdgvff.dgsmsus.com/" "Mozilla/5.0 (compatible; MSIE 6.0; Windows NT 5.1; SV1; .NET CLR 1.1.4325)"
204.101.161.19 - - [09/Oct/2020:04:46:05 +0000] "GET /js/bootstrap.min.js HTTP/1.1" 200 18770 "http://testdgvff.dgsmsus.com/" "Mozilla/5.0 (compatible; MSIE 6.0; Windows NT 5.1; SV1; .NET CLR 1.1.4325)"
204.101.161.19 - - [09/Oct/2020:04:46:05 +0000] "GET /js/SmoothScroll.js HTTP/1.1" 200 13797 "http://testdgvff.dgsmsus.com/" "Mozilla/5.0 (compatible; MSIE 6.0; Windows NT 5.1; SV1; .NET CLR 1.1.4325)"
204.101.161.19 - - [09/Oct/2020:04:46:05 +0000] "GET /js/jquery.scrollTo.min.js HTTP/1.1" 200 2434 "http://testdgvff.dgsmsus.com/" "Mozilla/5.0 (compatible; MSIE 6.0; Windows NT 5.1; SV1; .NET CLR 1.1.4325)"
204.101.161.19 - - [09/Oct/2020:04:46:05 +0000] "GET /js/jquery.localScroll.min.js HTTP/1.1" 200 1488 "http://testdgvff.dgsmsus.com/" "Mozilla/5.0 (compatible; MSIE 6.0; Windows NT 5.1; SV1; .NET CLR 1.1.4325)"
204.101.161.19 - - [09/Oct/2020:04:46:06 +0000] "GET /js/jquery.viewport.mini.js HTTP/1.1" 200 1203 "http://testdgvff.dgsmsus.com/" "Mozilla/5.0 (compatible; MSIE 6.0; Windows NT 5.1; SV1; .NET CLR 1.1.4325)"
204.101.161.19 - - [09/Oct/2020:04:46:06 +0000] "GET /js/jquery.appear.js HTTP/1.1" 200 2208 "http://testdgvff.dgsmsus.com/" "Mozilla/5.0 (compatible; MSIE 6.0; Windows NT 5.1; SV1; .NET CLR 1.1.4325)"
204.101.161.19 - - [09/Oct/2020:04:46:06 +0000] "GET /js/jquery.sticky.js HTTP/1.1" 200 5822 "http://testdgvff.dgsmsus.com/" "Mozilla/5.0 (compatible; MSIE 6.0; Windows NT 5.1; SV1; .NET CLR 1.1.4325)"
204.101.161.19 - - [09/Oct/2020:04:46:06 +0000] "GET /css/font-awesome.min.css HTTP/1.1" 200 22004 "http://testdgvff.dgsmsus.com/" "Mozilla/5.0 (compatible; MSIE 6.0; Windows NT 5.1; SV1; .NET CLR 1.1.4325)"
204.101.161.19 - - [09/Oct/2020:04:46:06 +0000] "GET /css/et-line.css HTTP/1.1" 200 7071 "http://testdgvff.dgsmsus.com/" "Mozilla/5.0 (compatible; MSIE 6.0; Windows NT 5.1; SV1; .NET CLR 1.1.4325)"
204.101.161.19 - - [09/Oct/2020:04:46:06 +0000] "GET /js/jquery.countTo.js HTTP/1.1" 200 949 "http://testdgvff.dgsmsus.com/" "Mozilla/5.0 (compatible; MSIE 6.0; Windows NT 5.1; SV1; .NET CLR 1.1.4325)"
204.101.161.19 - - [09/Oct/2020:04:46:06 +0000] "GET /js/jquery.parallax-1.1.3.js HTTP/1.1" 200 609 "http://testdgvff.dgsmsus.com/" "Mozilla/5.0 (compatible; MSIE 6.0; Windows NT 5.1; SV1; .NET CLR 1.1.4325)"
204.101.161.19 - - [09/Oct/2020:04:46:06 +0000] "GET /js/jquery.fitvids.js HTTP/1.1" 200 2781 "http://testdgvff.dgsmsus.com/" "Mozilla/5.0 (compatible; MSIE 6.0; Windows NT 5.1; SV1; .NET CLR 1.1.4325)"
204.101.161.19 - - [09/Oct/2020:04:46:06 +0000] "GET /js/owl.carousel.min.js HTTP/1.1" 200 24308 "http://testdgvff.dgsmsus.com/" "Mozilla/5.0 (compatible; MSIE 6.0; Windows NT 5.1; SV1; .NET CLR 1.1.4325)"
204.101.161.19 - - [09/Oct/2020:04:46:06 +0000] "GET /js/isotope.pkgd.min.js HTTP/1.1" 200 35624 "http://testdgvff.dgsmsus.com/" "Mozilla/5.0 (compatible; MSIE 6.0; Windows NT 5.1; SV1; .NET CLR 1.1.4325)"
204.101.161.19 - - [09/Oct/2020:04:46:06 +0000] "GET /js/imagesloaded.pkgd.min.js HTTP/1.1" 200 6949 "http://testdgvff.dgsmsus.com/" "Mozilla/5.0 (compatible; MSIE 6.0; Windows NT 5.1; SV1; .NET CLR 1.1.4325)"
204.101.161.19 - - [09/Oct/2020:04:46:06 +0000] "GET /js/jquery.magnific-popup.min.js HTTP/1.1" 200 20947 "http://testdgvff.dgsmsus.com/" "Mozilla/5.0 (compatible; MSIE 6.0; Windows NT 5.1; SV1; .NET CLR 1.1.4325)"
204.101.161.19 - - [09/Oct/2020:04:46:06 +0000] "GET /js/gmap3.min.js HTTP/1.1" 200 25225 "http://testdgvff.dgsmsus.com/" "Mozilla/5.0 (compatible; MSIE 6.0; Windows NT 5.1; SV1; .NET CLR 1.1.4325)"
204.101.161.19 - - [09/Oct/2020:04:46:06 +0000] "GET /js/wow.min.js HTTP/1.1" 200 7082 "http://testdgvff.dgsmsus.com/" "Mozilla/5.0 (compatible; MSIE 6.0; Windows NT 5.1; SV1; .NET CLR 1.1.4325)"
204.101.161.19 - - [09/Oct/2020:04:46:06 +0000] "GET /js/all.js HTTP/1.1" 200 23952 "http://testdgvff.dgsmsus.com/" "Mozilla/5.0 (compatible; MSIE 6.0; Windows NT 5.1; SV1; .NET CLR 1.1.4325)"
204.101.161.19 - - [09/Oct/2020:04:46:06 +0000] "GET /js/masonry.pkgd.min.js HTTP/1.1" 200 26179 "http://testdgvff.dgsmsus.com/" "Mozilla/5.0 (compatible; MSIE 6.0; Windows NT 5.1; SV1; .NET CLR 1.1.4325)"
204.101.161.19 - - [09/Oct/2020:04:46:06 +0000] "GET /js/jquery.simple-text-rotator.min.js HTTP/1.1" 200 3554 "http://testdgvff.dgsmsus.com/" "Mozilla/5.0 (compatible; MSIE 6.0; Windows NT 5.1; SV1; .NET CLR 1.1.4325)"
204.101.161.19 - - [09/Oct/2020:04:46:06 +0000] "GET /js/contact-form.js HTTP/1.1" 200 2446 "http://testdgvff.dgsmsus.com/" "Mozilla/5.0 (compatible; MSIE 6.0; Windows NT 5.1; SV1; .NET CLR 1.1.4325)"
204.101.161.19 - - [09/Oct/2020:04:46:06 +0000] "GET /fonts/fontawesome-webfont78ce.woff?v=4.2.0 HTTP/1.1" 200 65452 "http://testdgvff.dgsmsus.com/css/font-awesome.min.css" "Mozilla/5.0 (compatible; MSIE 6.0; Windows NT 5.1; SV1; .NET CLR 1.1.4325)"
204.101.161.19 - - [09/Oct/2020:04:46:06 +0000] "GET /fonts/22aDRG5X9l7obljtz7tihvesZW2xOQ-xsNqO47m55DA.woff2 HTTP/1.1" 200 25248 "http://testdgvff.dgsmsus.com/css/style.css" "Mozilla/5.0 (compatible; MSIE 6.0; Windows NT 5.1; SV1; .NET CLR 1.1.4325)"
204.101.161.19 - - [09/Oct/2020:04:46:06 +0000] "GET /fonts/4hYyXH_8WmbBLamf6WjLwg.woff2 HTTP/1.1" 200 25028 "http://testdgvff.dgsmsus.com/css/style.css" "Mozilla/5.0 (compatible; MSIE 6.0; Windows NT 5.1; SV1; .NET CLR 1.1.4325)"
204.101.161.19 - - [09/Oct/2020:04:46:06 +0000] "GET /images/container2.jpg HTTP/1.1" 200 38547 "http://testdgvff.dgsmsus.com/" "Mozilla/5.0 (compatible; MSIE 6.0; Windows NT 5.1; SV1; .NET CLR 1.1.4325)"
204.101.161.19 - - [09/Oct/2020:04:46:06 +0000] "GET /images/ideabytes_innovation.png HTTP/1.1" 200 2566 "http://testdgvff.dgsmsus.com/" "Mozilla/5.0 (compatible; MSIE 6.0; Windows NT 5.1; SV1; .NET CLR 1.1.4325)"
204.101.161.19 - - [09/Oct/2020:04:46:06 +0000] "GET /images/container1.jpg HTTP/1.1" 200 38653 "http://testdgvff.dgsmsus.com/" "Mozilla/5.0 (compatible; MSIE 6.0; Windows NT 5.1; SV1; .NET CLR 1.1.4325)"
204.101.161.19 - - [09/Oct/2020:04:46:06 +0000] "GET /images/container3.jpg HTTP/1.1" 200 38989 "http://testdgvff.dgsmsus.com/" "Mozilla/5.0 (compatible; MSIE 6.0; Windows NT 5.1; SV1; .NET CLR 1.1.4325)"
204.101.161.19 - - [09/Oct/2020:04:46:06 +0000] "GET /images/dgvff-logo.png HTTP/1.1" 200 3909 "http://testdgvff.dgsmsus.com/" "Mozilla/5.0 (compatible; MSIE 6.0; Windows NT 5.1; SV1; .NET CLR 1.1.4325)"
204.101.161.19 - - [09/Oct/2020:04:46:06 +0000] "GET /images/ideabytes-white.png HTTP/1.1" 200 4136 "http://testdgvff.dgsmsus.com/" "Mozilla/5.0 (compatible; MSIE 6.0; Windows NT 5.1; SV1; .NET CLR 1.1.4325)"
204.101.161.19 - - [09/Oct/2020:04:46:06 +0000] "GET /images/sea.jpg HTTP/1.1" 200 238643 "http://testdgvff.dgsmsus.com/css/style.css" "Mozilla/5.0 (compatible; MSIE 6.0; Windows NT 5.1; SV1; .NET CLR 1.1.4325)"
204.101.161.19 - - [09/Oct/2020:04:46:15 +0000] "GET /images/dgvff-logo.png HTTP/1.1" 200 3909 "-" "-"
204.101.161.19 - - [09/Oct/2020:04:46:15 +0000] "GET /images/favicon.png HTTP/1.1" 200 2293 "-" "-"
40.77.167.170 - - [09/Oct/2020:08:07:55 +0000] "GET /about-us.php HTTP/1.1" 200 17633 "-" "Mozilla/5.0 (compatible; bingbot/2.0; +http://www.bing.com/bingbot.htm)"
40.77.167.170 - - [09/Oct/2020:08:08:11 +0000] "GET /js/jquery.countTo.js HTTP/1.1" 200 949 "-" "Mozilla/5.0 (compatible; bingbot/2.0; +http://www.bing.com/bingbot.htm)"
40.77.167.170 - - [09/Oct/2020:08:08:11 +0000] "GET /js/jquery.fitvids.js HTTP/1.1" 200 2781 "-" "Mozilla/5.0 (compatible; bingbot/2.0; +http://www.bing.com/bingbot.htm)"
40.77.167.170 - - [09/Oct/2020:08:08:11 +0000] "GET /js/jquery.scrollTo.min.js HTTP/1.1" 200 2434 "-" "Mozilla/5.0 (compatible; bingbot/2.0; +http://www.bing.com/bingbot.htm)"
157.55.39.86 - - [09/Oct/2020:08:08:21 +0000] "GET /js/jquery.simple-text-rotator.min.js HTTP/1.1" 200 3554 "-" "Mozilla/5.0 (compatible; bingbot/2.0; +http://www.bing.com/bingbot.htm)"
157.55.39.86 - - [09/Oct/2020:08:08:21 +0000] "GET /js/jquery.sticky.js HTTP/1.1" 200 5822 "-" "Mozilla/5.0 (compatible; bingbot/2.0; +http://www.bing.com/bingbot.htm)"
207.46.13.70 - - [09/Oct/2020:08:08:25 +0000] "GET /js/jquery.parallax-1.1.3.js HTTP/1.1" 200 609 "-" "Mozilla/5.0 (compatible; bingbot/2.0; +http://www.bing.com/bingbot.htm)"
207.46.13.217 - - [09/Oct/2020:08:08:34 +0000] "GET /css/animate.min.css HTTP/1.1" 200 53326 "-" "Mozilla/5.0 (compatible; bingbot/2.0; +http://www.bing.com/bingbot.htm)"
207.46.13.217 - - [09/Oct/2020:08:08:34 +0000] "GET /css/vertical-rhythm.min.css HTTP/1.1" 200 10623 "-" "Mozilla/5.0 (compatible; bingbot/2.0; +http://www.bing.com/bingbot.htm)"
207.46.13.217 - - [09/Oct/2020:08:08:34 +0000] "GET /images/ideabytes_innovation.png HTTP/1.1" 200 2566 "-" "Mozilla/5.0 (compatible; bingbot/2.0; +http://www.bing.com/bingbot.htm)"
207.46.13.217 - - [09/Oct/2020:08:08:34 +0000] "GET /js/contact-form.js HTTP/1.1" 200 2446 "-" "Mozilla/5.0 (compatible; bingbot/2.0; +http://www.bing.com/bingbot.htm)"
157.55.39.81 - - [09/Oct/2020:08:08:38 +0000] "GET /robots.txt HTTP/1.1" 404 208 "-" "Mozilla/5.0 (compatible; bingbot/2.0; +http://www.bing.com/bingbot.htm)"
157.55.39.81 - - [09/Oct/2020:08:08:38 +0000] "GET /robots.txt HTTP/1.1" 404 208 "-" "Mozilla/5.0 (compatible; bingbot/2.0; +http://www.bing.com/bingbot.htm)"
157.55.39.81 - - [09/Oct/2020:08:08:39 +0000] "GET /css/owl.carousel.css HTTP/1.1" 200 5968 "-" "Mozilla/5.0 (compatible; bingbot/2.0; +http://www.bing.com/bingbot.htm)"
157.55.39.81 - - [09/Oct/2020:08:08:39 +0000] "GET /css/style-responsive.css HTTP/1.1" 200 13844 "-" "Mozilla/5.0 (compatible; bingbot/2.0; +http://www.bing.com/bingbot.htm)"
157.55.39.81 - - [09/Oct/2020:08:08:39 +0000] "GET /css/style.css HTTP/1.1" 200 127753 "-" "Mozilla/5.0 (compatible; bingbot/2.0; +http://www.bing.com/bingbot.htm)"
157.55.39.81 - - [09/Oct/2020:08:08:39 +0000] "GET /js/all.js HTTP/1.1" 200 23952 "-" "Mozilla/5.0 (compatible; bingbot/2.0; +http://www.bing.com/bingbot.htm)"
157.55.39.81 - - [09/Oct/2020:08:08:39 +0000] "GET /js/bootstrap.min.js HTTP/1.1" 200 18770 "-" "Mozilla/5.0 (compatible; bingbot/2.0; +http://www.bing.com/bingbot.htm)"
157.55.39.81 - - [09/Oct/2020:08:08:39 +0000] "GET /js/isotope.pkgd.min.js HTTP/1.1" 200 35624 "-" "Mozilla/5.0 (compatible; bingbot/2.0; +http://www.bing.com/bingbot.htm)"
157.55.39.81 - - [09/Oct/2020:08:08:39 +0000] "GET /js/owl.carousel.min.js HTTP/1.1" 200 24308 "-" "Mozilla/5.0 (compatible; bingbot/2.0; +http://www.bing.com/bingbot.htm)"
207.46.13.132 - - [09/Oct/2020:08:08:47 +0000] "GET /css/magnific-popup.css HTTP/1.1" 200 8471 "-" "Mozilla/5.0 (compatible; bingbot/2.0; +http://www.bing.com/bingbot.htm)"
207.46.13.154 - - [09/Oct/2020:08:08:56 +0000] "GET /js/jquery.easing.1.3.js HTTP/1.1" 200 3436 "-" "Mozilla/5.0 (compatible; bingbot/2.0; +http://www.bing.com/bingbot.htm)"
207.46.13.154 - - [09/Oct/2020:08:08:56 +0000] "GET /js/jquery.viewport.mini.js HTTP/1.1" 200 1203 "-" "Mozilla/5.0 (compatible; bingbot/2.0; +http://www.bing.com/bingbot.htm)"
40.77.167.81 - - [09/Oct/2020:08:09:43 +0000] "GET /js/SmoothScroll.js HTTP/1.1" 200 13797 "-" "Mozilla/5.0 (compatible; bingbot/2.0; +http://www.bing.com/bingbot.htm)"
40.77.167.81 - - [09/Oct/2020:08:09:43 +0000] "GET /js/gmap3.min.js HTTP/1.1" 200 25225 "-" "Mozilla/5.0 (compatible; bingbot/2.0; +http://www.bing.com/bingbot.htm)"
40.77.167.81 - - [09/Oct/2020:08:09:43 +0000] "GET /js/imagesloaded.pkgd.min.js HTTP/1.1" 200 6949 "-" "Mozilla/5.0 (compatible; bingbot/2.0; +http://www.bing.com/bingbot.htm)"
40.77.167.14 - - [09/Oct/2020:08:09:51 +0000] "GET /css/bootstrap.min.css HTTP/1.1" 200 117152 "-" "Mozilla/5.0 (compatible; bingbot/2.0; +http://www.bing.com/bingbot.htm)"
40.77.167.14 - - [09/Oct/2020:08:09:51 +0000] "GET /js/jquery-1.11.1.min.js HTTP/1.1" 200 95786 "-" "Mozilla/5.0 (compatible; bingbot/2.0; +http://www.bing.com/bingbot.htm)"
40.77.167.14 - - [09/Oct/2020:08:09:51 +0000] "GET /js/jquery.localScroll.min.js HTTP/1.1" 200 1488 "-" "Mozilla/5.0 (compatible; bingbot/2.0; +http://www.bing.com/bingbot.htm)"
40.77.167.14 - - [09/Oct/2020:08:09:51 +0000] "GET /js/jquery.magnific-popup.min.js HTTP/1.1" 200 20947 "-" "Mozilla/5.0 (compatible; bingbot/2.0; +http://www.bing.com/bingbot.htm)"
77.126.44.43 - - [09/Oct/2020:09:04:45 +0000] "GET / HTTP/1.1" 200 21847 "-" "Mozilla/5.0 (compatible; MSIE 9.0; Windows NT 6.1; WOW64; Trident/5.0)"
40.77.167.170 - - [09/Oct/2020:09:09:10 +0000] "GET /css/font-awesome.min.css HTTP/1.1" 200 22004 "-" "Mozilla/5.0 (compatible; bingbot/2.0; +http://www.bing.com/bingbot.htm)"
207.46.13.132 - - [09/Oct/2020:09:09:19 +0000] "GET /css/et-line.css HTTP/1.1" 200 7071 "-" "Mozilla/5.0 (compatible; bingbot/2.0; +http://www.bing.com/bingbot.htm)"
207.46.13.154 - - [09/Oct/2020:09:09:24 +0000] "GET /images/about2.jpg HTTP/1.1" 200 36055 "-" "Mozilla/5.0 (compatible; bingbot/2.0; +http://www.bing.com/bingbot.htm)"
157.55.39.81 - - [09/Oct/2020:09:09:58 +0000] "GET /css/owl.carousel.css HTTP/1.1" 200 5968 "-" "Mozilla/5.0 (compatible; bingbot/2.0; +http://www.bing.com/bingbot.htm)"
114.119.140.79 - - [09/Oct/2020:10:01:01 +0000] "GET /french/licensing-terms.php HTTP/1.1" 200 20139 "-" "Mozilla/5.0 (Linux; Android 7.0;) AppleWebKit/537.36 (KHTML, like Gecko) Mobile Safari/537.36 (compatible; PetalBot;+https://aspiegel.com/petalbot)"
114.119.145.194 - - [09/Oct/2020:10:49:35 +0000] "GET /about-us.php HTTP/1.1" 200 17633 "-" "Mozilla/5.0 (Linux; Android 7.0;) AppleWebKit/537.36 (KHTML, like Gecko) Mobile Safari/537.36 (compatible; PetalBot;+https://aspiegel.com/petalbot)"
54.36.149.73 - - [09/Oct/2020:12:10:09 +0000] "GET /robots.txt HTTP/1.1" 404 208 "-" "Mozilla/5.0 (compatible; AhrefsBot/6.1; +http://ahrefs.com/robot/)"
54.36.149.58 - - [09/Oct/2020:12:10:10 +0000] "GET /?lang=fr HTTP/1.1" 302 21847 "-" "Mozilla/5.0 (compatible; AhrefsBot/7.0; +http://ahrefs.com/robot/)"
114.119.145.56 - - [09/Oct/2020:13:18:04 +0000] "GET /contact.php HTTP/1.1" 200 18812 "-" "Mozilla/5.0 (Linux; Android 7.0;) AppleWebKit/537.36 (KHTML, like Gecko) Mobile Safari/537.36 (compatible; PetalBot;+https://aspiegel.com/petalbot)"
114.119.133.12 - - [09/Oct/2020:17:15:18 +0000] "GET /french/privacy-policy.php HTTP/1.1" 200 21298 "-" "Mozilla/5.0 (Linux; Android 7.0;) AppleWebKit/537.36 (KHTML, like Gecko) Mobile Safari/537.36 (compatible; PetalBot;+https://aspiegel.com/petalbot)"
114.119.146.15 - - [09/Oct/2020:17:30:35 +0000] "GET / HTTP/1.1" 200 21847 "-" "Mozilla/5.0 (Linux; Android 7.0;) AppleWebKit/537.36 (KHTML, like Gecko) Mobile Safari/537.36 (compatible; PetalBot;+https://aspiegel.com/petalbot)"
114.119.157.132 - - [09/Oct/2020:18:17:49 +0000] "GET /robots.txt HTTP/1.1" 404 208 "-" "(compatible;PetalBot;+https://aspiegel.com/petalbot)"
110.229.218.231 - - [09/Oct/2020:19:29:44 +0000] "GET /statics/css/crop.css HTTP/1.1" 404 218 "-" "python-requests/2.24.0"
114.119.140.79 - - [09/Oct/2020:20:19:46 +0000] "GET /system-requirements.php HTTP/1.1" 200 15652 "-" "Mozilla/5.0 (Linux; Android 7.0;) AppleWebKit/537.36 (KHTML, like Gecko) Mobile Safari/537.36 (compatible; PetalBot;+https://aspiegel.com/petalbot)"
157.55.39.81 - - [09/Oct/2020:20:20:33 +0000] "GET /images/container3.jpg HTTP/1.1" 200 38989 "-" "Mozilla/5.0 (compatible; bingbot/2.0; +http://www.bing.com/bingbot.htm)"
2.57.122.168 - - [09/Oct/2020:21:00:20 +0000] "GET / HTTP/1.1" 200 21847 "-" "Mozilla/5.0 (Windows NT 10.0; Win64; x64) AppleWebKit/537.36 (KHTML, like Gecko) Chrome/42.0.2311.135 Safari/537.36 Edge/12.246"
2.57.122.168 - - [09/Oct/2020:21:00:20 +0000] "GET / HTTP/1.1" 200 21847 "-" "Mozilla/5.0 (Windows NT 10.0; Win64; x64) AppleWebKit/537.36 (KHTML, like Gecko) Chrome/42.0.2311.135 Safari/537.36 Edge/12.246"
39.104.235.66 - - [09/Oct/2020:22:15:40 +0000] "GET /e/data/js/ajax.js HTTP/1.1" 404 215 "-" "Mozilla/5.0 (Windows NT 10.0; WOW64; rv:48.0) Gecko/20100101 Firefox/48.0"
114.119.155.70 - - [09/Oct/2020:22:33:20 +0000] "GET / HTTP/1.1" 200 21847 "-" "Mozilla/5.0 (Linux; Android 7.0;) AppleWebKit/537.36 (KHTML, like Gecko) Mobile Safari/537.36 (compatible; PetalBot;+https://aspiegel.com/petalbot)"
157.55.39.81 - - [09/Oct/2020:22:58:17 +0000] "GET /DGflyers/dgmobi-ios.pdf HTTP/1.1" 304 - "-" "Mozilla/5.0 (compatible; bingbot/2.0; +http://www.bing.com/bingbot.htm)"
114.119.152.77 - - [09/Oct/2020:23:32:42 +0000] "GET /what-is-saas.php HTTP/1.1" 200 16565 "-" "Mozilla/5.0 (Linux; Android 7.0;) AppleWebKit/537.36 (KHTML, like Gecko) Mobile Safari/537.36 (compatible; PetalBot;+https://aspiegel.com/petalbot)"
114.119.134.165 - - [10/Oct/2020:00:10:04 +0000] "GET /french/testmonials.php HTTP/1.1" 200 15971 "-" "Mozilla/5.0 (Linux; Android 7.0;) AppleWebKit/537.36 (KHTML, like Gecko) Mobile Safari/537.36 (compatible; PetalBot;+https://aspiegel.com/petalbot)"
114.119.145.194 - - [10/Oct/2020:01:10:21 +0000] "GET /gallery.php HTTP/1.1" 200 15205 "-" "Mozilla/5.0 (Linux; Android 7.0;) AppleWebKit/537.36 (KHTML, like Gecko) Mobile Safari/537.36 (compatible; PetalBot;+http://aspiegel.com/petalbot)"
194.58.107.23 - - [10/Oct/2020:01:44:11 +0000] "GET / HTTP/1.1" 200 21847 "-" "Virusdie crawler/3.0"
194.58.107.23 - - [10/Oct/2020:01:44:17 +0000] "GET /checklist.php HTTP/1.1" 200 29623 "http://testdgvff.dgsmsus.com/checklist.php" "Virusdie crawler/3.0"
194.58.107.23 - - [10/Oct/2020:01:44:28 +0000] "GET /about-us.php HTTP/1.1" 200 17633 "http://testdgvff.dgsmsus.com/about-us.php" "Virusdie crawler/3.0"
194.58.107.23 - - [10/Oct/2020:01:44:33 +0000] "GET /membership-distributor.php HTTP/1.1" 200 18794 "http://testdgvff.dgsmsus.com/membership-distributor.php" "Virusdie crawler/3.0"
194.58.107.23 - - [10/Oct/2020:01:44:40 +0000] "GET /white-papers.php HTTP/1.1" 200 18782 "http://testdgvff.dgsmsus.com/white-papers.php" "Virusdie crawler/3.0"
194.58.107.23 - - [10/Oct/2020:01:44:50 +0000] "GET /what-is-saas.php HTTP/1.1" 200 16565 "http://testdgvff.dgsmsus.com/what-is-saas.php" "Virusdie crawler/3.0"
194.58.107.23 - - [10/Oct/2020:01:44:55 +0000] "GET /licensing-terms.php HTTP/1.1" 200 19978 "http://testdgvff.dgsmsus.com/licensing-terms.php" "Virusdie crawler/3.0"
194.58.107.23 - - [10/Oct/2020:01:45:01 +0000] "GET /system-requirements.php HTTP/1.1" 200 15652 "http://testdgvff.dgsmsus.com/system-requirements.php" "Virusdie crawler/3.0"
194.58.107.23 - - [10/Oct/2020:01:45:10 +0000] "GET /privacy-policy.php HTTP/1.1" 200 20750 "http://testdgvff.dgsmsus.com/privacy-policy.php" "Virusdie crawler/3.0"
194.58.107.23 - - [10/Oct/2020:01:45:17 +0000] "GET /gallery.php HTTP/1.1" 200 15205 "http://testdgvff.dgsmsus.com/gallery.php" "Virusdie crawler/3.0"
194.58.107.23 - - [10/Oct/2020:01:45:21 +0000] "GET /testmonials.php HTTP/1.1" 200 21978 "http://testdgvff.dgsmsus.com/testmonials.php" "Virusdie crawler/3.0"
194.58.107.23 - - [10/Oct/2020:01:45:25 +0000] "GET /js/jquery-1.11.1.min.js HTTP/1.1" 200 95786 "http://testdgvff.dgsmsus.com/js/jquery-1.11.1.min.js" "Virusdie crawler/3.0"
194.58.107.23 - - [10/Oct/2020:01:45:46 +0000] "GET /js/jquery.easing.1.3.js HTTP/1.1" 200 3436 "http://testdgvff.dgsmsus.com/js/jquery.easing.1.3.js" "Virusdie crawler/3.0"
194.58.107.23 - - [10/Oct/2020:01:45:47 +0000] "GET /js/bootstrap.min.js HTTP/1.1" 200 18770 "http://testdgvff.dgsmsus.com/js/bootstrap.min.js" "Virusdie crawler/3.0"
194.58.107.23 - - [10/Oct/2020:01:45:50 +0000] "GET /js/SmoothScroll.js HTTP/1.1" 200 13797 "http://testdgvff.dgsmsus.com/js/SmoothScroll.js" "Virusdie crawler/3.0"
194.58.107.23 - - [10/Oct/2020:01:45:53 +0000] "GET /js/jquery.scrollTo.min.js HTTP/1.1" 200 2434 "http://testdgvff.dgsmsus.com/js/jquery.scrollTo.min.js" "Virusdie crawler/3.0"
194.58.107.23 - - [10/Oct/2020:01:45:54 +0000] "GET /js/jquery.localScroll.min.js HTTP/1.1" 200 1488 "http://testdgvff.dgsmsus.com/js/jquery.localScroll.min.js" "Virusdie crawler/3.0"
194.58.107.23 - - [10/Oct/2020:01:45:56 +0000] "GET /js/jquery.viewport.mini.js HTTP/1.1" 200 1203 "http://testdgvff.dgsmsus.com/js/jquery.viewport.mini.js" "Virusdie crawler/3.0"
194.58.107.23 - - [10/Oct/2020:01:45:57 +0000] "GET /js/jquery.countTo.js HTTP/1.1" 200 949 "http://testdgvff.dgsmsus.com/js/jquery.countTo.js" "Virusdie crawler/3.0"
194.58.107.23 - - [10/Oct/2020:01:45:58 +0000] "GET /js/jquery.appear.js HTTP/1.1" 200 2208 "http://testdgvff.dgsmsus.com/js/jquery.appear.js" "Virusdie crawler/3.0"
194.58.107.23 - - [10/Oct/2020:01:46:00 +0000] "GET /js/jquery.sticky.js HTTP/1.1" 200 5822 "http://testdgvff.dgsmsus.com/js/jquery.sticky.js" "Virusdie crawler/3.0"
194.58.107.23 - - [10/Oct/2020:01:46:02 +0000] "GET /js/jquery.parallax-1.1.3.js HTTP/1.1" 200 609 "http://testdgvff.dgsmsus.com/js/jquery.parallax-1.1.3.js" "Virusdie crawler/3.0"
194.58.107.23 - - [10/Oct/2020:01:46:03 +0000] "GET /js/jquery.fitvids.js HTTP/1.1" 200 2781 "http://testdgvff.dgsmsus.com/js/jquery.fitvids.js" "Virusdie crawler/3.0"
194.58.107.23 - - [10/Oct/2020:01:46:05 +0000] "GET /js/owl.carousel.min.js HTTP/1.1" 200 24308 "http://testdgvff.dgsmsus.com/js/owl.carousel.min.js" "Virusdie crawler/3.0"
194.58.107.23 - - [10/Oct/2020:01:46:08 +0000] "GET /js/isotope.pkgd.min.js HTTP/1.1" 200 35624 "http://testdgvff.dgsmsus.com/js/isotope.pkgd.min.js" "Virusdie crawler/3.0"
194.58.107.23 - - [10/Oct/2020:01:46:12 +0000] "GET /js/imagesloaded.pkgd.min.js HTTP/1.1" 200 6949 "http://testdgvff.dgsmsus.com/js/imagesloaded.pkgd.min.js" "Virusdie crawler/3.0"
40.77.167.42 - - [10/Oct/2020:02:05:53 +0000] "GET /images/tdg-checklist.jpg HTTP/1.1" 200 138102 "-" "Mozilla/5.0 (compatible; bingbot/2.0; +http://www.bing.com/bingbot.htm)"
165.227.118.224 - - [10/Oct/2020:03:10:06 +0000] "HEAD / HTTP/1.1" 200 - "-" "Java/1.8.0_191"
159.89.33.54 - - [10/Oct/2020:03:10:06 +0000] "HEAD / HTTP/1.1" 200 - "-" "Java/1.8.0_181"
157.55.39.78 - - [10/Oct/2020:03:45:10 +0000] "GET /DGflyers/dgdox.pdf HTTP/1.1" 304 - "-" "Mozilla/5.0 (compatible; bingbot/2.0; +http://www.bing.com/bingbot.htm)"
114.119.152.77 - - [10/Oct/2020:04:24:07 +0000] "GET /testmonials.php HTTP/1.1" 200 21978 "-" "Mozilla/5.0 (Linux; Android 7.0;) AppleWebKit/537.36 (KHTML, like Gecko) Mobile Safari/537.36 (compatible; PetalBot;+https://aspiegel.com/petalbot)"
114.119.129.4 - - [10/Oct/2020:05:42:36 +0000] "GET /french/contact.php HTTP/1.1" 200 18465 "-" "Mozilla/5.0 (Linux; Android 7.0;) AppleWebKit/537.36 (KHTML, like Gecko) Mobile Safari/537.36 (compatible; PetalBot;+https://aspiegel.com/petalbot)"
114.119.145.56 - - [10/Oct/2020:06:03:35 +0000] "GET /privacy-policy.php HTTP/1.1" 200 20750 "-" "Mozilla/5.0 (Linux; Android 7.0;) AppleWebKit/537.36 (KHTML, like Gecko) Mobile Safari/537.36 (compatible; PetalBot;+https://aspiegel.com/petalbot)"
114.119.145.194 - - [10/Oct/2020:09:40:21 +0000] "GET /membership-distributor.php HTTP/1.1" 200 18794 "-" "Mozilla/5.0 (Linux; Android 7.0;) AppleWebKit/537.36 (KHTML, like Gecko) Mobile Safari/537.36 (compatible; PetalBot;+https://aspiegel.com/petalbot)"
216.244.66.242 - - [10/Oct/2020:11:43:08 +0000] "GET /robots.txt HTTP/1.1" 404 208 "-" "Mozilla/5.0 (compatible; DotBot/1.1; http://www.opensiteexplorer.org/dotbot, help@moz.com)"
216.244.66.242 - - [10/Oct/2020:12:13:05 +0000] "GET /what-is-saas.php HTTP/1.1" 200 16565 "-" "Mozilla/5.0 (compatible; DotBot/1.1; http://www.opensiteexplorer.org/dotbot, help@moz.com)"
114.119.129.4 - - [10/Oct/2020:13:15:23 +0000] "GET /french/white-papers.php HTTP/1.1" 200 17802 "-" "Mozilla/5.0 (Linux; Android 7.0;) AppleWebKit/537.36 (KHTML, like Gecko) Mobile Safari/537.36 (compatible; PetalBot;+https://aspiegel.com/petalbot)"
114.119.156.131 - - [10/Oct/2020:13:56:27 +0000] "GET /robots.txt HTTP/1.1" 404 208 "-" "(compatible;PetalBot;+https://aspiegel.com/petalbot)"
66.249.66.76 - - [10/Oct/2020:15:30:16 +0000] "GET /robots.txt HTTP/1.1" 404 208 "-" "Mozilla/5.0 (compatible; Googlebot/2.1; +http://www.google.com/bot.html)"
66.249.66.76 - - [10/Oct/2020:15:30:16 +0000] "GET /cbforviqajgcaa.html HTTP/1.1" 404 217 "-" "Mozilla/5.0 (compatible; Googlebot/2.1; +http://www.google.com/bot.html)"
114.119.157.206 - - [10/Oct/2020:16:33:47 +0000] "GET /robots.txt HTTP/1.1" 404 208 "-" "(compatible;PetalBot;+https://aspiegel.com/petalbot)"
114.119.145.194 - - [10/Oct/2020:17:13:12 +0000] "GET /privacy-policy.php HTTP/1.1" 200 20750 "-" "Mozilla/5.0 (Linux; Android 7.0;) AppleWebKit/537.36 (KHTML, like Gecko) Mobile Safari/537.36 (compatible; PetalBot;+https://aspiegel.com/petalbot)"
114.119.134.165 - - [10/Oct/2020:17:29:10 +0000] "GET /membership-distributor.php HTTP/1.1" 200 18794 "-" "Mozilla/5.0 (Linux; Android 7.0;) AppleWebKit/537.36 (KHTML, like Gecko) Mobile Safari/537.36 (compatible; PetalBot;+https://aspiegel.com/petalbot)"
114.119.155.70 - - [10/Oct/2020:17:34:59 +0000] "GET / HTTP/1.1" 200 21847 "-" "Mozilla/5.0 (Linux; Android 7.0;) AppleWebKit/537.36 (KHTML, like Gecko) Mobile Safari/537.36 (compatible; PetalBot;+https://aspiegel.com/petalbot)"
114.119.139.185 - - [10/Oct/2020:18:07:57 +0000] "GET /robots.txt HTTP/1.1" 404 208 "-" "(compatible;PetalBot;+https://aspiegel.com/petalbot)"
114.119.152.77 - - [10/Oct/2020:20:14:56 +0000] "GET /what-is-saas.php HTTP/1.1" 200 16565 "-" "Mozilla/5.0 (Linux; Android 7.0;) AppleWebKit/537.36 (KHTML, like Gecko) Mobile Safari/537.36 (compatible; PetalBot;+https://aspiegel.com/petalbot)"
77.75.78.167 - - [10/Oct/2020:20:17:44 +0000] "GET /robots.txt HTTP/1.1" 404 208 "-" "Mozilla/5.0 (compatible; SeznamBot/3.2; +http://napoveda.seznam.cz/en/seznambot-intro/)"
77.75.78.167 - - [10/Oct/2020:20:17:45 +0000] "GET /french/pdf/dgsms-white-papers.pdf HTTP/1.1" 404 231 "-" "Mozilla/5.0 (compatible; SeznamBot/3.2; +http://napoveda.seznam.cz/en/seznambot-intro/)"
77.75.78.167 - - [10/Oct/2020:20:17:46 +0000] "GET /french/white-papers.php HTTP/1.1" 200 17802 "-" "Mozilla/5.0 (compatible; SeznamBot/3.2; +http://napoveda.seznam.cz/en/seznambot-intro/)"
77.75.76.164 - - [10/Oct/2020:21:27:17 +0000] "GET /robots.txt HTTP/1.1" 404 208 "-" "Mozilla/5.0 (compatible; SeznamBot/3.2; +http://napoveda.seznam.cz/en/seznambot-intro/)"
77.75.76.164 - - [10/Oct/2020:21:27:18 +0000] "GET /pdf/dgsms-white-papers.pdf HTTP/1.1" 304 - "-" "Mozilla/5.0 (compatible; SeznamBot/3.2; +http://napoveda.seznam.cz/en/seznambot-intro/)"
114.119.134.165 - - [10/Oct/2020:23:13:58 +0000] "GET /system-requirements.php HTTP/1.1" 200 15652 "-" "Mozilla/5.0 (Linux; Android 7.0;) AppleWebKit/537.36 (KHTML, like Gecko) Mobile Safari/537.36 (compatible; PetalBot;+https://aspiegel.com/petalbot)"
77.75.76.169 - - [10/Oct/2020:23:16:19 +0000] "GET /robots.txt HTTP/1.1" 404 208 "-" "Mozilla/5.0 (compatible; SeznamBot/3.2; +http://napoveda.seznam.cz/en/seznambot-intro/)"
77.75.76.169 - - [10/Oct/2020:23:16:26 +0000] "GET /french/membership-distributor.php HTTP/1.1" 200 17831 "-" "Mozilla/5.0 (compatible; SeznamBot/3.2; +http://napoveda.seznam.cz/en/seznambot-intro/)"
77.75.77.36 - - [10/Oct/2020:23:42:43 +0000] "GET /robots.txt HTTP/1.1" 404 208 "-" "Mozilla/5.0 (compatible; SeznamBot/3.2; +http://napoveda.seznam.cz/en/seznambot-intro/)"
77.75.77.36 - - [10/Oct/2020:23:42:44 +0000] "GET /DGflyers/dgvff.pdf HTTP/1.1" 304 - "-" "Mozilla/5.0 (compatible; SeznamBot/3.2; +http://napoveda.seznam.cz/en/seznambot-intro/)"
77.75.76.166 - - [11/Oct/2020:00:19:09 +0000] "GET /robots.txt HTTP/1.1" 404 208 "-" "Mozilla/5.0 (compatible; SeznamBot/3.2; +http://napoveda.seznam.cz/en/seznambot-intro/)"
77.75.76.166 - - [11/Oct/2020:00:19:19 +0000] "GET /french/membership-distributor.php HTTP/1.1" 200 17831 "-" "Mozilla/5.0 (compatible; SeznamBot/3.2; +http://napoveda.seznam.cz/en/seznambot-intro/)"
114.119.140.79 - - [11/Oct/2020:00:22:05 +0000] "GET /testmonials.php HTTP/1.1" 200 21978 "-" "Mozilla/5.0 (Linux; Android 7.0;) AppleWebKit/537.36 (KHTML, like Gecko) Mobile Safari/537.36 (compatible; PetalBot;+https://aspiegel.com/petalbot)"
194.58.107.23 - - [11/Oct/2020:01:45:46 +0000] "GET / HTTP/1.1" 200 21847 "-" "Virusdie crawler/3.0"
194.58.107.23 - - [11/Oct/2020:01:45:51 +0000] "GET /checklist.php HTTP/1.1" 200 29623 "http://testdgvff.dgsmsus.com/checklist.php" "Virusdie crawler/3.0"
194.58.107.23 - - [11/Oct/2020:01:46:03 +0000] "GET /about-us.php HTTP/1.1" 200 17633 "http://testdgvff.dgsmsus.com/about-us.php" "Virusdie crawler/3.0"
194.58.107.23 - - [11/Oct/2020:01:46:07 +0000] "GET /membership-distributor.php HTTP/1.1" 200 18794 "http://testdgvff.dgsmsus.com/membership-distributor.php" "Virusdie crawler/3.0"
194.58.107.23 - - [11/Oct/2020:01:46:12 +0000] "GET /white-papers.php HTTP/1.1" 200 18782 "http://testdgvff.dgsmsus.com/white-papers.php" "Virusdie crawler/3.0"
194.58.107.23 - - [11/Oct/2020:01:46:22 +0000] "GET /what-is-saas.php HTTP/1.1" 200 16565 "http://testdgvff.dgsmsus.com/what-is-saas.php" "Virusdie crawler/3.0"
194.58.107.23 - - [11/Oct/2020:01:46:27 +0000] "GET /licensing-terms.php HTTP/1.1" 200 19978 "http://testdgvff.dgsmsus.com/licensing-terms.php" "Virusdie crawler/3.0"
194.58.107.23 - - [11/Oct/2020:01:46:34 +0000] "GET /system-requirements.php HTTP/1.1" 200 15652 "http://testdgvff.dgsmsus.com/system-requirements.php" "Virusdie crawler/3.0"
194.58.107.23 - - [11/Oct/2020:01:46:42 +0000] "GET /privacy-policy.php HTTP/1.1" 200 20750 "http://testdgvff.dgsmsus.com/privacy-policy.php" "Virusdie crawler/3.0"
194.58.107.23 - - [11/Oct/2020:01:46:48 +0000] "GET /gallery.php HTTP/1.1" 200 15205 "http://testdgvff.dgsmsus.com/gallery.php" "Virusdie crawler/3.0"
194.58.107.23 - - [11/Oct/2020:01:46:52 +0000] "GET /testmonials.php HTTP/1.1" 200 21978 "http://testdgvff.dgsmsus.com/testmonials.php" "Virusdie crawler/3.0"
194.58.107.23 - - [11/Oct/2020:01:47:00 +0000] "GET /js/jquery-1.11.1.min.js HTTP/1.1" 200 95786 "http://testdgvff.dgsmsus.com/js/jquery-1.11.1.min.js" "Virusdie crawler/3.0"
194.58.107.23 - - [11/Oct/2020:01:47:22 +0000] "GET /js/jquery.easing.1.3.js HTTP/1.1" 200 3436 "http://testdgvff.dgsmsus.com/js/jquery.easing.1.3.js" "Virusdie crawler/3.0"
194.58.107.23 - - [11/Oct/2020:01:47:24 +0000] "GET /js/bootstrap.min.js HTTP/1.1" 200 18770 "http://testdgvff.dgsmsus.com/js/bootstrap.min.js" "Virusdie crawler/3.0"
194.58.107.23 - - [11/Oct/2020:01:47:27 +0000] "GET /js/SmoothScroll.js HTTP/1.1" 200 13797 "http://testdgvff.dgsmsus.com/js/SmoothScroll.js" "Virusdie crawler/3.0"
194.58.107.23 - - [11/Oct/2020:01:47:29 +0000] "GET /js/jquery.scrollTo.min.js HTTP/1.1" 200 2434 "http://testdgvff.dgsmsus.com/js/jquery.scrollTo.min.js" "Virusdie crawler/3.0"
194.58.107.23 - - [11/Oct/2020:01:47:31 +0000] "GET /js/jquery.localScroll.min.js HTTP/1.1" 200 1488 "http://testdgvff.dgsmsus.com/js/jquery.localScroll.min.js" "Virusdie crawler/3.0"
194.58.107.23 - - [11/Oct/2020:01:47:32 +0000] "GET /js/jquery.viewport.mini.js HTTP/1.1" 200 1203 "http://testdgvff.dgsmsus.com/js/jquery.viewport.mini.js" "Virusdie crawler/3.0"
194.58.107.23 - - [11/Oct/2020:01:47:34 +0000] "GET /js/jquery.countTo.js HTTP/1.1" 200 949 "http://testdgvff.dgsmsus.com/js/jquery.countTo.js" "Virusdie crawler/3.0"
194.58.107.23 - - [11/Oct/2020:01:47:35 +0000] "GET /js/jquery.appear.js HTTP/1.1" 200 2208 "http://testdgvff.dgsmsus.com/js/jquery.appear.js" "Virusdie crawler/3.0"
194.58.107.23 - - [11/Oct/2020:01:47:36 +0000] "GET /js/jquery.sticky.js HTTP/1.1" 200 5822 "http://testdgvff.dgsmsus.com/js/jquery.sticky.js" "Virusdie crawler/3.0"
194.58.107.23 - - [11/Oct/2020:01:47:38 +0000] "GET /js/jquery.parallax-1.1.3.js HTTP/1.1" 200 609 "http://testdgvff.dgsmsus.com/js/jquery.parallax-1.1.3.js" "Virusdie crawler/3.0"
194.58.107.23 - - [11/Oct/2020:01:47:39 +0000] "GET /js/jquery.fitvids.js HTTP/1.1" 200 2781 "http://testdgvff.dgsmsus.com/js/jquery.fitvids.js" "Virusdie crawler/3.0"
194.58.107.23 - - [11/Oct/2020:01:47:40 +0000] "GET /js/owl.carousel.min.js HTTP/1.1" 200 24308 "http://testdgvff.dgsmsus.com/js/owl.carousel.min.js" "Virusdie crawler/3.0"
194.58.107.23 - - [11/Oct/2020:01:47:44 +0000] "GET /js/isotope.pkgd.min.js HTTP/1.1" 200 35624 "http://testdgvff.dgsmsus.com/js/isotope.pkgd.min.js" "Virusdie crawler/3.0"
194.58.107.23 - - [11/Oct/2020:01:47:47 +0000] "GET /js/imagesloaded.pkgd.min.js HTTP/1.1" 200 6949 "http://testdgvff.dgsmsus.com/js/imagesloaded.pkgd.min.js" "Virusdie crawler/3.0"
114.119.155.70 - - [11/Oct/2020:02:24:21 +0000] "GET /french/licensing-terms.php HTTP/1.1" 200 20139 "-" "Mozilla/5.0 (Linux; Android 7.0;) AppleWebKit/537.36 (KHTML, like Gecko) Mobile Safari/537.36 (compatible; PetalBot;+https://aspiegel.com/petalbot)"
114.119.152.77 - - [11/Oct/2020:02:40:39 +0000] "GET /french/about-us.php HTTP/1.1" 200 17218 "-" "Mozilla/5.0 (Linux; Android 7.0;) AppleWebKit/537.36 (KHTML, like Gecko) Mobile Safari/537.36 (compatible; PetalBot;+https://aspiegel.com/petalbot)"
157.55.39.28 - - [11/Oct/2020:06:10:01 +0000] "GET /robots.txt HTTP/1.1" 404 208 "-" "Mozilla/5.0 (compatible; bingbot/2.0; +http://www.bing.com/bingbot.htm)"
207.46.13.132 - - [11/Oct/2020:07:33:48 +0000] "GET / HTTP/1.1" 200 21847 "-" "Mozilla/5.0 (compatible; bingbot/2.0; +http://www.bing.com/bingbot.htm)"
35.184.168.81 - - [11/Oct/2020:08:22:52 +0000] "GET /.env HTTP/1.1" 404 202 "-" "Mozilla/5.0 (Macintosh; U; Intel Mac OS X 10_6_8; en-us) AppleWebKit/534.50 (KHTML, like Gecko) Version/5.1 Safari/534.50"
17.58.99.180 - - [11/Oct/2020:11:11:03 +0000] "GET /robots.txt HTTP/1.1" 404 208 "-" "Mozilla/5.0 (Macintosh; Intel Mac OS X 10_15_5) AppleWebKit/605.1.15 (KHTML, like Gecko) Version/13.1.1 Safari/605.1.15 (Applebot/0.1; +http://www.apple.com/go/applebot)"
17.58.98.0 - - [11/Oct/2020:11:11:03 +0000] "GET /?lang=en HTTP/1.1" 200 21847 "-" "Mozilla/5.0 (Macintosh; Intel Mac OS X 10_15_5) AppleWebKit/605.1.15 (KHTML, like Gecko) Version/13.1.1 Safari/605.1.15 (Applebot/0.1; +http://www.apple.com/go/applebot)"
114.119.129.4 - - [11/Oct/2020:11:16:47 +0000] "GET /white-papers.php HTTP/1.1" 200 18782 "-" "Mozilla/5.0 (Linux; Android 7.0;) AppleWebKit/537.36 (KHTML, like Gecko) Mobile Safari/537.36 (compatible; PetalBot;+https://aspiegel.com/petalbot)"
114.119.146.15 - - [11/Oct/2020:12:32:04 +0000] "GET /about-us.php HTTP/1.1" 200 17633 "-" "Mozilla/5.0 (Linux; Android 7.0;) AppleWebKit/537.36 (KHTML, like Gecko) Mobile Safari/537.36 (compatible; PetalBot;+https://aspiegel.com/petalbot)"
114.119.145.160 - - [11/Oct/2020:14:49:52 +0000] "GET /robots.txt HTTP/1.1" 404 208 "-" "(compatible;PetalBot;+https://aspiegel.com/petalbot)"
114.119.143.55 - - [11/Oct/2020:16:19:12 +0000] "GET /robots.txt HTTP/1.1" 404 208 "-" "(compatible;PetalBot;+https://aspiegel.com/petalbot)"
213.108.105.9 - - [11/Oct/2020:18:10:22 +0000] "GET /contact.php HTTP/1.1" 200 18812 "-" "Go-http-client/1.1"
213.108.105.9 - - [11/Oct/2020:18:10:24 +0000] "POST /contact.php HTTP/1.1" 200 7898 "http://www.google.com" "Mozilla/5.0 (Windows; U; Windows NT 5.0; es-ES; rv:1.8.0.3) Gecko/20060426 Firefox/1.5.0.3"
82.239.56.223 - - [11/Oct/2020:19:27:43 +0000] "GET /?lang=en'A=0 HTTP/1.1" 200 21847 "http://testdgvff.dgsmsus.com/?lang=en'A=0" "Mozilla/5.0 (Windows; U; Windows NT 5.1; pt-PT; rv:1.9.1.2) Gecko/20090729 Firefox/3.5.2 (.NET CLR 3.5.30729)"
114.119.133.12 - - [11/Oct/2020:19:28:58 +0000] "GET /testmonials.php HTTP/1.1" 200 21978 "-" "Mozilla/5.0 (Linux; Android 7.0;) AppleWebKit/537.36 (KHTML, like Gecko) Mobile Safari/537.36 (compatible; PetalBot;+https://aspiegel.com/petalbot)"
157.55.39.78 - - [11/Oct/2020:19:43:53 +0000] "GET /french/images/container3.jpg HTTP/1.1" 200 38989 "-" "Mozilla/5.0 (compatible; bingbot/2.0; +http://www.bing.com/bingbot.htm)"
114.119.134.165 - - [11/Oct/2020:23:13:12 +0000] "GET /contact.php HTTP/1.1" 200 18812 "-" "Mozilla/5.0 (Linux; Android 7.0;) AppleWebKit/537.36 (KHTML, like Gecko) Mobile Safari/537.36 (compatible; PetalBot;+https://aspiegel.com/petalbot)"
114.119.134.165 - - [12/Oct/2020:00:52:07 +0000] "GET /french/about-us.php HTTP/1.1" 200 17218 "-" "Mozilla/5.0 (Linux; Android 7.0;) AppleWebKit/537.36 (KHTML, like Gecko) Mobile Safari/537.36 (compatible; PetalBot;+https://aspiegel.com/petalbot)"
114.119.145.19 - - [12/Oct/2020:01:33:51 +0000] "GET /about-us.php HTTP/1.1" 200 17633 "-" "Mozilla/5.0 (Linux; Android 7.0;) AppleWebKit/537.36 (KHTML, like Gecko) Mobile Safari/537.36 (compatible; PetalBot;+https://aspiegel.com/petalbot)"
194.58.107.23 - - [12/Oct/2020:01:46:10 +0000] "GET / HTTP/1.1" 200 21847 "-" "Virusdie crawler/3.0"
194.58.107.23 - - [12/Oct/2020:01:46:16 +0000] "GET /checklist.php HTTP/1.1" 200 29623 "http://testdgvff.dgsmsus.com/checklist.php" "Virusdie crawler/3.0"
194.58.107.23 - - [12/Oct/2020:01:46:28 +0000] "GET /about-us.php HTTP/1.1" 200 17633 "http://testdgvff.dgsmsus.com/about-us.php" "Virusdie crawler/3.0"
194.58.107.23 - - [12/Oct/2020:01:46:32 +0000] "GET /membership-distributor.php HTTP/1.1" 200 18794 "http://testdgvff.dgsmsus.com/membership-distributor.php" "Virusdie crawler/3.0"
194.58.107.23 - - [12/Oct/2020:01:46:39 +0000] "GET /white-papers.php HTTP/1.1" 200 18782 "http://testdgvff.dgsmsus.com/white-papers.php" "Virusdie crawler/3.0"
194.58.107.23 - - [12/Oct/2020:01:46:48 +0000] "GET /what-is-saas.php HTTP/1.1" 200 16565 "http://testdgvff.dgsmsus.com/what-is-saas.php" "Virusdie crawler/3.0"
194.58.107.23 - - [12/Oct/2020:01:46:53 +0000] "GET /licensing-terms.php HTTP/1.1" 200 19978 "http://testdgvff.dgsmsus.com/licensing-terms.php" "Virusdie crawler/3.0"
194.58.107.23 - - [12/Oct/2020:01:47:00 +0000] "GET /system-requirements.php HTTP/1.1" 200 15652 "http://testdgvff.dgsmsus.com/system-requirements.php" "Virusdie crawler/3.0"
194.58.107.23 - - [12/Oct/2020:01:47:08 +0000] "GET /privacy-policy.php HTTP/1.1" 200 20750 "http://testdgvff.dgsmsus.com/privacy-policy.php" "Virusdie crawler/3.0"
194.58.107.23 - - [12/Oct/2020:01:47:14 +0000] "GET /gallery.php HTTP/1.1" 200 15205 "http://testdgvff.dgsmsus.com/gallery.php" "Virusdie crawler/3.0"
194.58.107.23 - - [12/Oct/2020:01:47:18 +0000] "GET /testmonials.php HTTP/1.1" 200 21978 "http://testdgvff.dgsmsus.com/testmonials.php" "Virusdie crawler/3.0"
194.58.107.23 - - [12/Oct/2020:01:47:24 +0000] "GET /js/jquery-1.11.1.min.js HTTP/1.1" 200 95786 "http://testdgvff.dgsmsus.com/js/jquery-1.11.1.min.js" "Virusdie crawler/3.0"
194.58.107.23 - - [12/Oct/2020:01:47:44 +0000] "GET /js/jquery.easing.1.3.js HTTP/1.1" 200 3436 "http://testdgvff.dgsmsus.com/js/jquery.easing.1.3.js" "Virusdie crawler/3.0"
194.58.107.23 - - [12/Oct/2020:01:47:45 +0000] "GET /js/bootstrap.min.js HTTP/1.1" 200 18770 "http://testdgvff.dgsmsus.com/js/bootstrap.min.js" "Virusdie crawler/3.0"
194.58.107.23 - - [12/Oct/2020:01:47:48 +0000] "GET /js/SmoothScroll.js HTTP/1.1" 200 13797 "http://testdgvff.dgsmsus.com/js/SmoothScroll.js" "Virusdie crawler/3.0"
194.58.107.23 - - [12/Oct/2020:01:47:50 +0000] "GET /js/jquery.scrollTo.min.js HTTP/1.1" 200 2434 "http://testdgvff.dgsmsus.com/js/jquery.scrollTo.min.js" "Virusdie crawler/3.0"
194.58.107.23 - - [12/Oct/2020:01:47:51 +0000] "GET /js/jquery.localScroll.min.js HTTP/1.1" 200 1488 "http://testdgvff.dgsmsus.com/js/jquery.localScroll.min.js" "Virusdie crawler/3.0"
194.58.107.23 - - [12/Oct/2020:01:47:53 +0000] "GET /js/jquery.viewport.mini.js HTTP/1.1" 200 1203 "http://testdgvff.dgsmsus.com/js/jquery.viewport.mini.js" "Virusdie crawler/3.0"
194.58.107.23 - - [12/Oct/2020:01:47:54 +0000] "GET /js/jquery.countTo.js HTTP/1.1" 200 949 "http://testdgvff.dgsmsus.com/js/jquery.countTo.js" "Virusdie crawler/3.0"
194.58.107.23 - - [12/Oct/2020:01:47:55 +0000] "GET /js/jquery.appear.js HTTP/1.1" 200 2208 "http://testdgvff.dgsmsus.com/js/jquery.appear.js" "Virusdie crawler/3.0"
194.58.107.23 - - [12/Oct/2020:01:47:57 +0000] "GET /js/jquery.sticky.js HTTP/1.1" 200 5822 "http://testdgvff.dgsmsus.com/js/jquery.sticky.js" "Virusdie crawler/3.0"
194.58.107.23 - - [12/Oct/2020:01:47:58 +0000] "GET /js/jquery.parallax-1.1.3.js HTTP/1.1" 200 609 "http://testdgvff.dgsmsus.com/js/jquery.parallax-1.1.3.js" "Virusdie crawler/3.0"
194.58.107.23 - - [12/Oct/2020:01:47:59 +0000] "GET /js/jquery.fitvids.js HTTP/1.1" 200 2781 "http://testdgvff.dgsmsus.com/js/jquery.fitvids.js" "Virusdie crawler/3.0"
194.58.107.23 - - [12/Oct/2020:01:48:01 +0000] "GET /js/owl.carousel.min.js HTTP/1.1" 200 24308 "http://testdgvff.dgsmsus.com/js/owl.carousel.min.js" "Virusdie crawler/3.0"
194.58.107.23 - - [12/Oct/2020:01:48:04 +0000] "GET /js/isotope.pkgd.min.js HTTP/1.1" 200 35624 "http://testdgvff.dgsmsus.com/js/isotope.pkgd.min.js" "Virusdie crawler/3.0"
194.58.107.23 - - [12/Oct/2020:01:48:07 +0000] "GET /js/imagesloaded.pkgd.min.js HTTP/1.1" 200 6949 "http://testdgvff.dgsmsus.com/js/imagesloaded.pkgd.min.js" "Virusdie crawler/3.0"
114.119.134.165 - - [12/Oct/2020:01:58:00 +0000] "GET /gallery.php HTTP/1.1" 200 15205 "-" "Mozilla/5.0 (Linux; Android 7.0;) AppleWebKit/537.36 (KHTML, like Gecko) Mobile Safari/537.36 (compatible; PetalBot;+https://aspiegel.com/petalbot)"
157.55.39.81 - - [12/Oct/2020:03:25:46 +0000] "GET /french/ HTTP/1.1" 200 22945 "-" "Mozilla/5.0 (compatible; bingbot/2.0; +http://www.bing.com/bingbot.htm)"
114.119.134.165 - - [12/Oct/2020:03:26:46 +0000] "GET /membership-distributor.php HTTP/1.1" 200 18794 "-" "Mozilla/5.0 (Linux; Android 7.0;) AppleWebKit/537.36 (KHTML, like Gecko) Mobile Safari/537.36 (compatible; PetalBot;+https://aspiegel.com/petalbot)"
157.55.39.28 - - [12/Oct/2020:04:05:07 +0000] "GET /robots.txt HTTP/1.1" 404 208 "-" "Mozilla/5.0 (compatible; bingbot/2.0; +http://www.bing.com/bingbot.htm)"
114.119.133.12 - - [12/Oct/2020:05:41:56 +0000] "GET /white-papers.php HTTP/1.1" 200 18782 "-" "Mozilla/5.0 (Linux; Android 7.0;) AppleWebKit/537.36 (KHTML, like Gecko) Mobile Safari/537.36 (compatible; PetalBot;+https://aspiegel.com/petalbot)"
114.119.140.79 - - [12/Oct/2020:06:25:19 +0000] "GET / HTTP/1.1" 200 21847 "-" "Mozilla/5.0 (Linux; Android 7.0;) AppleWebKit/537.36 (KHTML, like Gecko) Mobile Safari/537.36 (compatible; PetalBot;+https://aspiegel.com/petalbot)"
207.46.13.217 - - [12/Oct/2020:06:44:44 +0000] "GET /french/about-us.php HTTP/1.1" 200 17218 "-" "Mozilla/5.0 (compatible; bingbot/2.0; +http://www.bing.com/bingbot.htm)"
157.55.39.81 - - [12/Oct/2020:10:17:57 +0000] "GET /french/ HTTP/1.1" 200 22945 "-" "Mozilla/5.0 (compatible; bingbot/2.0; +http://www.bing.com/bingbot.htm)"
114.119.145.194 - - [12/Oct/2020:10:18:22 +0000] "GET /french/testmonials.php HTTP/1.1" 200 15971 "-" "Mozilla/5.0 (Linux; Android 7.0;) AppleWebKit/537.36 (KHTML, like Gecko) Mobile Safari/537.36 (compatible; PetalBot;+https://aspiegel.com/petalbot)"
35.202.253.241 - - [12/Oct/2020:15:55:30 +0000] "GET /wp-login.php HTTP/1.1" 404 210 "-" "Mozilla/5.0 (X11; Ubuntu; Linux x86_64; rv:62.0) Gecko/20100101 Firefox/62.0"
39.101.129.127 - - [12/Oct/2020:16:43:18 +0000] "GET /statics/css/crop.css HTTP/1.1" 404 218 "-" "python-requests/2.22.0"
114.119.146.15 - - [12/Oct/2020:17:28:08 +0000] "GET /membership-distributor.php HTTP/1.1" 200 18794 "-" "Mozilla/5.0 (Linux; Android 7.0;) AppleWebKit/537.36 (KHTML, like Gecko) Mobile Safari/537.36 (compatible; PetalBot;+https://aspiegel.com/petalbot)"
114.119.153.93 - - [12/Oct/2020:18:57:24 +0000] "GET /robots.txt HTTP/1.1" 404 208 "-" "(compatible;PetalBot;+http://aspiegel.com/petalbot)"
207.46.13.153 - - [12/Oct/2020:19:15:18 +0000] "GET / HTTP/1.1" 200 21847 "-" "Mozilla/5.0 (compatible; bingbot/2.0; +http://www.bing.com/bingbot.htm)"
114.119.137.153 - - [12/Oct/2020:20:23:42 +0000] "GET /robots.txt HTTP/1.1" 404 208 "-" "(compatible;PetalBot;+https://aspiegel.com/petalbot)"
114.119.145.19 - - [12/Oct/2020:20:57:14 +0000] "GET / HTTP/1.1" 200 21847 "-" "Mozilla/5.0 (Linux; Android 7.0;) AppleWebKit/537.36 (KHTML, like Gecko) Mobile Safari/537.36 (compatible; PetalBot;+https://aspiegel.com/petalbot)"
114.119.134.165 - - [12/Oct/2020:22:30:07 +0000] "GET /french/system-requirements.php HTTP/1.1" 200 14722 "-" "Mozilla/5.0 (Linux; Android 7.0;) AppleWebKit/537.36 (KHTML, like Gecko) Mobile Safari/537.36 (compatible; PetalBot;+https://aspiegel.com/petalbot)"
18.141.74.100 - - [12/Oct/2020:22:53:44 +0000] "GET /blog/wp-login.php HTTP/1.1" 404 215 "-" "Mozilla/5.0 (X11; Ubuntu; Linux x86_64; rv:62.0) Gecko/20100101 Firefox/62.0"
114.119.145.194 - - [13/Oct/2020:00:14:37 +0000] "GET /privacy-policy.php HTTP/1.1" 200 20750 "-" "Mozilla/5.0 (Linux; Android 7.0;) AppleWebKit/537.36 (KHTML, like Gecko) Mobile Safari/537.36 (compatible; PetalBot;+https://aspiegel.com/petalbot)"
13.77.177.34 - - [13/Oct/2020:00:36:45 +0000] "GET / HTTP/1.1" 200 21847 "-" "Mozilla/5.0 (Windows NT 10.0; Win64; x64) AppleWebKit/537.36 (KHTML, like Gecko) Chrome/63.0.3239.132 Safari/537.36"
13.77.177.34 - - [13/Oct/2020:00:36:45 +0000] "GET /wp-includes/wlwmanifest.xml HTTP/1.1" 404 225 "-" "Mozilla/5.0 (Windows NT 10.0; Win64; x64) AppleWebKit/537.36 (KHTML, like Gecko) Chrome/63.0.3239.132 Safari/537.36"
13.77.177.34 - - [13/Oct/2020:00:36:50 +0000] "GET /xmlrpc.php?rsd HTTP/1.1" 404 208 "-" "Mozilla/5.0 (Windows NT 10.0; Win64; x64) AppleWebKit/537.36 (KHTML, like Gecko) Chrome/63.0.3239.132 Safari/537.36"
13.77.177.34 - - [13/Oct/2020:00:36:56 +0000] "GET / HTTP/1.1" 200 21847 "-" "Mozilla/5.0 (Windows NT 10.0; Win64; x64) AppleWebKit/537.36 (KHTML, like Gecko) Chrome/63.0.3239.132 Safari/537.36"
13.77.177.34 - - [13/Oct/2020:00:36:56 +0000] "GET /blog/wp-includes/wlwmanifest.xml HTTP/1.1" 404 230 "-" "Mozilla/5.0 (Windows NT 10.0; Win64; x64) AppleWebKit/537.36 (KHTML, like Gecko) Chrome/63.0.3239.132 Safari/537.36"
13.77.177.34 - - [13/Oct/2020:00:37:01 +0000] "GET /wordpress/wp-includes/wlwmanifest.xml HTTP/1.1" 404 235 "-" "Mozilla/5.0 (Windows NT 10.0; Win64; x64) AppleWebKit/537.36 (KHTML, like Gecko) Chrome/63.0.3239.132 Safari/537.36"
13.77.177.34 - - [13/Oct/2020:00:37:06 +0000] "GET /wp/wp-includes/wlwmanifest.xml HTTP/1.1" 404 228 "-" "Mozilla/5.0 (Windows NT 10.0; Win64; x64) AppleWebKit/537.36 (KHTML, like Gecko) Chrome/63.0.3239.132 Safari/537.36"
13.77.177.34 - - [13/Oct/2020:00:37:11 +0000] "GET /site/wp-includes/wlwmanifest.xml HTTP/1.1" 404 230 "-" "Mozilla/5.0 (Windows NT 10.0; Win64; x64) AppleWebKit/537.36 (KHTML, like Gecko) Chrome/63.0.3239.132 Safari/537.36"
13.77.177.34 - - [13/Oct/2020:00:37:16 +0000] "GET /cms/wp-includes/wlwmanifest.xml HTTP/1.1" 404 229 "-" "Mozilla/5.0 (Windows NT 10.0; Win64; x64) AppleWebKit/537.36 (KHTML, like Gecko) Chrome/63.0.3239.132 Safari/537.36"
