77.75.79.11 - - [04/Oct/2020:23:58:48 +0000] "GET /french/pdf/dgsms-white-papers.pdf HTTP/1.1" 404 231 "-" "Mozilla/5.0 (compatible; SeznamBot/3.2; +http://napoveda.seznam.cz/en/seznambot-intro/)"
40.77.188.69 - - [05/Oct/2020:00:22:09 +0000] "GET /?lang=en HTTP/1.1" 200 21847 "-" "Mozilla/5.0 (Windows NT 10.0; Win64; x64) AppleWebKit/537.36 (KHTML, like Gecko) Chrome/85.0.4183.121 Safari/537.36"
40.77.188.149 - - [05/Oct/2020:00:22:09 +0000] "GET /?lang=en HTTP/1.1" 200 21847 "-" "Mozilla/5.0 (Windows NT 10.0; Win64; x64) AppleWebKit/537.36 (KHTML, like Gecko) Chrome/85.0.4183.121 Safari/537.36 Edg/85.0.564.63"
40.77.188.69 - - [05/Oct/2020:00:22:09 +0000] "GET /css/bootstrap.min.css HTTP/1.1" 200 117152 "http://testdgvff.dgsmsus.com/?lang=en" "Mozilla/5.0 (Windows NT 10.0; Win64; x64) AppleWebKit/537.36 (KHTML, like Gecko) Chrome/85.0.4183.121 Safari/537.36"
40.77.188.69 - - [05/Oct/2020:00:22:09 +0000] "GET /css/style-responsive.css HTTP/1.1" 200 13844 "http://testdgvff.dgsmsus.com/?lang=en" "Mozilla/5.0 (Windows NT 10.0; Win64; x64) AppleWebKit/537.36 (KHTML, like Gecko) Chrome/85.0.4183.121 Safari/537.36"
40.77.188.69 - - [05/Oct/2020:00:22:09 +0000] "GET /css/vertical-rhythm.min.css HTTP/1.1" 200 10623 "http://testdgvff.dgsmsus.com/?lang=en" "Mozilla/5.0 (Windows NT 10.0; Win64; x64) AppleWebKit/537.36 (KHTML, like Gecko) Chrome/85.0.4183.121 Safari/537.36"
40.77.188.149 - - [05/Oct/2020:00:22:09 +0000] "GET /css/bootstrap.min.css HTTP/1.1" 200 117152 "http://testdgvff.dgsmsus.com/?lang=en" "Mozilla/5.0 (Windows NT 10.0; Win64; x64) AppleWebKit/537.36 (KHTML, like Gecko) Chrome/85.0.4183.121 Safari/537.36 Edg/85.0.564.63"
40.77.188.69 - - [05/Oct/2020:00:22:09 +0000] "GET /css/animate.min.css HTTP/1.1" 200 53326 "http://testdgvff.dgsmsus.com/?lang=en" "Mozilla/5.0 (Windows NT 10.0; Win64; x64) AppleWebKit/537.36 (KHTML, like Gecko) Chrome/85.0.4183.121 Safari/537.36"
40.77.188.69 - - [05/Oct/2020:00:22:09 +0000] "GET /css/owl.carousel.css HTTP/1.1" 200 5968 "http://testdgvff.dgsmsus.com/?lang=en" "Mozilla/5.0 (Windows NT 10.0; Win64; x64) AppleWebKit/537.36 (KHTML, like Gecko) Chrome/85.0.4183.121 Safari/537.36"
40.77.188.149 - - [05/Oct/2020:00:22:09 +0000] "GET /css/style-responsive.css HTTP/1.1" 200 13844 "http://testdgvff.dgsmsus.com/?lang=en" "Mozilla/5.0 (Windows NT 10.0; Win64; x64) AppleWebKit/537.36 (KHTML, like Gecko) Chrome/85.0.4183.121 Safari/537.36 Edg/85.0.564.63"
40.77.188.149 - - [05/Oct/2020:00:22:09 +0000] "GET /css/animate.min.css HTTP/1.1" 200 53326 "http://testdgvff.dgsmsus.com/?lang=en" "Mozilla/5.0 (Windows NT 10.0; Win64; x64) AppleWebKit/537.36 (KHTML, like Gecko) Chrome/85.0.4183.121 Safari/537.36 Edg/85.0.564.63"
40.77.188.69 - - [05/Oct/2020:00:22:09 +0000] "GET /css/magnific-popup.css HTTP/1.1" 200 8471 "http://testdgvff.dgsmsus.com/?lang=en" "Mozilla/5.0 (Windows NT 10.0; Win64; x64) AppleWebKit/537.36 (KHTML, like Gecko) Chrome/85.0.4183.121 Safari/537.36"
40.77.188.69 - - [05/Oct/2020:00:22:09 +0000] "GET /js/jquery.easing.1.3.js HTTP/1.1" 200 3436 "http://testdgvff.dgsmsus.com/?lang=en" "Mozilla/5.0 (Windows NT 10.0; Win64; x64) AppleWebKit/537.36 (KHTML, like Gecko) Chrome/85.0.4183.121 Safari/537.36"
40.77.188.149 - - [05/Oct/2020:00:22:09 +0000] "GET /css/magnific-popup.css HTTP/1.1" 200 8471 "http://testdgvff.dgsmsus.com/?lang=en" "Mozilla/5.0 (Windows NT 10.0; Win64; x64) AppleWebKit/537.36 (KHTML, like Gecko) Chrome/85.0.4183.121 Safari/537.36 Edg/85.0.564.63"
40.77.188.69 - - [05/Oct/2020:00:22:09 +0000] "GET /css/style.css HTTP/1.1" 200 127753 "http://testdgvff.dgsmsus.com/?lang=en" "Mozilla/5.0 (Windows NT 10.0; Win64; x64) AppleWebKit/537.36 (KHTML, like Gecko) Chrome/85.0.4183.121 Safari/537.36"
40.77.188.149 - - [05/Oct/2020:00:22:09 +0000] "GET /js/jquery-1.11.1.min.js HTTP/1.1" 200 95786 "http://testdgvff.dgsmsus.com/?lang=en" "Mozilla/5.0 (Windows NT 10.0; Win64; x64) AppleWebKit/537.36 (KHTML, like Gecko) Chrome/85.0.4183.121 Safari/537.36 Edg/85.0.564.63"
40.77.188.69 - - [05/Oct/2020:00:22:09 +0000] "GET /js/bootstrap.min.js HTTP/1.1" 200 18770 "http://testdgvff.dgsmsus.com/?lang=en" "Mozilla/5.0 (Windows NT 10.0; Win64; x64) AppleWebKit/537.36 (KHTML, like Gecko) Chrome/85.0.4183.121 Safari/537.36"
40.77.188.149 - - [05/Oct/2020:00:22:09 +0000] "GET /css/style.css HTTP/1.1" 200 127753 "http://testdgvff.dgsmsus.com/?lang=en" "Mozilla/5.0 (Windows NT 10.0; Win64; x64) AppleWebKit/537.36 (KHTML, like Gecko) Chrome/85.0.4183.121 Safari/537.36 Edg/85.0.564.63"
40.77.188.69 - - [05/Oct/2020:00:22:09 +0000] "GET /js/jquery-1.11.1.min.js HTTP/1.1" 200 95786 "http://testdgvff.dgsmsus.com/?lang=en" "Mozilla/5.0 (Windows NT 10.0; Win64; x64) AppleWebKit/537.36 (KHTML, like Gecko) Chrome/85.0.4183.121 Safari/537.36"
40.77.188.69 - - [05/Oct/2020:00:22:09 +0000] "GET /js/jquery.scrollTo.min.js HTTP/1.1" 200 2434 "http://testdgvff.dgsmsus.com/?lang=en" "Mozilla/5.0 (Windows NT 10.0; Win64; x64) AppleWebKit/537.36 (KHTML, like Gecko) Chrome/85.0.4183.121 Safari/537.36"
40.77.188.69 - - [05/Oct/2020:00:22:09 +0000] "GET /js/SmoothScroll.js HTTP/1.1" 200 13797 "http://testdgvff.dgsmsus.com/?lang=en" "Mozilla/5.0 (Windows NT 10.0; Win64; x64) AppleWebKit/537.36 (KHTML, like Gecko) Chrome/85.0.4183.121 Safari/537.36"
40.77.188.149 - - [05/Oct/2020:00:22:09 +0000] "GET /js/jquery.easing.1.3.js HTTP/1.1" 200 3436 "http://testdgvff.dgsmsus.com/?lang=en" "Mozilla/5.0 (Windows NT 10.0; Win64; x64) AppleWebKit/537.36 (KHTML, like Gecko) Chrome/85.0.4183.121 Safari/537.36 Edg/85.0.564.63"
40.77.188.149 - - [05/Oct/2020:00:22:09 +0000] "GET /js/bootstrap.min.js HTTP/1.1" 200 18770 "http://testdgvff.dgsmsus.com/?lang=en" "Mozilla/5.0 (Windows NT 10.0; Win64; x64) AppleWebKit/537.36 (KHTML, like Gecko) Chrome/85.0.4183.121 Safari/537.36 Edg/85.0.564.63"
40.77.188.69 - - [05/Oct/2020:00:22:09 +0000] "GET /js/jquery.localScroll.min.js HTTP/1.1" 200 1488 "http://testdgvff.dgsmsus.com/?lang=en" "Mozilla/5.0 (Windows NT 10.0; Win64; x64) AppleWebKit/537.36 (KHTML, like Gecko) Chrome/85.0.4183.121 Safari/537.36"
40.77.188.69 - - [05/Oct/2020:00:22:09 +0000] "GET /js/jquery.viewport.mini.js HTTP/1.1" 200 1203 "http://testdgvff.dgsmsus.com/?lang=en" "Mozilla/5.0 (Windows NT 10.0; Win64; x64) AppleWebKit/537.36 (KHTML, like Gecko) Chrome/85.0.4183.121 Safari/537.36"
40.77.188.149 - - [05/Oct/2020:00:22:09 +0000] "GET /js/SmoothScroll.js HTTP/1.1" 200 13797 "http://testdgvff.dgsmsus.com/?lang=en" "Mozilla/5.0 (Windows NT 10.0; Win64; x64) AppleWebKit/537.36 (KHTML, like Gecko) Chrome/85.0.4183.121 Safari/537.36 Edg/85.0.564.63"
40.77.188.149 - - [05/Oct/2020:00:22:09 +0000] "GET /js/jquery.scrollTo.min.js HTTP/1.1" 200 2434 "http://testdgvff.dgsmsus.com/?lang=en" "Mozilla/5.0 (Windows NT 10.0; Win64; x64) AppleWebKit/537.36 (KHTML, like Gecko) Chrome/85.0.4183.121 Safari/537.36 Edg/85.0.564.63"
40.77.188.69 - - [05/Oct/2020:00:22:09 +0000] "GET /js/jquery.countTo.js HTTP/1.1" 200 949 "http://testdgvff.dgsmsus.com/?lang=en" "Mozilla/5.0 (Windows NT 10.0; Win64; x64) AppleWebKit/537.36 (KHTML, like Gecko) Chrome/85.0.4183.121 Safari/537.36"
40.77.188.69 - - [05/Oct/2020:00:22:09 +0000] "GET /js/jquery.appear.js HTTP/1.1" 200 2208 "http://testdgvff.dgsmsus.com/?lang=en" "Mozilla/5.0 (Windows NT 10.0; Win64; x64) AppleWebKit/537.36 (KHTML, like Gecko) Chrome/85.0.4183.121 Safari/537.36"
40.77.188.69 - - [05/Oct/2020:00:22:09 +0000] "GET /js/jquery.sticky.js HTTP/1.1" 200 5822 "http://testdgvff.dgsmsus.com/?lang=en" "Mozilla/5.0 (Windows NT 10.0; Win64; x64) AppleWebKit/537.36 (KHTML, like Gecko) Chrome/85.0.4183.121 Safari/537.36"
40.77.188.149 - - [05/Oct/2020:00:22:09 +0000] "GET /js/jquery.localScroll.min.js HTTP/1.1" 200 1488 "http://testdgvff.dgsmsus.com/?lang=en" "Mozilla/5.0 (Windows NT 10.0; Win64; x64) AppleWebKit/537.36 (KHTML, like Gecko) Chrome/85.0.4183.121 Safari/537.36 Edg/85.0.564.63"
40.77.188.69 - - [05/Oct/2020:00:22:09 +0000] "GET /js/jquery.parallax-1.1.3.js HTTP/1.1" 200 609 "http://testdgvff.dgsmsus.com/?lang=en" "Mozilla/5.0 (Windows NT 10.0; Win64; x64) AppleWebKit/537.36 (KHTML, like Gecko) Chrome/85.0.4183.121 Safari/537.36"
40.77.188.149 - - [05/Oct/2020:00:22:09 +0000] "GET /js/jquery.viewport.mini.js HTTP/1.1" 200 1203 "http://testdgvff.dgsmsus.com/?lang=en" "Mozilla/5.0 (Windows NT 10.0; Win64; x64) AppleWebKit/537.36 (KHTML, like Gecko) Chrome/85.0.4183.121 Safari/537.36 Edg/85.0.564.63"
40.77.188.149 - - [05/Oct/2020:00:22:09 +0000] "GET /css/font-awesome.min.css HTTP/1.1" 200 22004 "http://testdgvff.dgsmsus.com/?lang=en" "Mozilla/5.0 (Windows NT 10.0; Win64; x64) AppleWebKit/537.36 (KHTML, like Gecko) Chrome/85.0.4183.121 Safari/537.36 Edg/85.0.564.63"
40.77.188.149 - - [05/Oct/2020:00:22:09 +0000] "GET /css/et-line.css HTTP/1.1" 200 7071 "http://testdgvff.dgsmsus.com/?lang=en" "Mozilla/5.0 (Windows NT 10.0; Win64; x64) AppleWebKit/537.36 (KHTML, like Gecko) Chrome/85.0.4183.121 Safari/537.36 Edg/85.0.564.63"
40.77.188.69 - - [05/Oct/2020:00:22:09 +0000] "GET /js/jquery.fitvids.js HTTP/1.1" 200 2781 "http://testdgvff.dgsmsus.com/?lang=en" "Mozilla/5.0 (Windows NT 10.0; Win64; x64) AppleWebKit/537.36 (KHTML, like Gecko) Chrome/85.0.4183.121 Safari/537.36"
40.77.188.69 - - [05/Oct/2020:00:22:09 +0000] "GET /js/owl.carousel.min.js HTTP/1.1" 200 24308 "http://testdgvff.dgsmsus.com/?lang=en" "Mozilla/5.0 (Windows NT 10.0; Win64; x64) AppleWebKit/537.36 (KHTML, like Gecko) Chrome/85.0.4183.121 Safari/537.36"
40.77.188.69 - - [05/Oct/2020:00:22:09 +0000] "GET /js/isotope.pkgd.min.js HTTP/1.1" 200 35624 "http://testdgvff.dgsmsus.com/?lang=en" "Mozilla/5.0 (Windows NT 10.0; Win64; x64) AppleWebKit/537.36 (KHTML, like Gecko) Chrome/85.0.4183.121 Safari/537.36"
40.77.188.69 - - [05/Oct/2020:00:22:09 +0000] "GET /js/imagesloaded.pkgd.min.js HTTP/1.1" 200 6949 "http://testdgvff.dgsmsus.com/?lang=en" "Mozilla/5.0 (Windows NT 10.0; Win64; x64) AppleWebKit/537.36 (KHTML, like Gecko) Chrome/85.0.4183.121 Safari/537.36"
40.77.188.69 - - [05/Oct/2020:00:22:09 +0000] "GET /js/jquery.magnific-popup.min.js HTTP/1.1" 200 20947 "http://testdgvff.dgsmsus.com/?lang=en" "Mozilla/5.0 (Windows NT 10.0; Win64; x64) AppleWebKit/537.36 (KHTML, like Gecko) Chrome/85.0.4183.121 Safari/537.36"
40.77.188.149 - - [05/Oct/2020:00:22:09 +0000] "GET /js/jquery.countTo.js HTTP/1.1" 200 949 "http://testdgvff.dgsmsus.com/?lang=en" "Mozilla/5.0 (Windows NT 10.0; Win64; x64) AppleWebKit/537.36 (KHTML, like Gecko) Chrome/85.0.4183.121 Safari/537.36 Edg/85.0.564.63"
40.77.188.69 - - [05/Oct/2020:00:22:09 +0000] "GET /css/et-line.css HTTP/1.1" 200 7071 "http://testdgvff.dgsmsus.com/?lang=en" "Mozilla/5.0 (Windows NT 10.0; Win64; x64) AppleWebKit/537.36 (KHTML, like Gecko) Chrome/85.0.4183.121 Safari/537.36"
40.77.188.149 - - [05/Oct/2020:00:22:09 +0000] "GET /js/jquery.sticky.js HTTP/1.1" 200 5822 "http://testdgvff.dgsmsus.com/?lang=en" "Mozilla/5.0 (Windows NT 10.0; Win64; x64) AppleWebKit/537.36 (KHTML, like Gecko) Chrome/85.0.4183.121 Safari/537.36 Edg/85.0.564.63"
40.77.188.149 - - [05/Oct/2020:00:22:09 +0000] "GET /js/jquery.appear.js HTTP/1.1" 200 2208 "http://testdgvff.dgsmsus.com/?lang=en" "Mozilla/5.0 (Windows NT 10.0; Win64; x64) AppleWebKit/537.36 (KHTML, like Gecko) Chrome/85.0.4183.121 Safari/537.36 Edg/85.0.564.63"
40.77.188.69 - - [05/Oct/2020:00:22:09 +0000] "GET /css/font-awesome.min.css HTTP/1.1" 200 22004 "http://testdgvff.dgsmsus.com/?lang=en" "Mozilla/5.0 (Windows NT 10.0; Win64; x64) AppleWebKit/537.36 (KHTML, like Gecko) Chrome/85.0.4183.121 Safari/537.36"
40.77.188.69 - - [05/Oct/2020:00:22:09 +0000] "GET /js/gmap3.min.js HTTP/1.1" 200 25225 "http://testdgvff.dgsmsus.com/?lang=en" "Mozilla/5.0 (Windows NT 10.0; Win64; x64) AppleWebKit/537.36 (KHTML, like Gecko) Chrome/85.0.4183.121 Safari/537.36"
40.77.188.149 - - [05/Oct/2020:00:22:09 +0000] "GET /js/jquery.fitvids.js HTTP/1.1" 200 2781 "http://testdgvff.dgsmsus.com/?lang=en" "Mozilla/5.0 (Windows NT 10.0; Win64; x64) AppleWebKit/537.36 (KHTML, like Gecko) Chrome/85.0.4183.121 Safari/537.36 Edg/85.0.564.63"
40.77.188.69 - - [05/Oct/2020:00:22:09 +0000] "GET /js/wow.min.js HTTP/1.1" 200 7082 "http://testdgvff.dgsmsus.com/?lang=en" "Mozilla/5.0 (Windows NT 10.0; Win64; x64) AppleWebKit/537.36 (KHTML, like Gecko) Chrome/85.0.4183.121 Safari/537.36"
40.77.188.69 - - [05/Oct/2020:00:22:09 +0000] "GET /js/jquery.simple-text-rotator.min.js HTTP/1.1" 200 3554 "http://testdgvff.dgsmsus.com/?lang=en" "Mozilla/5.0 (Windows NT 10.0; Win64; x64) AppleWebKit/537.36 (KHTML, like Gecko) Chrome/85.0.4183.121 Safari/537.36"
40.77.188.69 - - [05/Oct/2020:00:22:09 +0000] "GET /js/masonry.pkgd.min.js HTTP/1.1" 200 26179 "http://testdgvff.dgsmsus.com/?lang=en" "Mozilla/5.0 (Windows NT 10.0; Win64; x64) AppleWebKit/537.36 (KHTML, like Gecko) Chrome/85.0.4183.121 Safari/537.36"
40.77.188.149 - - [05/Oct/2020:00:22:09 +0000] "GET /js/jquery.parallax-1.1.3.js HTTP/1.1" 200 609 "http://testdgvff.dgsmsus.com/?lang=en" "Mozilla/5.0 (Windows NT 10.0; Win64; x64) AppleWebKit/537.36 (KHTML, like Gecko) Chrome/85.0.4183.121 Safari/537.36 Edg/85.0.564.63"
40.77.188.69 - - [05/Oct/2020:00:22:09 +0000] "GET /js/all.js HTTP/1.1" 200 23952 "http://testdgvff.dgsmsus.com/?lang=en" "Mozilla/5.0 (Windows NT 10.0; Win64; x64) AppleWebKit/537.36 (KHTML, like Gecko) Chrome/85.0.4183.121 Safari/537.36"
40.77.188.149 - - [05/Oct/2020:00:22:09 +0000] "GET /js/owl.carousel.min.js HTTP/1.1" 200 24308 "http://testdgvff.dgsmsus.com/?lang=en" "Mozilla/5.0 (Windows NT 10.0; Win64; x64) AppleWebKit/537.36 (KHTML, like Gecko) Chrome/85.0.4183.121 Safari/537.36 Edg/85.0.564.63"
40.77.188.149 - - [05/Oct/2020:00:22:09 +0000] "GET /js/isotope.pkgd.min.js HTTP/1.1" 200 35624 "http://testdgvff.dgsmsus.com/?lang=en" "Mozilla/5.0 (Windows NT 10.0; Win64; x64) AppleWebKit/537.36 (KHTML, like Gecko) Chrome/85.0.4183.121 Safari/537.36 Edg/85.0.564.63"
40.77.188.149 - - [05/Oct/2020:00:22:09 +0000] "GET /js/imagesloaded.pkgd.min.js HTTP/1.1" 200 6949 "http://testdgvff.dgsmsus.com/?lang=en" "Mozilla/5.0 (Windows NT 10.0; Win64; x64) AppleWebKit/537.36 (KHTML, like Gecko) Chrome/85.0.4183.121 Safari/537.36 Edg/85.0.564.63"
40.77.188.149 - - [05/Oct/2020:00:22:09 +0000] "GET /js/jquery.magnific-popup.min.js HTTP/1.1" 200 20947 "http://testdgvff.dgsmsus.com/?lang=en" "Mozilla/5.0 (Windows NT 10.0; Win64; x64) AppleWebKit/537.36 (KHTML, like Gecko) Chrome/85.0.4183.121 Safari/537.36 Edg/85.0.564.63"
40.77.188.69 - - [05/Oct/2020:00:22:09 +0000] "GET /js/contact-form.js HTTP/1.1" 200 2446 "http://testdgvff.dgsmsus.com/?lang=en" "Mozilla/5.0 (Windows NT 10.0; Win64; x64) AppleWebKit/537.36 (KHTML, like Gecko) Chrome/85.0.4183.121 Safari/537.36"
40.77.188.149 - - [05/Oct/2020:00:22:09 +0000] "GET /js/gmap3.min.js HTTP/1.1" 200 25225 "http://testdgvff.dgsmsus.com/?lang=en" "Mozilla/5.0 (Windows NT 10.0; Win64; x64) AppleWebKit/537.36 (KHTML, like Gecko) Chrome/85.0.4183.121 Safari/537.36 Edg/85.0.564.63"
40.77.188.149 - - [05/Oct/2020:00:22:09 +0000] "GET /js/wow.min.js HTTP/1.1" 200 7082 "http://testdgvff.dgsmsus.com/?lang=en" "Mozilla/5.0 (Windows NT 10.0; Win64; x64) AppleWebKit/537.36 (KHTML, like Gecko) Chrome/85.0.4183.121 Safari/537.36 Edg/85.0.564.63"
40.77.188.149 - - [05/Oct/2020:00:22:09 +0000] "GET /js/jquery.simple-text-rotator.min.js HTTP/1.1" 200 3554 "http://testdgvff.dgsmsus.com/?lang=en" "Mozilla/5.0 (Windows NT 10.0; Win64; x64) AppleWebKit/537.36 (KHTML, like Gecko) Chrome/85.0.4183.121 Safari/537.36 Edg/85.0.564.63"
40.77.188.149 - - [05/Oct/2020:00:22:09 +0000] "GET /js/masonry.pkgd.min.js HTTP/1.1" 200 26179 "http://testdgvff.dgsmsus.com/?lang=en" "Mozilla/5.0 (Windows NT 10.0; Win64; x64) AppleWebKit/537.36 (KHTML, like Gecko) Chrome/85.0.4183.121 Safari/537.36 Edg/85.0.564.63"
40.77.188.149 - - [05/Oct/2020:00:22:09 +0000] "GET /js/contact-form.js HTTP/1.1" 200 2446 "http://testdgvff.dgsmsus.com/?lang=en" "Mozilla/5.0 (Windows NT 10.0; Win64; x64) AppleWebKit/537.36 (KHTML, like Gecko) Chrome/85.0.4183.121 Safari/537.36 Edg/85.0.564.63"
40.77.188.149 - - [05/Oct/2020:00:22:09 +0000] "GET /js/all.js HTTP/1.1" 200 23952 "http://testdgvff.dgsmsus.com/?lang=en" "Mozilla/5.0 (Windows NT 10.0; Win64; x64) AppleWebKit/537.36 (KHTML, like Gecko) Chrome/85.0.4183.121 Safari/537.36 Edg/85.0.564.63"
40.77.188.69 - - [05/Oct/2020:00:22:10 +0000] "GET /fonts/fontawesome-webfont78ce.woff?v=4.2.0 HTTP/1.1" 200 65452 "http://testdgvff.dgsmsus.com/css/font-awesome.min.css" "Mozilla/5.0 (Windows NT 10.0; Win64; x64) AppleWebKit/537.36 (KHTML, like Gecko) Chrome/85.0.4183.121 Safari/537.36"
40.77.188.149 - - [05/Oct/2020:00:22:10 +0000] "GET /css/vertical-rhythm.min.css HTTP/1.1" 200 10623 "http://testdgvff.dgsmsus.com/?lang=en" "Mozilla/5.0 (Windows NT 10.0; Win64; x64) AppleWebKit/537.36 (KHTML, like Gecko) Chrome/85.0.4183.121 Safari/537.36 Edg/85.0.564.63"
40.77.188.149 - - [05/Oct/2020:00:22:11 +0000] "GET /css/owl.carousel.css HTTP/1.1" 200 5968 "http://testdgvff.dgsmsus.com/?lang=en" "Mozilla/5.0 (Windows NT 10.0; Win64; x64) AppleWebKit/537.36 (KHTML, like Gecko) Chrome/85.0.4183.121 Safari/537.36 Edg/85.0.564.63"
40.77.188.149 - - [05/Oct/2020:00:22:11 +0000] "GET /fonts/fontawesome-webfont78ce.woff?v=4.2.0 HTTP/1.1" 200 65452 "http://testdgvff.dgsmsus.com/css/font-awesome.min.css" "Mozilla/5.0 (Windows NT 10.0; Win64; x64) AppleWebKit/537.36 (KHTML, like Gecko) Chrome/85.0.4183.121 Safari/537.36 Edg/85.0.564.63"
95.163.255.3 - - [05/Oct/2020:00:31:38 +0000] "GET /robots.txt HTTP/1.0" 404 208 "-" "Mozilla/5.0 (compatible; Linux x86_64; Mail.RU_Bot/2.0; +http://go.mail.ru/help/robots)"
95.163.255.6 - - [05/Oct/2020:00:31:42 +0000] "GET /privacy-policy.php HTTP/1.1" 200 20750 "-" "Mozilla/5.0 (compatible; Linux x86_64; Mail.RU_Bot/2.0; +http://go.mail.ru/help/robots)"
194.58.107.23 - - [05/Oct/2020:01:41:01 +0000] "GET / HTTP/1.1" 200 21847 "-" "Virusdie crawler/3.0"
194.58.107.23 - - [05/Oct/2020:01:41:08 +0000] "GET /checklist.php HTTP/1.1" 200 29623 "http://testdgvff.dgsmsus.com/checklist.php" "Virusdie crawler/3.0"
194.58.107.23 - - [05/Oct/2020:01:41:19 +0000] "GET /about-us.php HTTP/1.1" 200 17633 "http://testdgvff.dgsmsus.com/about-us.php" "Virusdie crawler/3.0"
194.58.107.23 - - [05/Oct/2020:01:41:23 +0000] "GET /membership-distributor.php HTTP/1.1" 200 18794 "http://testdgvff.dgsmsus.com/membership-distributor.php" "Virusdie crawler/3.0"
194.58.107.23 - - [05/Oct/2020:01:41:27 +0000] "GET /white-papers.php HTTP/1.1" 200 18782 "http://testdgvff.dgsmsus.com/white-papers.php" "Virusdie crawler/3.0"
194.58.107.23 - - [05/Oct/2020:01:41:38 +0000] "GET /what-is-saas.php HTTP/1.1" 200 16565 "http://testdgvff.dgsmsus.com/what-is-saas.php" "Virusdie crawler/3.0"
194.58.107.23 - - [05/Oct/2020:01:41:43 +0000] "GET /licensing-terms.php HTTP/1.1" 200 19978 "http://testdgvff.dgsmsus.com/licensing-terms.php" "Virusdie crawler/3.0"
194.58.107.23 - - [05/Oct/2020:01:41:48 +0000] "GET /system-requirements.php HTTP/1.1" 200 15652 "http://testdgvff.dgsmsus.com/system-requirements.php" "Virusdie crawler/3.0"
194.58.107.23 - - [05/Oct/2020:01:41:55 +0000] "GET /privacy-policy.php HTTP/1.1" 200 20750 "http://testdgvff.dgsmsus.com/privacy-policy.php" "Virusdie crawler/3.0"
194.58.107.23 - - [05/Oct/2020:01:42:02 +0000] "GET /gallery.php HTTP/1.1" 200 15205 "http://testdgvff.dgsmsus.com/gallery.php" "Virusdie crawler/3.0"
194.58.107.23 - - [05/Oct/2020:01:42:07 +0000] "GET /testmonials.php HTTP/1.1" 200 21978 "http://testdgvff.dgsmsus.com/testmonials.php" "Virusdie crawler/3.0"
194.58.107.23 - - [05/Oct/2020:01:42:12 +0000] "GET /js/jquery-1.11.1.min.js HTTP/1.1" 200 95786 "http://testdgvff.dgsmsus.com/js/jquery-1.11.1.min.js" "Virusdie crawler/3.0"
194.58.107.23 - - [05/Oct/2020:01:42:33 +0000] "GET /js/jquery.easing.1.3.js HTTP/1.1" 200 3436 "http://testdgvff.dgsmsus.com/js/jquery.easing.1.3.js" "Virusdie crawler/3.0"
194.58.107.23 - - [05/Oct/2020:01:42:35 +0000] "GET /js/bootstrap.min.js HTTP/1.1" 200 18770 "http://testdgvff.dgsmsus.com/js/bootstrap.min.js" "Virusdie crawler/3.0"
194.58.107.23 - - [05/Oct/2020:01:42:38 +0000] "GET /js/SmoothScroll.js HTTP/1.1" 200 13797 "http://testdgvff.dgsmsus.com/js/SmoothScroll.js" "Virusdie crawler/3.0"
194.58.107.23 - - [05/Oct/2020:01:42:41 +0000] "GET /js/jquery.scrollTo.min.js HTTP/1.1" 200 2434 "http://testdgvff.dgsmsus.com/js/jquery.scrollTo.min.js" "Virusdie crawler/3.0"
194.58.107.23 - - [05/Oct/2020:01:42:42 +0000] "GET /js/jquery.localScroll.min.js HTTP/1.1" 200 1488 "http://testdgvff.dgsmsus.com/js/jquery.localScroll.min.js" "Virusdie crawler/3.0"
194.58.107.23 - - [05/Oct/2020:01:42:44 +0000] "GET /js/jquery.viewport.mini.js HTTP/1.1" 200 1203 "http://testdgvff.dgsmsus.com/js/jquery.viewport.mini.js" "Virusdie crawler/3.0"
194.58.107.23 - - [05/Oct/2020:01:42:45 +0000] "GET /js/jquery.countTo.js HTTP/1.1" 200 949 "http://testdgvff.dgsmsus.com/js/jquery.countTo.js" "Virusdie crawler/3.0"
194.58.107.23 - - [05/Oct/2020:01:42:46 +0000] "GET /js/jquery.appear.js HTTP/1.1" 200 2208 "http://testdgvff.dgsmsus.com/js/jquery.appear.js" "Virusdie crawler/3.0"
194.58.107.23 - - [05/Oct/2020:01:42:47 +0000] "GET /js/jquery.sticky.js HTTP/1.1" 200 5822 "http://testdgvff.dgsmsus.com/js/jquery.sticky.js" "Virusdie crawler/3.0"
194.58.107.23 - - [05/Oct/2020:01:42:49 +0000] "GET /js/jquery.parallax-1.1.3.js HTTP/1.1" 200 609 "http://testdgvff.dgsmsus.com/js/jquery.parallax-1.1.3.js" "Virusdie crawler/3.0"
194.58.107.23 - - [05/Oct/2020:01:42:50 +0000] "GET /js/jquery.fitvids.js HTTP/1.1" 200 2781 "http://testdgvff.dgsmsus.com/js/jquery.fitvids.js" "Virusdie crawler/3.0"
194.58.107.23 - - [05/Oct/2020:01:42:52 +0000] "GET /js/owl.carousel.min.js HTTP/1.1" 200 24308 "http://testdgvff.dgsmsus.com/js/owl.carousel.min.js" "Virusdie crawler/3.0"
194.58.107.23 - - [05/Oct/2020:01:42:55 +0000] "GET /js/isotope.pkgd.min.js HTTP/1.1" 200 35624 "http://testdgvff.dgsmsus.com/js/isotope.pkgd.min.js" "Virusdie crawler/3.0"
194.58.107.23 - - [05/Oct/2020:01:42:59 +0000] "GET /js/imagesloaded.pkgd.min.js HTTP/1.1" 200 6949 "http://testdgvff.dgsmsus.com/js/imagesloaded.pkgd.min.js" "Virusdie crawler/3.0"
77.75.76.162 - - [05/Oct/2020:02:05:25 +0000] "GET /robots.txt HTTP/1.1" 404 208 "-" "Mozilla/5.0 (compatible; SeznamBot/3.2; +http://napoveda.seznam.cz/en/seznambot-intro/)"
77.75.76.162 - - [05/Oct/2020:02:05:26 +0000] "GET /french/images/saas-banner.jpg HTTP/1.1" 200 60337 "-" "Mozilla/5.0 (compatible; SeznamBot/3.2; +http://napoveda.seznam.cz/en/seznambot-intro/)"
77.75.79.32 - - [05/Oct/2020:02:35:55 +0000] "GET /robots.txt HTTP/1.1" 404 208 "-" "Mozilla/5.0 (compatible; SeznamBot/3.2; +http://napoveda.seznam.cz/en/seznambot-intro/)"
77.75.79.32 - - [05/Oct/2020:02:35:56 +0000] "GET /french/images/testmonials.jpg HTTP/1.1" 200 14108 "-" "Mozilla/5.0 (compatible; SeznamBot/3.2; +http://napoveda.seznam.cz/en/seznambot-intro/)"
77.75.79.32 - - [05/Oct/2020:02:35:57 +0000] "GET /french/gallery.php HTTP/1.1" 200 14307 "-" "Mozilla/5.0 (compatible; SeznamBot/3.2; +http://napoveda.seznam.cz/en/seznambot-intro/)"
114.119.146.15 - - [05/Oct/2020:03:37:42 +0000] "GET /system-requirements.php HTTP/1.1" 200 15652 "-" "Mozilla/5.0 (Linux; Android 7.0;) AppleWebKit/537.36 (KHTML, like Gecko) Mobile Safari/537.36 (compatible; PetalBot;+https://aspiegel.com/petalbot)"
114.119.145.56 - - [05/Oct/2020:03:44:15 +0000] "GET /french/about-us.php HTTP/1.1" 200 17218 "-" "Mozilla/5.0 (Linux; Android 7.0;) AppleWebKit/537.36 (KHTML, like Gecko) Mobile Safari/537.36 (compatible; PetalBot;+https://aspiegel.com/petalbot)"
77.75.79.32 - - [05/Oct/2020:03:56:43 +0000] "GET /robots.txt HTTP/1.1" 404 208 "-" "Mozilla/5.0 (compatible; SeznamBot/3.2; +http://napoveda.seznam.cz/en/seznambot-intro/)"
77.75.79.32 - - [05/Oct/2020:03:56:57 +0000] "GET /french/contact.php HTTP/1.1" 200 18465 "-" "Mozilla/5.0 (compatible; SeznamBot/3.2; +http://napoveda.seznam.cz/en/seznambot-intro/)"
77.75.77.54 - - [05/Oct/2020:05:52:42 +0000] "GET /robots.txt HTTP/1.1" 404 208 "-" "Mozilla/5.0 (compatible; SeznamBot/3.2; +http://napoveda.seznam.cz/en/seznambot-intro/)"
77.75.77.54 - - [05/Oct/2020:05:52:43 +0000] "GET /french/system-requirements.php HTTP/1.1" 200 14722 "-" "Mozilla/5.0 (compatible; SeznamBot/3.2; +http://napoveda.seznam.cz/en/seznambot-intro/)"
77.75.79.17 - - [05/Oct/2020:07:43:36 +0000] "GET /robots.txt HTTP/1.1" 404 208 "-" "Mozilla/5.0 (compatible; SeznamBot/3.2; +http://napoveda.seznam.cz/en/seznambot-intro/)"
77.75.79.17 - - [05/Oct/2020:07:43:37 +0000] "GET /pdf/dgsms-white-papers.pdf HTTP/1.1" 304 - "-" "Mozilla/5.0 (compatible; SeznamBot/3.2; +http://napoveda.seznam.cz/en/seznambot-intro/)"
114.119.129.4 - - [05/Oct/2020:08:20:21 +0000] "GET /french/privacy-policy.php HTTP/1.1" 200 21298 "-" "Mozilla/5.0 (Linux; Android 7.0;) AppleWebKit/537.36 (KHTML, like Gecko) Mobile Safari/537.36 (compatible; PetalBot;+https://aspiegel.com/petalbot)"
77.75.79.101 - - [05/Oct/2020:09:55:08 +0000] "GET /robots.txt HTTP/1.1" 404 208 "-" "Mozilla/5.0 (compatible; SeznamBot/3.2; +http://napoveda.seznam.cz/en/seznambot-intro/)"
77.75.79.101 - - [05/Oct/2020:09:55:09 +0000] "GET /DGflyers/dgvff.pdf HTTP/1.1" 304 - "-" "Mozilla/5.0 (compatible; SeznamBot/3.2; +http://napoveda.seznam.cz/en/seznambot-intro/)"
114.119.146.15 - - [05/Oct/2020:09:58:18 +0000] "GET /licensing-terms.php HTTP/1.1" 200 19978 "-" "Mozilla/5.0 (Linux; Android 7.0;) AppleWebKit/537.36 (KHTML, like Gecko) Mobile Safari/537.36 (compatible; PetalBot;+https://aspiegel.com/petalbot)"
40.77.189.90 - - [05/Oct/2020:11:02:07 +0000] "GET / HTTP/1.1" 200 21847 "-" "Mozilla/5.0 (Windows NT 10.0; Win64; x64) AppleWebKit/537.36 (KHTML, like Gecko) Chrome/85.0.4183.121 Safari/537.36"
40.77.190.168 - - [05/Oct/2020:11:02:07 +0000] "GET / HTTP/1.1" 200 21847 "-" "Mozilla/5.0 (Windows NT 10.0; Win64; x64) AppleWebKit/537.36 (KHTML, like Gecko) Chrome/85.0.4183.121 Safari/537.36 Edg/85.0.564.63"
40.77.190.168 - - [05/Oct/2020:11:02:07 +0000] "GET /css/bootstrap.min.css HTTP/1.1" 200 117152 "http://testdgvff.dgsmsus.com/" "Mozilla/5.0 (Windows NT 10.0; Win64; x64) AppleWebKit/537.36 (KHTML, like Gecko) Chrome/85.0.4183.121 Safari/537.36 Edg/85.0.564.63"
40.77.189.90 - - [05/Oct/2020:11:02:07 +0000] "GET /css/bootstrap.min.css HTTP/1.1" 200 117152 "http://testdgvff.dgsmsus.com/" "Mozilla/5.0 (Windows NT 10.0; Win64; x64) AppleWebKit/537.36 (KHTML, like Gecko) Chrome/85.0.4183.121 Safari/537.36"
40.77.190.168 - - [05/Oct/2020:11:02:07 +0000] "GET /css/vertical-rhythm.min.css HTTP/1.1" 200 10623 "http://testdgvff.dgsmsus.com/" "Mozilla/5.0 (Windows NT 10.0; Win64; x64) AppleWebKit/537.36 (KHTML, like Gecko) Chrome/85.0.4183.121 Safari/537.36 Edg/85.0.564.63"
40.77.190.168 - - [05/Oct/2020:11:02:07 +0000] "GET /css/style-responsive.css HTTP/1.1" 200 13844 "http://testdgvff.dgsmsus.com/" "Mozilla/5.0 (Windows NT 10.0; Win64; x64) AppleWebKit/537.36 (KHTML, like Gecko) Chrome/85.0.4183.121 Safari/537.36 Edg/85.0.564.63"
40.77.190.168 - - [05/Oct/2020:11:02:07 +0000] "GET /css/animate.min.css HTTP/1.1" 200 53326 "http://testdgvff.dgsmsus.com/" "Mozilla/5.0 (Windows NT 10.0; Win64; x64) AppleWebKit/537.36 (KHTML, like Gecko) Chrome/85.0.4183.121 Safari/537.36 Edg/85.0.564.63"
40.77.190.168 - - [05/Oct/2020:11:02:07 +0000] "GET /css/owl.carousel.css HTTP/1.1" 200 5968 "http://testdgvff.dgsmsus.com/" "Mozilla/5.0 (Windows NT 10.0; Win64; x64) AppleWebKit/537.36 (KHTML, like Gecko) Chrome/85.0.4183.121 Safari/537.36 Edg/85.0.564.63"
40.77.189.90 - - [05/Oct/2020:11:02:07 +0000] "GET /css/style-responsive.css HTTP/1.1" 200 13844 "http://testdgvff.dgsmsus.com/" "Mozilla/5.0 (Windows NT 10.0; Win64; x64) AppleWebKit/537.36 (KHTML, like Gecko) Chrome/85.0.4183.121 Safari/537.36"
40.77.190.168 - - [05/Oct/2020:11:02:07 +0000] "GET /css/magnific-popup.css HTTP/1.1" 200 8471 "http://testdgvff.dgsmsus.com/" "Mozilla/5.0 (Windows NT 10.0; Win64; x64) AppleWebKit/537.36 (KHTML, like Gecko) Chrome/85.0.4183.121 Safari/537.36 Edg/85.0.564.63"
40.77.190.168 - - [05/Oct/2020:11:02:07 +0000] "GET /js/jquery.easing.1.3.js HTTP/1.1" 200 3436 "http://testdgvff.dgsmsus.com/" "Mozilla/5.0 (Windows NT 10.0; Win64; x64) AppleWebKit/537.36 (KHTML, like Gecko) Chrome/85.0.4183.121 Safari/537.36 Edg/85.0.564.63"
40.77.190.168 - - [05/Oct/2020:11:02:07 +0000] "GET /js/bootstrap.min.js HTTP/1.1" 200 18770 "http://testdgvff.dgsmsus.com/" "Mozilla/5.0 (Windows NT 10.0; Win64; x64) AppleWebKit/537.36 (KHTML, like Gecko) Chrome/85.0.4183.121 Safari/537.36 Edg/85.0.564.63"
40.77.189.90 - - [05/Oct/2020:11:02:07 +0000] "GET /css/magnific-popup.css HTTP/1.1" 200 8471 "http://testdgvff.dgsmsus.com/" "Mozilla/5.0 (Windows NT 10.0; Win64; x64) AppleWebKit/537.36 (KHTML, like Gecko) Chrome/85.0.4183.121 Safari/537.36"
40.77.190.168 - - [05/Oct/2020:11:02:07 +0000] "GET /css/style.css HTTP/1.1" 200 127753 "http://testdgvff.dgsmsus.com/" "Mozilla/5.0 (Windows NT 10.0; Win64; x64) AppleWebKit/537.36 (KHTML, like Gecko) Chrome/85.0.4183.121 Safari/537.36 Edg/85.0.564.63"
40.77.190.168 - - [05/Oct/2020:11:02:07 +0000] "GET /js/SmoothScroll.js HTTP/1.1" 200 13797 "http://testdgvff.dgsmsus.com/" "Mozilla/5.0 (Windows NT 10.0; Win64; x64) AppleWebKit/537.36 (KHTML, like Gecko) Chrome/85.0.4183.121 Safari/537.36 Edg/85.0.564.63"
40.77.189.90 - - [05/Oct/2020:11:02:07 +0000] "GET /js/jquery-1.11.1.min.js HTTP/1.1" 200 95786 "http://testdgvff.dgsmsus.com/" "Mozilla/5.0 (Windows NT 10.0; Win64; x64) AppleWebKit/537.36 (KHTML, like Gecko) Chrome/85.0.4183.121 Safari/537.36"
40.77.190.168 - - [05/Oct/2020:11:02:07 +0000] "GET /js/jquery-1.11.1.min.js HTTP/1.1" 200 95786 "http://testdgvff.dgsmsus.com/" "Mozilla/5.0 (Windows NT 10.0; Win64; x64) AppleWebKit/537.36 (KHTML, like Gecko) Chrome/85.0.4183.121 Safari/537.36 Edg/85.0.564.63"
40.77.189.90 - - [05/Oct/2020:11:02:07 +0000] "GET /css/style.css HTTP/1.1" 200 127753 "http://testdgvff.dgsmsus.com/" "Mozilla/5.0 (Windows NT 10.0; Win64; x64) AppleWebKit/537.36 (KHTML, like Gecko) Chrome/85.0.4183.121 Safari/537.36"
40.77.190.168 - - [05/Oct/2020:11:02:07 +0000] "GET /js/jquery.scrollTo.min.js HTTP/1.1" 200 2434 "http://testdgvff.dgsmsus.com/" "Mozilla/5.0 (Windows NT 10.0; Win64; x64) AppleWebKit/537.36 (KHTML, like Gecko) Chrome/85.0.4183.121 Safari/537.36 Edg/85.0.564.63"
40.77.190.168 - - [05/Oct/2020:11:02:07 +0000] "GET /js/jquery.localScroll.min.js HTTP/1.1" 200 1488 "http://testdgvff.dgsmsus.com/" "Mozilla/5.0 (Windows NT 10.0; Win64; x64) AppleWebKit/537.36 (KHTML, like Gecko) Chrome/85.0.4183.121 Safari/537.36 Edg/85.0.564.63"
40.77.189.90 - - [05/Oct/2020:11:02:07 +0000] "GET /js/jquery.easing.1.3.js HTTP/1.1" 200 3436 "http://testdgvff.dgsmsus.com/" "Mozilla/5.0 (Windows NT 10.0; Win64; x64) AppleWebKit/537.36 (KHTML, like Gecko) Chrome/85.0.4183.121 Safari/537.36"
40.77.190.168 - - [05/Oct/2020:11:02:07 +0000] "GET /js/jquery.viewport.mini.js HTTP/1.1" 200 1203 "http://testdgvff.dgsmsus.com/" "Mozilla/5.0 (Windows NT 10.0; Win64; x64) AppleWebKit/537.36 (KHTML, like Gecko) Chrome/85.0.4183.121 Safari/537.36 Edg/85.0.564.63"
40.77.189.90 - - [05/Oct/2020:11:02:07 +0000] "GET /js/bootstrap.min.js HTTP/1.1" 200 18770 "http://testdgvff.dgsmsus.com/" "Mozilla/5.0 (Windows NT 10.0; Win64; x64) AppleWebKit/537.36 (KHTML, like Gecko) Chrome/85.0.4183.121 Safari/537.36"
40.77.190.168 - - [05/Oct/2020:11:02:07 +0000] "GET /js/jquery.countTo.js HTTP/1.1" 200 949 "http://testdgvff.dgsmsus.com/" "Mozilla/5.0 (Windows NT 10.0; Win64; x64) AppleWebKit/537.36 (KHTML, like Gecko) Chrome/85.0.4183.121 Safari/537.36 Edg/85.0.564.63"
40.77.190.168 - - [05/Oct/2020:11:02:07 +0000] "GET /js/jquery.appear.js HTTP/1.1" 200 2208 "http://testdgvff.dgsmsus.com/" "Mozilla/5.0 (Windows NT 10.0; Win64; x64) AppleWebKit/537.36 (KHTML, like Gecko) Chrome/85.0.4183.121 Safari/537.36 Edg/85.0.564.63"
40.77.190.168 - - [05/Oct/2020:11:02:07 +0000] "GET /js/jquery.sticky.js HTTP/1.1" 200 5822 "http://testdgvff.dgsmsus.com/" "Mozilla/5.0 (Windows NT 10.0; Win64; x64) AppleWebKit/537.36 (KHTML, like Gecko) Chrome/85.0.4183.121 Safari/537.36 Edg/85.0.564.63"
40.77.190.168 - - [05/Oct/2020:11:02:07 +0000] "GET /js/jquery.parallax-1.1.3.js HTTP/1.1" 200 609 "http://testdgvff.dgsmsus.com/" "Mozilla/5.0 (Windows NT 10.0; Win64; x64) AppleWebKit/537.36 (KHTML, like Gecko) Chrome/85.0.4183.121 Safari/537.36 Edg/85.0.564.63"
40.77.189.90 - - [05/Oct/2020:11:02:07 +0000] "GET /js/SmoothScroll.js HTTP/1.1" 200 13797 "http://testdgvff.dgsmsus.com/" "Mozilla/5.0 (Windows NT 10.0; Win64; x64) AppleWebKit/537.36 (KHTML, like Gecko) Chrome/85.0.4183.121 Safari/537.36"
40.77.189.90 - - [05/Oct/2020:11:02:07 +0000] "GET /js/jquery.scrollTo.min.js HTTP/1.1" 200 2434 "http://testdgvff.dgsmsus.com/" "Mozilla/5.0 (Windows NT 10.0; Win64; x64) AppleWebKit/537.36 (KHTML, like Gecko) Chrome/85.0.4183.121 Safari/537.36"
40.77.190.168 - - [05/Oct/2020:11:02:07 +0000] "GET /css/font-awesome.min.css HTTP/1.1" 200 22004 "http://testdgvff.dgsmsus.com/" "Mozilla/5.0 (Windows NT 10.0; Win64; x64) AppleWebKit/537.36 (KHTML, like Gecko) Chrome/85.0.4183.121 Safari/537.36 Edg/85.0.564.63"
40.77.190.168 - - [05/Oct/2020:11:02:07 +0000] "GET /css/et-line.css HTTP/1.1" 200 7071 "http://testdgvff.dgsmsus.com/" "Mozilla/5.0 (Windows NT 10.0; Win64; x64) AppleWebKit/537.36 (KHTML, like Gecko) Chrome/85.0.4183.121 Safari/537.36 Edg/85.0.564.63"
40.77.190.168 - - [05/Oct/2020:11:02:07 +0000] "GET /js/jquery.fitvids.js HTTP/1.1" 200 2781 "http://testdgvff.dgsmsus.com/" "Mozilla/5.0 (Windows NT 10.0; Win64; x64) AppleWebKit/537.36 (KHTML, like Gecko) Chrome/85.0.4183.121 Safari/537.36 Edg/85.0.564.63"
40.77.189.90 - - [05/Oct/2020:11:02:07 +0000] "GET /js/jquery.localScroll.min.js HTTP/1.1" 200 1488 "http://testdgvff.dgsmsus.com/" "Mozilla/5.0 (Windows NT 10.0; Win64; x64) AppleWebKit/537.36 (KHTML, like Gecko) Chrome/85.0.4183.121 Safari/537.36"
40.77.190.168 - - [05/Oct/2020:11:02:07 +0000] "GET /js/imagesloaded.pkgd.min.js HTTP/1.1" 200 6949 "http://testdgvff.dgsmsus.com/" "Mozilla/5.0 (Windows NT 10.0; Win64; x64) AppleWebKit/537.36 (KHTML, like Gecko) Chrome/85.0.4183.121 Safari/537.36 Edg/85.0.564.63"
40.77.190.168 - - [05/Oct/2020:11:02:07 +0000] "GET /js/owl.carousel.min.js HTTP/1.1" 200 24308 "http://testdgvff.dgsmsus.com/" "Mozilla/5.0 (Windows NT 10.0; Win64; x64) AppleWebKit/537.36 (KHTML, like Gecko) Chrome/85.0.4183.121 Safari/537.36 Edg/85.0.564.63"
40.77.190.168 - - [05/Oct/2020:11:02:07 +0000] "GET /js/isotope.pkgd.min.js HTTP/1.1" 200 35624 "http://testdgvff.dgsmsus.com/" "Mozilla/5.0 (Windows NT 10.0; Win64; x64) AppleWebKit/537.36 (KHTML, like Gecko) Chrome/85.0.4183.121 Safari/537.36 Edg/85.0.564.63"
40.77.189.90 - - [05/Oct/2020:11:02:07 +0000] "GET /css/font-awesome.min.css HTTP/1.1" 200 22004 "http://testdgvff.dgsmsus.com/" "Mozilla/5.0 (Windows NT 10.0; Win64; x64) AppleWebKit/537.36 (KHTML, like Gecko) Chrome/85.0.4183.121 Safari/537.36"
40.77.189.90 - - [05/Oct/2020:11:02:07 +0000] "GET /css/et-line.css HTTP/1.1" 200 7071 "http://testdgvff.dgsmsus.com/" "Mozilla/5.0 (Windows NT 10.0; Win64; x64) AppleWebKit/537.36 (KHTML, like Gecko) Chrome/85.0.4183.121 Safari/537.36"
40.77.190.168 - - [05/Oct/2020:11:02:07 +0000] "GET /js/jquery.magnific-popup.min.js HTTP/1.1" 200 20947 "http://testdgvff.dgsmsus.com/" "Mozilla/5.0 (Windows NT 10.0; Win64; x64) AppleWebKit/537.36 (KHTML, like Gecko) Chrome/85.0.4183.121 Safari/537.36 Edg/85.0.564.63"
40.77.190.168 - - [05/Oct/2020:11:02:07 +0000] "GET /js/gmap3.min.js HTTP/1.1" 200 25225 "http://testdgvff.dgsmsus.com/" "Mozilla/5.0 (Windows NT 10.0; Win64; x64) AppleWebKit/537.36 (KHTML, like Gecko) Chrome/85.0.4183.121 Safari/537.36 Edg/85.0.564.63"
40.77.190.168 - - [05/Oct/2020:11:02:07 +0000] "GET /js/masonry.pkgd.min.js HTTP/1.1" 200 26179 "http://testdgvff.dgsmsus.com/" "Mozilla/5.0 (Windows NT 10.0; Win64; x64) AppleWebKit/537.36 (KHTML, like Gecko) Chrome/85.0.4183.121 Safari/537.36 Edg/85.0.564.63"
40.77.189.90 - - [05/Oct/2020:11:02:07 +0000] "GET /js/jquery.viewport.mini.js HTTP/1.1" 200 1203 "http://testdgvff.dgsmsus.com/" "Mozilla/5.0 (Windows NT 10.0; Win64; x64) AppleWebKit/537.36 (KHTML, like Gecko) Chrome/85.0.4183.121 Safari/537.36"
40.77.190.168 - - [05/Oct/2020:11:02:07 +0000] "GET /js/wow.min.js HTTP/1.1" 200 7082 "http://testdgvff.dgsmsus.com/" "Mozilla/5.0 (Windows NT 10.0; Win64; x64) AppleWebKit/537.36 (KHTML, like Gecko) Chrome/85.0.4183.121 Safari/537.36 Edg/85.0.564.63"
40.77.190.168 - - [05/Oct/2020:11:02:07 +0000] "GET /js/jquery.simple-text-rotator.min.js HTTP/1.1" 200 3554 "http://testdgvff.dgsmsus.com/" "Mozilla/5.0 (Windows NT 10.0; Win64; x64) AppleWebKit/537.36 (KHTML, like Gecko) Chrome/85.0.4183.121 Safari/537.36 Edg/85.0.564.63"
40.77.189.90 - - [05/Oct/2020:11:02:07 +0000] "GET /js/jquery.countTo.js HTTP/1.1" 200 949 "http://testdgvff.dgsmsus.com/" "Mozilla/5.0 (Windows NT 10.0; Win64; x64) AppleWebKit/537.36 (KHTML, like Gecko) Chrome/85.0.4183.121 Safari/537.36"
40.77.189.90 - - [05/Oct/2020:11:02:07 +0000] "GET /js/jquery.appear.js HTTP/1.1" 200 2208 "http://testdgvff.dgsmsus.com/" "Mozilla/5.0 (Windows NT 10.0; Win64; x64) AppleWebKit/537.36 (KHTML, like Gecko) Chrome/85.0.4183.121 Safari/537.36"
40.77.190.168 - - [05/Oct/2020:11:02:07 +0000] "GET /js/all.js HTTP/1.1" 200 23952 "http://testdgvff.dgsmsus.com/" "Mozilla/5.0 (Windows NT 10.0; Win64; x64) AppleWebKit/537.36 (KHTML, like Gecko) Chrome/85.0.4183.121 Safari/537.36 Edg/85.0.564.63"
40.77.190.168 - - [05/Oct/2020:11:02:07 +0000] "GET /js/contact-form.js HTTP/1.1" 200 2446 "http://testdgvff.dgsmsus.com/" "Mozilla/5.0 (Windows NT 10.0; Win64; x64) AppleWebKit/537.36 (KHTML, like Gecko) Chrome/85.0.4183.121 Safari/537.36 Edg/85.0.564.63"
40.77.189.90 - - [05/Oct/2020:11:02:07 +0000] "GET /js/jquery.sticky.js HTTP/1.1" 200 5822 "http://testdgvff.dgsmsus.com/" "Mozilla/5.0 (Windows NT 10.0; Win64; x64) AppleWebKit/537.36 (KHTML, like Gecko) Chrome/85.0.4183.121 Safari/537.36"
40.77.189.90 - - [05/Oct/2020:11:02:07 +0000] "GET /js/jquery.parallax-1.1.3.js HTTP/1.1" 200 609 "http://testdgvff.dgsmsus.com/" "Mozilla/5.0 (Windows NT 10.0; Win64; x64) AppleWebKit/537.36 (KHTML, like Gecko) Chrome/85.0.4183.121 Safari/537.36"
40.77.189.90 - - [05/Oct/2020:11:02:07 +0000] "GET /js/jquery.fitvids.js HTTP/1.1" 200 2781 "http://testdgvff.dgsmsus.com/" "Mozilla/5.0 (Windows NT 10.0; Win64; x64) AppleWebKit/537.36 (KHTML, like Gecko) Chrome/85.0.4183.121 Safari/537.36"
40.77.189.90 - - [05/Oct/2020:11:02:07 +0000] "GET /js/owl.carousel.min.js HTTP/1.1" 200 24308 "http://testdgvff.dgsmsus.com/" "Mozilla/5.0 (Windows NT 10.0; Win64; x64) AppleWebKit/537.36 (KHTML, like Gecko) Chrome/85.0.4183.121 Safari/537.36"
40.77.189.90 - - [05/Oct/2020:11:02:07 +0000] "GET /js/isotope.pkgd.min.js HTTP/1.1" 200 35624 "http://testdgvff.dgsmsus.com/" "Mozilla/5.0 (Windows NT 10.0; Win64; x64) AppleWebKit/537.36 (KHTML, like Gecko) Chrome/85.0.4183.121 Safari/537.36"
40.77.189.90 - - [05/Oct/2020:11:02:07 +0000] "GET /js/imagesloaded.pkgd.min.js HTTP/1.1" 200 6949 "http://testdgvff.dgsmsus.com/" "Mozilla/5.0 (Windows NT 10.0; Win64; x64) AppleWebKit/537.36 (KHTML, like Gecko) Chrome/85.0.4183.121 Safari/537.36"
40.77.189.90 - - [05/Oct/2020:11:02:07 +0000] "GET /js/jquery.magnific-popup.min.js HTTP/1.1" 200 20947 "http://testdgvff.dgsmsus.com/" "Mozilla/5.0 (Windows NT 10.0; Win64; x64) AppleWebKit/537.36 (KHTML, like Gecko) Chrome/85.0.4183.121 Safari/537.36"
40.77.189.90 - - [05/Oct/2020:11:02:07 +0000] "GET /js/gmap3.min.js HTTP/1.1" 200 25225 "http://testdgvff.dgsmsus.com/" "Mozilla/5.0 (Windows NT 10.0; Win64; x64) AppleWebKit/537.36 (KHTML, like Gecko) Chrome/85.0.4183.121 Safari/537.36"
40.77.189.90 - - [05/Oct/2020:11:02:07 +0000] "GET /js/wow.min.js HTTP/1.1" 200 7082 "http://testdgvff.dgsmsus.com/" "Mozilla/5.0 (Windows NT 10.0; Win64; x64) AppleWebKit/537.36 (KHTML, like Gecko) Chrome/85.0.4183.121 Safari/537.36"
40.77.190.168 - - [05/Oct/2020:11:02:07 +0000] "GET /fonts/fontawesome-webfont78ce.woff?v=4.2.0 HTTP/1.1" 200 65452 "http://testdgvff.dgsmsus.com/css/font-awesome.min.css" "Mozilla/5.0 (Windows NT 10.0; Win64; x64) AppleWebKit/537.36 (KHTML, like Gecko) Chrome/85.0.4183.121 Safari/537.36 Edg/85.0.564.63"
40.77.189.90 - - [05/Oct/2020:11:02:07 +0000] "GET /js/masonry.pkgd.min.js HTTP/1.1" 200 26179 "http://testdgvff.dgsmsus.com/" "Mozilla/5.0 (Windows NT 10.0; Win64; x64) AppleWebKit/537.36 (KHTML, like Gecko) Chrome/85.0.4183.121 Safari/537.36"
40.77.189.90 - - [05/Oct/2020:11:02:07 +0000] "GET /js/jquery.simple-text-rotator.min.js HTTP/1.1" 200 3554 "http://testdgvff.dgsmsus.com/" "Mozilla/5.0 (Windows NT 10.0; Win64; x64) AppleWebKit/537.36 (KHTML, like Gecko) Chrome/85.0.4183.121 Safari/537.36"
40.77.189.90 - - [05/Oct/2020:11:02:07 +0000] "GET /js/all.js HTTP/1.1" 200 23952 "http://testdgvff.dgsmsus.com/" "Mozilla/5.0 (Windows NT 10.0; Win64; x64) AppleWebKit/537.36 (KHTML, like Gecko) Chrome/85.0.4183.121 Safari/537.36"
40.77.189.90 - - [05/Oct/2020:11:02:07 +0000] "GET /js/contact-form.js HTTP/1.1" 200 2446 "http://testdgvff.dgsmsus.com/" "Mozilla/5.0 (Windows NT 10.0; Win64; x64) AppleWebKit/537.36 (KHTML, like Gecko) Chrome/85.0.4183.121 Safari/537.36"
40.77.189.90 - - [05/Oct/2020:11:02:08 +0000] "GET /css/animate.min.css HTTP/1.1" 200 53326 "http://testdgvff.dgsmsus.com/" "Mozilla/5.0 (Windows NT 10.0; Win64; x64) AppleWebKit/537.36 (KHTML, like Gecko) Chrome/85.0.4183.121 Safari/537.36"
40.77.189.90 - - [05/Oct/2020:11:02:09 +0000] "GET /css/vertical-rhythm.min.css HTTP/1.1" 200 10623 "http://testdgvff.dgsmsus.com/" "Mozilla/5.0 (Windows NT 10.0; Win64; x64) AppleWebKit/537.36 (KHTML, like Gecko) Chrome/85.0.4183.121 Safari/537.36"
40.77.189.90 - - [05/Oct/2020:11:02:09 +0000] "GET /css/owl.carousel.css HTTP/1.1" 200 5968 "http://testdgvff.dgsmsus.com/" "Mozilla/5.0 (Windows NT 10.0; Win64; x64) AppleWebKit/537.36 (KHTML, like Gecko) Chrome/85.0.4183.121 Safari/537.36"
40.77.189.90 - - [05/Oct/2020:11:02:09 +0000] "GET /fonts/fontawesome-webfont78ce.woff?v=4.2.0 HTTP/1.1" 200 65452 "http://testdgvff.dgsmsus.com/css/font-awesome.min.css" "Mozilla/5.0 (Windows NT 10.0; Win64; x64) AppleWebKit/537.36 (KHTML, like Gecko) Chrome/85.0.4183.121 Safari/537.36"
114.119.152.77 - - [05/Oct/2020:11:47:35 +0000] "GET / HTTP/1.1" 200 21847 "-" "Mozilla/5.0 (Linux; Android 7.0;) AppleWebKit/537.36 (KHTML, like Gecko) Mobile Safari/537.36 (compatible; PetalBot;+https://aspiegel.com/petalbot)"
114.119.152.77 - - [05/Oct/2020:13:11:53 +0000] "GET /about-us.php HTTP/1.1" 200 17633 "-" "Mozilla/5.0 (Linux; Android 7.0;) AppleWebKit/537.36 (KHTML, like Gecko) Mobile Safari/537.36 (compatible; PetalBot;+https://aspiegel.com/petalbot)"
40.121.45.150 - - [05/Oct/2020:14:05:29 +0000] "GET /.env HTTP/1.1" 404 202 "-" "Mozilla/5.0 (X11; Linux x86_64) AppleWebKit/537.36 (KHTML, like Gecko) Chrome/81.0.4044.129 Safari/537.36"
40.121.45.150 - - [05/Oct/2020:14:05:31 +0000] "POST / HTTP/1.1" 200 21847 "-" "Mozilla/5.0 (X11; Linux x86_64) AppleWebKit/537.36 (KHTML, like Gecko) Chrome/81.0.4044.129 Safari/537.36"
40.121.45.150 - - [05/Oct/2020:14:05:48 +0000] "GET /.env HTTP/1.1" 404 202 "-" "Mozilla/5.0 (X11; Linux x86_64) AppleWebKit/537.36 (KHTML, like Gecko) Chrome/81.0.4044.129 Safari/537.36"
40.121.45.150 - - [05/Oct/2020:14:05:48 +0000] "POST / HTTP/1.1" 200 21847 "-" "Mozilla/5.0 (X11; Linux x86_64) AppleWebKit/537.36 (KHTML, like Gecko) Chrome/81.0.4044.129 Safari/537.36"
40.121.45.150 - - [05/Oct/2020:14:06:11 +0000] "GET /.env HTTP/1.1" 404 202 "-" "Mozilla/5.0 (X11; Linux x86_64) AppleWebKit/537.36 (KHTML, like Gecko) Chrome/81.0.4044.129 Safari/537.36"
40.121.45.150 - - [05/Oct/2020:14:06:13 +0000] "POST / HTTP/1.1" 200 21847 "-" "Mozilla/5.0 (X11; Linux x86_64) AppleWebKit/537.36 (KHTML, like Gecko) Chrome/81.0.4044.129 Safari/537.36"
40.121.45.150 - - [05/Oct/2020:14:06:38 +0000] "GET /.env HTTP/1.1" 404 202 "-" "Mozilla/5.0 (X11; Linux x86_64) AppleWebKit/537.36 (KHTML, like Gecko) Chrome/81.0.4044.129 Safari/537.36"
40.121.45.150 - - [05/Oct/2020:14:06:39 +0000] "POST / HTTP/1.1" 200 21847 "-" "Mozilla/5.0 (X11; Linux x86_64) AppleWebKit/537.36 (KHTML, like Gecko) Chrome/81.0.4044.129 Safari/537.36"
114.119.139.123 - - [05/Oct/2020:14:34:06 +0000] "GET /robots.txt HTTP/1.1" 404 208 "-" "(compatible;PetalBot;+https://aspiegel.com/petalbot)"
114.119.145.19 - - [05/Oct/2020:17:11:45 +0000] "GET /french/about-us.php HTTP/1.1" 200 17218 "-" "Mozilla/5.0 (Linux; Android 7.0;) AppleWebKit/537.36 (KHTML, like Gecko) Mobile Safari/537.36 (compatible; PetalBot;+https://aspiegel.com/petalbot)"
114.119.152.77 - - [05/Oct/2020:17:43:13 +0000] "GET /privacy-policy.php HTTP/1.1" 200 20750 "-" "Mozilla/5.0 (Linux; Android 7.0;) AppleWebKit/537.36 (KHTML, like Gecko) Mobile Safari/537.36 (compatible; PetalBot;+https://aspiegel.com/petalbot)"
114.119.130.99 - - [05/Oct/2020:17:49:20 +0000] "GET /french/system-requirements.php HTTP/1.1" 200 14722 "-" "Mozilla/5.0 (Linux; Android 7.0;) AppleWebKit/537.36 (KHTML, like Gecko) Mobile Safari/537.36 (compatible; PetalBot;+https://aspiegel.com/petalbot)"
34.223.82.66 - - [05/Oct/2020:19:09:29 +0000] "GET / HTTP/1.1" 200 21847 "-" "Mozilla/5.0 (Windows NT 10.0; Win64; x64; rv:57.0) Gecko/20100101 Firefox/57.0"
34.223.82.66 - - [05/Oct/2020:19:09:30 +0000] "GET /css/animate.min.css HTTP/1.1" 200 53326 "http://testdgvff.dgsmsus.com/" "Mozilla/5.0 (Windows NT 10.0; Win64; x64; rv:57.0) Gecko/20100101 Firefox/57.0"
34.223.82.66 - - [05/Oct/2020:19:09:30 +0000] "GET /css/style-responsive.css HTTP/1.1" 200 13844 "http://testdgvff.dgsmsus.com/" "Mozilla/5.0 (Windows NT 10.0; Win64; x64; rv:57.0) Gecko/20100101 Firefox/57.0"
34.223.82.66 - - [05/Oct/2020:19:09:30 +0000] "GET /css/vertical-rhythm.min.css HTTP/1.1" 200 10623 "http://testdgvff.dgsmsus.com/" "Mozilla/5.0 (Windows NT 10.0; Win64; x64; rv:57.0) Gecko/20100101 Firefox/57.0"
34.223.82.66 - - [05/Oct/2020:19:09:30 +0000] "GET /css/owl.carousel.css HTTP/1.1" 200 5968 "http://testdgvff.dgsmsus.com/" "Mozilla/5.0 (Windows NT 10.0; Win64; x64; rv:57.0) Gecko/20100101 Firefox/57.0"
34.223.82.66 - - [05/Oct/2020:19:09:30 +0000] "GET /css/bootstrap.min.css HTTP/1.1" 200 117152 "http://testdgvff.dgsmsus.com/" "Mozilla/5.0 (Windows NT 10.0; Win64; x64; rv:57.0) Gecko/20100101 Firefox/57.0"
34.223.82.66 - - [05/Oct/2020:19:09:30 +0000] "GET /css/style.css HTTP/1.1" 200 127753 "http://testdgvff.dgsmsus.com/" "Mozilla/5.0 (Windows NT 10.0; Win64; x64; rv:57.0) Gecko/20100101 Firefox/57.0"
34.223.82.66 - - [05/Oct/2020:19:09:30 +0000] "GET /css/magnific-popup.css HTTP/1.1" 200 8471 "http://testdgvff.dgsmsus.com/" "Mozilla/5.0 (Windows NT 10.0; Win64; x64; rv:57.0) Gecko/20100101 Firefox/57.0"
34.223.82.66 - - [05/Oct/2020:19:09:30 +0000] "GET /js/jquery-1.11.1.min.js HTTP/1.1" 200 95786 "http://testdgvff.dgsmsus.com/" "Mozilla/5.0 (Windows NT 10.0; Win64; x64; rv:57.0) Gecko/20100101 Firefox/57.0"
34.223.82.66 - - [05/Oct/2020:19:09:30 +0000] "GET /js/jquery.easing.1.3.js HTTP/1.1" 200 3436 "http://testdgvff.dgsmsus.com/" "Mozilla/5.0 (Windows NT 10.0; Win64; x64; rv:57.0) Gecko/20100101 Firefox/57.0"
34.223.82.66 - - [05/Oct/2020:19:09:30 +0000] "GET /js/bootstrap.min.js HTTP/1.1" 200 18770 "http://testdgvff.dgsmsus.com/" "Mozilla/5.0 (Windows NT 10.0; Win64; x64; rv:57.0) Gecko/20100101 Firefox/57.0"
34.223.82.66 - - [05/Oct/2020:19:09:30 +0000] "GET /js/SmoothScroll.js HTTP/1.1" 200 13797 "http://testdgvff.dgsmsus.com/" "Mozilla/5.0 (Windows NT 10.0; Win64; x64; rv:57.0) Gecko/20100101 Firefox/57.0"
34.223.82.66 - - [05/Oct/2020:19:09:30 +0000] "GET /js/jquery.scrollTo.min.js HTTP/1.1" 200 2434 "http://testdgvff.dgsmsus.com/" "Mozilla/5.0 (Windows NT 10.0; Win64; x64; rv:57.0) Gecko/20100101 Firefox/57.0"
34.223.82.66 - - [05/Oct/2020:19:09:30 +0000] "GET /js/jquery.localScroll.min.js HTTP/1.1" 200 1488 "http://testdgvff.dgsmsus.com/" "Mozilla/5.0 (Windows NT 10.0; Win64; x64; rv:57.0) Gecko/20100101 Firefox/57.0"
34.223.82.66 - - [05/Oct/2020:19:09:30 +0000] "GET /js/jquery.countTo.js HTTP/1.1" 200 949 "http://testdgvff.dgsmsus.com/" "Mozilla/5.0 (Windows NT 10.0; Win64; x64; rv:57.0) Gecko/20100101 Firefox/57.0"
34.223.82.66 - - [05/Oct/2020:19:09:30 +0000] "GET /js/jquery.viewport.mini.js HTTP/1.1" 200 1203 "http://testdgvff.dgsmsus.com/" "Mozilla/5.0 (Windows NT 10.0; Win64; x64; rv:57.0) Gecko/20100101 Firefox/57.0"
34.223.82.66 - - [05/Oct/2020:19:09:30 +0000] "GET /css/et-line.css HTTP/1.1" 200 7071 "http://testdgvff.dgsmsus.com/" "Mozilla/5.0 (Windows NT 10.0; Win64; x64; rv:57.0) Gecko/20100101 Firefox/57.0"
34.223.82.66 - - [05/Oct/2020:19:09:30 +0000] "GET /js/jquery.sticky.js HTTP/1.1" 200 5822 "http://testdgvff.dgsmsus.com/" "Mozilla/5.0 (Windows NT 10.0; Win64; x64; rv:57.0) Gecko/20100101 Firefox/57.0"
34.223.82.66 - - [05/Oct/2020:19:09:30 +0000] "GET /js/jquery.appear.js HTTP/1.1" 200 2208 "http://testdgvff.dgsmsus.com/" "Mozilla/5.0 (Windows NT 10.0; Win64; x64; rv:57.0) Gecko/20100101 Firefox/57.0"
34.223.82.66 - - [05/Oct/2020:19:09:30 +0000] "GET /css/font-awesome.min.css HTTP/1.1" 200 22004 "http://testdgvff.dgsmsus.com/" "Mozilla/5.0 (Windows NT 10.0; Win64; x64; rv:57.0) Gecko/20100101 Firefox/57.0"
34.223.82.66 - - [05/Oct/2020:19:09:30 +0000] "GET /js/jquery.parallax-1.1.3.js HTTP/1.1" 200 609 "http://testdgvff.dgsmsus.com/" "Mozilla/5.0 (Windows NT 10.0; Win64; x64; rv:57.0) Gecko/20100101 Firefox/57.0"
34.223.82.66 - - [05/Oct/2020:19:09:30 +0000] "GET /js/jquery.fitvids.js HTTP/1.1" 200 2781 "http://testdgvff.dgsmsus.com/" "Mozilla/5.0 (Windows NT 10.0; Win64; x64; rv:57.0) Gecko/20100101 Firefox/57.0"
34.223.82.66 - - [05/Oct/2020:19:09:30 +0000] "GET /js/owl.carousel.min.js HTTP/1.1" 200 24308 "http://testdgvff.dgsmsus.com/" "Mozilla/5.0 (Windows NT 10.0; Win64; x64; rv:57.0) Gecko/20100101 Firefox/57.0"
34.223.82.66 - - [05/Oct/2020:19:09:30 +0000] "GET /js/imagesloaded.pkgd.min.js HTTP/1.1" 200 6949 "http://testdgvff.dgsmsus.com/" "Mozilla/5.0 (Windows NT 10.0; Win64; x64; rv:57.0) Gecko/20100101 Firefox/57.0"
